Archive member included to satisfy reference by file (symbol)

d:/atmel/atmel studio 7.1/7.0/toolchain/avr8/avr8-gnu-toolchain/bin/../lib/gcc/avr/5.4.0/avr5\libgcc.a(_mulsi3.o)
                              RecieveCommands.o (__mulsi3)
d:/atmel/atmel studio 7.1/7.0/toolchain/avr8/avr8-gnu-toolchain/bin/../lib/gcc/avr/5.4.0/avr5\libgcc.a(_divmodsi4.o)
                              MPU6050.o (__divmodsi4)
d:/atmel/atmel studio 7.1/7.0/toolchain/avr8/avr8-gnu-toolchain/bin/../lib/gcc/avr/5.4.0/avr5\libgcc.a(_negsi2.o)
                              d:/atmel/atmel studio 7.1/7.0/toolchain/avr8/avr8-gnu-toolchain/bin/../lib/gcc/avr/5.4.0/avr5\libgcc.a(_divmodsi4.o) (__negsi2)
d:/atmel/atmel studio 7.1/7.0/toolchain/avr8/avr8-gnu-toolchain/bin/../lib/gcc/avr/5.4.0/avr5\libgcc.a(_exit.o)
                              D:/Atmel/Atmel Studio 7.1/7.0/Packs/atmel/ATmega_DFP/1.2.150/gcc/dev/atmega328pb/avr5/crtatmega328pb.o (exit)
d:/atmel/atmel studio 7.1/7.0/toolchain/avr8/avr8-gnu-toolchain/bin/../lib/gcc/avr/5.4.0/avr5\libgcc.a(_tablejump2.o)
                              twi_buf_pos.o (__tablejump2__)
d:/atmel/atmel studio 7.1/7.0/toolchain/avr8/avr8-gnu-toolchain/bin/../lib/gcc/avr/5.4.0/avr5\libgcc.a(_copy_data.o)
                              main.o (__do_copy_data)
d:/atmel/atmel studio 7.1/7.0/toolchain/avr8/avr8-gnu-toolchain/bin/../lib/gcc/avr/5.4.0/avr5\libgcc.a(_clear_bss.o)
                              Common.o (__do_clear_bss)
d:/atmel/atmel studio 7.1/7.0/toolchain/avr8/avr8-gnu-toolchain/bin/../lib/gcc/avr/5.4.0/avr5\libgcc.a(_umulhisi3.o)
                              MPU6050.o (__umulhisi3)
d:/atmel/atmel studio 7.1/7.0/toolchain/avr8/avr8-gnu-toolchain/bin/../lib/gcc/avr/5.4.0/avr5\libgcc.a(_muluhisi3.o)
                              d:/atmel/atmel studio 7.1/7.0/toolchain/avr8/avr8-gnu-toolchain/bin/../lib/gcc/avr/5.4.0/avr5\libgcc.a(_mulsi3.o) (__muluhisi3)
d:/atmel/atmel studio 7.1/7.0/toolchain/avr8/avr8-gnu-toolchain/bin/../lib/gcc/avr/5.4.0/avr5\libgcc.a(_mulshisi3.o)
                              RecieveCommands.o (__mulshisi3)
d:/atmel/atmel studio 7.1/7.0/toolchain/avr8/avr8-gnu-toolchain/bin/../lib/gcc/avr/5.4.0/avr5\libgcc.a(_udivmodsi4.o)
                              d:/atmel/atmel studio 7.1/7.0/toolchain/avr8/avr8-gnu-toolchain/bin/../lib/gcc/avr/5.4.0/avr5\libgcc.a(_divmodsi4.o) (__udivmodsi4)
d:/atmel/atmel studio 7.1/7.0/toolchain/avr8/avr8-gnu-toolchain/bin/../lib/gcc/avr/5.4.0/../../../../avr/lib/avr5\libc.a(strlen_P.o)
                              RecieveCommands.o (__strlen_P)
d:/atmel/atmel studio 7.1/7.0/toolchain/avr8/avr8-gnu-toolchain/bin/../lib/gcc/avr/5.4.0/../../../../avr/lib/avr5\libc.a(strncasecmp_P.o)
                              RecieveCommands.o (strncasecmp_P)
d:/atmel/atmel studio 7.1/7.0/toolchain/avr8/avr8-gnu-toolchain/bin/../lib/gcc/avr/5.4.0/../../../../avr/lib/avr5\libc.a(strtok_r.o)
                              RecieveCommands.o (strtok_r)

Allocating common symbols
Common symbol       size              file

X_gyro_buff         0xc               Common.o
Y_gyro_buff         0xc               Common.o
Z_acc_buff          0xc               Common.o
X_acc_buff          0xc               Common.o
acc_offset          0x6               Common.o
twi_reset_counter   0x1               twi_buf_pos.o
RxBuffor            0x20              Uart.o
twi_command         0x2               twi_buf_pos.o
gyro_offset         0x6               Common.o
twi_buf_pos         0x1               twi_buf_pos.o
Y_acc_buff          0xc               Common.o
TxBuffor            0x80              Uart.o
twi_bufor           0xa0              twi_buf_pos.o
Z_gyro_buff         0xc               Common.o

Discarded input sections

 .data          0x00000000        0x0 D:/Atmel/Atmel Studio 7.1/7.0/Packs/atmel/ATmega_DFP/1.2.150/gcc/dev/atmega328pb/avr5/crtatmega328pb.o
 .bss           0x00000000        0x0 D:/Atmel/Atmel Studio 7.1/7.0/Packs/atmel/ATmega_DFP/1.2.150/gcc/dev/atmega328pb/avr5/crtatmega328pb.o
 .text          0x00000000        0x0 Common.o
 .data          0x00000000        0x0 Common.o
 .bss           0x00000000        0x0 Common.o
 .bss.counter_testing
                0x00000000        0x1 Common.o
 .text          0x00000000        0x0 i2c_twi.o
 .data          0x00000000        0x0 i2c_twi.o
 .bss           0x00000000        0x0 i2c_twi.o
 .text.I2C_write_buf
                0x00000000       0x5a i2c_twi.o
 .text.I2C_read_byte
                0x00000000       0x3a i2c_twi.o
 .text          0x00000000        0x0 main.o
 .data          0x00000000        0x0 main.o
 .bss           0x00000000        0x0 main.o
 .text          0x00000000        0x0 MPU6050.o
 .data          0x00000000        0x0 MPU6050.o
 .bss           0x00000000        0x0 MPU6050.o
 .text          0x00000000        0x0 RecieveCommands.o
 .data          0x00000000        0x0 RecieveCommands.o
 .bss           0x00000000        0x0 RecieveCommands.o
 .text          0x00000000        0x0 twi_buf_pos.o
 .data          0x00000000        0x0 twi_buf_pos.o
 .bss           0x00000000        0x0 twi_buf_pos.o
 .text.InitTWI  0x00000000        0xc twi_buf_pos.o
 .rodata.str1.1
                0x00000000        0x2 twi_buf_pos.o
 .text.EventTWI
                0x00000000       0x9e twi_buf_pos.o
 .text.TWI_Timeout
                0x00000000       0x24 twi_buf_pos.o
 .text.TWI_write_bufor
                0x00000000       0x7c twi_buf_pos.o
 .text.TWI_read_bufor
                0x00000000       0x4a twi_buf_pos.o
 .text.TWI_write_byte
                0x00000000       0x3c twi_buf_pos.o
 .text.TWI_read_byte
                0x00000000       0x40 twi_buf_pos.o
 .text.TWI_get_buf
                0x00000000       0x20 twi_buf_pos.o
 .text.TWI_start
                0x00000000        0x8 twi_buf_pos.o
 .text.TWI_stop
                0x00000000        0x8 twi_buf_pos.o
 .text.TWI_write
                0x00000000        0xc twi_buf_pos.o
 .text.TWI_read
                0x00000000       0x10 twi_buf_pos.o
 .text          0x00000000        0x0 Uart.o
 .data          0x00000000        0x0 Uart.o
 .bss           0x00000000        0x0 Uart.o
 .text.SendChar
                0x00000000        0x6 Uart.o
 .text.SendUint
                0x00000000      0x15e Uart.o
 .text.SendStringUint
                0x00000000       0x1a Uart.o
 .text          0x00000000        0x0 Uart_HW.o
 .data          0x00000000        0x0 Uart_HW.o
 .bss           0x00000000        0x0 Uart_HW.o
 .text.InitUartCOM_asSbus_HW
                0x00000000       0x1e Uart_HW.o
 .text          0x00000000        0x0 d:/atmel/atmel studio 7.1/7.0/toolchain/avr8/avr8-gnu-toolchain/bin/../lib/gcc/avr/5.4.0/avr5\libgcc.a(_mulsi3.o)
 .data          0x00000000        0x0 d:/atmel/atmel studio 7.1/7.0/toolchain/avr8/avr8-gnu-toolchain/bin/../lib/gcc/avr/5.4.0/avr5\libgcc.a(_mulsi3.o)
 .bss           0x00000000        0x0 d:/atmel/atmel studio 7.1/7.0/toolchain/avr8/avr8-gnu-toolchain/bin/../lib/gcc/avr/5.4.0/avr5\libgcc.a(_mulsi3.o)
 .text.libgcc.div
                0x00000000        0x0 d:/atmel/atmel studio 7.1/7.0/toolchain/avr8/avr8-gnu-toolchain/bin/../lib/gcc/avr/5.4.0/avr5\libgcc.a(_mulsi3.o)
 .text.libgcc   0x00000000        0x0 d:/atmel/atmel studio 7.1/7.0/toolchain/avr8/avr8-gnu-toolchain/bin/../lib/gcc/avr/5.4.0/avr5\libgcc.a(_mulsi3.o)
 .text.libgcc.prologue
                0x00000000        0x0 d:/atmel/atmel studio 7.1/7.0/toolchain/avr8/avr8-gnu-toolchain/bin/../lib/gcc/avr/5.4.0/avr5\libgcc.a(_mulsi3.o)
 .text.libgcc.builtins
                0x00000000        0x0 d:/atmel/atmel studio 7.1/7.0/toolchain/avr8/avr8-gnu-toolchain/bin/../lib/gcc/avr/5.4.0/avr5\libgcc.a(_mulsi3.o)
 .text.libgcc.fmul
                0x00000000        0x0 d:/atmel/atmel studio 7.1/7.0/toolchain/avr8/avr8-gnu-toolchain/bin/../lib/gcc/avr/5.4.0/avr5\libgcc.a(_mulsi3.o)
 .text.libgcc.fixed
                0x00000000        0x0 d:/atmel/atmel studio 7.1/7.0/toolchain/avr8/avr8-gnu-toolchain/bin/../lib/gcc/avr/5.4.0/avr5\libgcc.a(_mulsi3.o)
 .text          0x00000000        0x0 d:/atmel/atmel studio 7.1/7.0/toolchain/avr8/avr8-gnu-toolchain/bin/../lib/gcc/avr/5.4.0/avr5\libgcc.a(_divmodsi4.o)
 .data          0x00000000        0x0 d:/atmel/atmel studio 7.1/7.0/toolchain/avr8/avr8-gnu-toolchain/bin/../lib/gcc/avr/5.4.0/avr5\libgcc.a(_divmodsi4.o)
 .bss           0x00000000        0x0 d:/atmel/atmel studio 7.1/7.0/toolchain/avr8/avr8-gnu-toolchain/bin/../lib/gcc/avr/5.4.0/avr5\libgcc.a(_divmodsi4.o)
 .text.libgcc.mul
                0x00000000        0x0 d:/atmel/atmel studio 7.1/7.0/toolchain/avr8/avr8-gnu-toolchain/bin/../lib/gcc/avr/5.4.0/avr5\libgcc.a(_divmodsi4.o)
 .text.libgcc   0x00000000        0x0 d:/atmel/atmel studio 7.1/7.0/toolchain/avr8/avr8-gnu-toolchain/bin/../lib/gcc/avr/5.4.0/avr5\libgcc.a(_divmodsi4.o)
 .text.libgcc.prologue
                0x00000000        0x0 d:/atmel/atmel studio 7.1/7.0/toolchain/avr8/avr8-gnu-toolchain/bin/../lib/gcc/avr/5.4.0/avr5\libgcc.a(_divmodsi4.o)
 .text.libgcc.builtins
                0x00000000        0x0 d:/atmel/atmel studio 7.1/7.0/toolchain/avr8/avr8-gnu-toolchain/bin/../lib/gcc/avr/5.4.0/avr5\libgcc.a(_divmodsi4.o)
 .text.libgcc.fmul
                0x00000000        0x0 d:/atmel/atmel studio 7.1/7.0/toolchain/avr8/avr8-gnu-toolchain/bin/../lib/gcc/avr/5.4.0/avr5\libgcc.a(_divmodsi4.o)
 .text.libgcc.fixed
                0x00000000        0x0 d:/atmel/atmel studio 7.1/7.0/toolchain/avr8/avr8-gnu-toolchain/bin/../lib/gcc/avr/5.4.0/avr5\libgcc.a(_divmodsi4.o)
 .text          0x00000000        0x0 d:/atmel/atmel studio 7.1/7.0/toolchain/avr8/avr8-gnu-toolchain/bin/../lib/gcc/avr/5.4.0/avr5\libgcc.a(_negsi2.o)
 .data          0x00000000        0x0 d:/atmel/atmel studio 7.1/7.0/toolchain/avr8/avr8-gnu-toolchain/bin/../lib/gcc/avr/5.4.0/avr5\libgcc.a(_negsi2.o)
 .bss           0x00000000        0x0 d:/atmel/atmel studio 7.1/7.0/toolchain/avr8/avr8-gnu-toolchain/bin/../lib/gcc/avr/5.4.0/avr5\libgcc.a(_negsi2.o)
 .text.libgcc.mul
                0x00000000        0x0 d:/atmel/atmel studio 7.1/7.0/toolchain/avr8/avr8-gnu-toolchain/bin/../lib/gcc/avr/5.4.0/avr5\libgcc.a(_negsi2.o)
 .text.libgcc   0x00000000        0x0 d:/atmel/atmel studio 7.1/7.0/toolchain/avr8/avr8-gnu-toolchain/bin/../lib/gcc/avr/5.4.0/avr5\libgcc.a(_negsi2.o)
 .text.libgcc.prologue
                0x00000000        0x0 d:/atmel/atmel studio 7.1/7.0/toolchain/avr8/avr8-gnu-toolchain/bin/../lib/gcc/avr/5.4.0/avr5\libgcc.a(_negsi2.o)
 .text.libgcc.builtins
                0x00000000        0x0 d:/atmel/atmel studio 7.1/7.0/toolchain/avr8/avr8-gnu-toolchain/bin/../lib/gcc/avr/5.4.0/avr5\libgcc.a(_negsi2.o)
 .text.libgcc.fmul
                0x00000000        0x0 d:/atmel/atmel studio 7.1/7.0/toolchain/avr8/avr8-gnu-toolchain/bin/../lib/gcc/avr/5.4.0/avr5\libgcc.a(_negsi2.o)
 .text.libgcc.fixed
                0x00000000        0x0 d:/atmel/atmel studio 7.1/7.0/toolchain/avr8/avr8-gnu-toolchain/bin/../lib/gcc/avr/5.4.0/avr5\libgcc.a(_negsi2.o)
 .text          0x00000000        0x0 d:/atmel/atmel studio 7.1/7.0/toolchain/avr8/avr8-gnu-toolchain/bin/../lib/gcc/avr/5.4.0/avr5\libgcc.a(_exit.o)
 .data          0x00000000        0x0 d:/atmel/atmel studio 7.1/7.0/toolchain/avr8/avr8-gnu-toolchain/bin/../lib/gcc/avr/5.4.0/avr5\libgcc.a(_exit.o)
 .bss           0x00000000        0x0 d:/atmel/atmel studio 7.1/7.0/toolchain/avr8/avr8-gnu-toolchain/bin/../lib/gcc/avr/5.4.0/avr5\libgcc.a(_exit.o)
 .text.libgcc.mul
                0x00000000        0x0 d:/atmel/atmel studio 7.1/7.0/toolchain/avr8/avr8-gnu-toolchain/bin/../lib/gcc/avr/5.4.0/avr5\libgcc.a(_exit.o)
 .text.libgcc.div
                0x00000000        0x0 d:/atmel/atmel studio 7.1/7.0/toolchain/avr8/avr8-gnu-toolchain/bin/../lib/gcc/avr/5.4.0/avr5\libgcc.a(_exit.o)
 .text.libgcc   0x00000000        0x0 d:/atmel/atmel studio 7.1/7.0/toolchain/avr8/avr8-gnu-toolchain/bin/../lib/gcc/avr/5.4.0/avr5\libgcc.a(_exit.o)
 .text.libgcc.prologue
                0x00000000        0x0 d:/atmel/atmel studio 7.1/7.0/toolchain/avr8/avr8-gnu-toolchain/bin/../lib/gcc/avr/5.4.0/avr5\libgcc.a(_exit.o)
 .text.libgcc.builtins
                0x00000000        0x0 d:/atmel/atmel studio 7.1/7.0/toolchain/avr8/avr8-gnu-toolchain/bin/../lib/gcc/avr/5.4.0/avr5\libgcc.a(_exit.o)
 .text.libgcc.fmul
                0x00000000        0x0 d:/atmel/atmel studio 7.1/7.0/toolchain/avr8/avr8-gnu-toolchain/bin/../lib/gcc/avr/5.4.0/avr5\libgcc.a(_exit.o)
 .text.libgcc.fixed
                0x00000000        0x0 d:/atmel/atmel studio 7.1/7.0/toolchain/avr8/avr8-gnu-toolchain/bin/../lib/gcc/avr/5.4.0/avr5\libgcc.a(_exit.o)
 .text          0x00000000        0x0 d:/atmel/atmel studio 7.1/7.0/toolchain/avr8/avr8-gnu-toolchain/bin/../lib/gcc/avr/5.4.0/avr5\libgcc.a(_tablejump2.o)
 .data          0x00000000        0x0 d:/atmel/atmel studio 7.1/7.0/toolchain/avr8/avr8-gnu-toolchain/bin/../lib/gcc/avr/5.4.0/avr5\libgcc.a(_tablejump2.o)
 .bss           0x00000000        0x0 d:/atmel/atmel studio 7.1/7.0/toolchain/avr8/avr8-gnu-toolchain/bin/../lib/gcc/avr/5.4.0/avr5\libgcc.a(_tablejump2.o)
 .text.libgcc.mul
                0x00000000        0x0 d:/atmel/atmel studio 7.1/7.0/toolchain/avr8/avr8-gnu-toolchain/bin/../lib/gcc/avr/5.4.0/avr5\libgcc.a(_tablejump2.o)
 .text.libgcc.div
                0x00000000        0x0 d:/atmel/atmel studio 7.1/7.0/toolchain/avr8/avr8-gnu-toolchain/bin/../lib/gcc/avr/5.4.0/avr5\libgcc.a(_tablejump2.o)
 .text.libgcc.prologue
                0x00000000        0x0 d:/atmel/atmel studio 7.1/7.0/toolchain/avr8/avr8-gnu-toolchain/bin/../lib/gcc/avr/5.4.0/avr5\libgcc.a(_tablejump2.o)
 .text.libgcc.builtins
                0x00000000        0x0 d:/atmel/atmel studio 7.1/7.0/toolchain/avr8/avr8-gnu-toolchain/bin/../lib/gcc/avr/5.4.0/avr5\libgcc.a(_tablejump2.o)
 .text.libgcc.fmul
                0x00000000        0x0 d:/atmel/atmel studio 7.1/7.0/toolchain/avr8/avr8-gnu-toolchain/bin/../lib/gcc/avr/5.4.0/avr5\libgcc.a(_tablejump2.o)
 .text.libgcc.fixed
                0x00000000        0x0 d:/atmel/atmel studio 7.1/7.0/toolchain/avr8/avr8-gnu-toolchain/bin/../lib/gcc/avr/5.4.0/avr5\libgcc.a(_tablejump2.o)
 .text          0x00000000        0x0 d:/atmel/atmel studio 7.1/7.0/toolchain/avr8/avr8-gnu-toolchain/bin/../lib/gcc/avr/5.4.0/avr5\libgcc.a(_copy_data.o)
 .data          0x00000000        0x0 d:/atmel/atmel studio 7.1/7.0/toolchain/avr8/avr8-gnu-toolchain/bin/../lib/gcc/avr/5.4.0/avr5\libgcc.a(_copy_data.o)
 .bss           0x00000000        0x0 d:/atmel/atmel studio 7.1/7.0/toolchain/avr8/avr8-gnu-toolchain/bin/../lib/gcc/avr/5.4.0/avr5\libgcc.a(_copy_data.o)
 .text.libgcc.mul
                0x00000000        0x0 d:/atmel/atmel studio 7.1/7.0/toolchain/avr8/avr8-gnu-toolchain/bin/../lib/gcc/avr/5.4.0/avr5\libgcc.a(_copy_data.o)
 .text.libgcc.div
                0x00000000        0x0 d:/atmel/atmel studio 7.1/7.0/toolchain/avr8/avr8-gnu-toolchain/bin/../lib/gcc/avr/5.4.0/avr5\libgcc.a(_copy_data.o)
 .text.libgcc   0x00000000        0x0 d:/atmel/atmel studio 7.1/7.0/toolchain/avr8/avr8-gnu-toolchain/bin/../lib/gcc/avr/5.4.0/avr5\libgcc.a(_copy_data.o)
 .text.libgcc.prologue
                0x00000000        0x0 d:/atmel/atmel studio 7.1/7.0/toolchain/avr8/avr8-gnu-toolchain/bin/../lib/gcc/avr/5.4.0/avr5\libgcc.a(_copy_data.o)
 .text.libgcc.builtins
                0x00000000        0x0 d:/atmel/atmel studio 7.1/7.0/toolchain/avr8/avr8-gnu-toolchain/bin/../lib/gcc/avr/5.4.0/avr5\libgcc.a(_copy_data.o)
 .text.libgcc.fmul
                0x00000000        0x0 d:/atmel/atmel studio 7.1/7.0/toolchain/avr8/avr8-gnu-toolchain/bin/../lib/gcc/avr/5.4.0/avr5\libgcc.a(_copy_data.o)
 .text.libgcc.fixed
                0x00000000        0x0 d:/atmel/atmel studio 7.1/7.0/toolchain/avr8/avr8-gnu-toolchain/bin/../lib/gcc/avr/5.4.0/avr5\libgcc.a(_copy_data.o)
 .text          0x00000000        0x0 d:/atmel/atmel studio 7.1/7.0/toolchain/avr8/avr8-gnu-toolchain/bin/../lib/gcc/avr/5.4.0/avr5\libgcc.a(_clear_bss.o)
 .data          0x00000000        0x0 d:/atmel/atmel studio 7.1/7.0/toolchain/avr8/avr8-gnu-toolchain/bin/../lib/gcc/avr/5.4.0/avr5\libgcc.a(_clear_bss.o)
 .bss           0x00000000        0x0 d:/atmel/atmel studio 7.1/7.0/toolchain/avr8/avr8-gnu-toolchain/bin/../lib/gcc/avr/5.4.0/avr5\libgcc.a(_clear_bss.o)
 .text.libgcc.mul
                0x00000000        0x0 d:/atmel/atmel studio 7.1/7.0/toolchain/avr8/avr8-gnu-toolchain/bin/../lib/gcc/avr/5.4.0/avr5\libgcc.a(_clear_bss.o)
 .text.libgcc.div
                0x00000000        0x0 d:/atmel/atmel studio 7.1/7.0/toolchain/avr8/avr8-gnu-toolchain/bin/../lib/gcc/avr/5.4.0/avr5\libgcc.a(_clear_bss.o)
 .text.libgcc   0x00000000        0x0 d:/atmel/atmel studio 7.1/7.0/toolchain/avr8/avr8-gnu-toolchain/bin/../lib/gcc/avr/5.4.0/avr5\libgcc.a(_clear_bss.o)
 .text.libgcc.prologue
                0x00000000        0x0 d:/atmel/atmel studio 7.1/7.0/toolchain/avr8/avr8-gnu-toolchain/bin/../lib/gcc/avr/5.4.0/avr5\libgcc.a(_clear_bss.o)
 .text.libgcc.builtins
                0x00000000        0x0 d:/atmel/atmel studio 7.1/7.0/toolchain/avr8/avr8-gnu-toolchain/bin/../lib/gcc/avr/5.4.0/avr5\libgcc.a(_clear_bss.o)
 .text.libgcc.fmul
                0x00000000        0x0 d:/atmel/atmel studio 7.1/7.0/toolchain/avr8/avr8-gnu-toolchain/bin/../lib/gcc/avr/5.4.0/avr5\libgcc.a(_clear_bss.o)
 .text.libgcc.fixed
                0x00000000        0x0 d:/atmel/atmel studio 7.1/7.0/toolchain/avr8/avr8-gnu-toolchain/bin/../lib/gcc/avr/5.4.0/avr5\libgcc.a(_clear_bss.o)
 .text          0x00000000        0x0 d:/atmel/atmel studio 7.1/7.0/toolchain/avr8/avr8-gnu-toolchain/bin/../lib/gcc/avr/5.4.0/avr5\libgcc.a(_umulhisi3.o)
 .data          0x00000000        0x0 d:/atmel/atmel studio 7.1/7.0/toolchain/avr8/avr8-gnu-toolchain/bin/../lib/gcc/avr/5.4.0/avr5\libgcc.a(_umulhisi3.o)
 .bss           0x00000000        0x0 d:/atmel/atmel studio 7.1/7.0/toolchain/avr8/avr8-gnu-toolchain/bin/../lib/gcc/avr/5.4.0/avr5\libgcc.a(_umulhisi3.o)
 .text.libgcc.div
                0x00000000        0x0 d:/atmel/atmel studio 7.1/7.0/toolchain/avr8/avr8-gnu-toolchain/bin/../lib/gcc/avr/5.4.0/avr5\libgcc.a(_umulhisi3.o)
 .text.libgcc   0x00000000        0x0 d:/atmel/atmel studio 7.1/7.0/toolchain/avr8/avr8-gnu-toolchain/bin/../lib/gcc/avr/5.4.0/avr5\libgcc.a(_umulhisi3.o)
 .text.libgcc.prologue
                0x00000000        0x0 d:/atmel/atmel studio 7.1/7.0/toolchain/avr8/avr8-gnu-toolchain/bin/../lib/gcc/avr/5.4.0/avr5\libgcc.a(_umulhisi3.o)
 .text.libgcc.builtins
                0x00000000        0x0 d:/atmel/atmel studio 7.1/7.0/toolchain/avr8/avr8-gnu-toolchain/bin/../lib/gcc/avr/5.4.0/avr5\libgcc.a(_umulhisi3.o)
 .text.libgcc.fmul
                0x00000000        0x0 d:/atmel/atmel studio 7.1/7.0/toolchain/avr8/avr8-gnu-toolchain/bin/../lib/gcc/avr/5.4.0/avr5\libgcc.a(_umulhisi3.o)
 .text.libgcc.fixed
                0x00000000        0x0 d:/atmel/atmel studio 7.1/7.0/toolchain/avr8/avr8-gnu-toolchain/bin/../lib/gcc/avr/5.4.0/avr5\libgcc.a(_umulhisi3.o)
 .text          0x00000000        0x0 d:/atmel/atmel studio 7.1/7.0/toolchain/avr8/avr8-gnu-toolchain/bin/../lib/gcc/avr/5.4.0/avr5\libgcc.a(_muluhisi3.o)
 .data          0x00000000        0x0 d:/atmel/atmel studio 7.1/7.0/toolchain/avr8/avr8-gnu-toolchain/bin/../lib/gcc/avr/5.4.0/avr5\libgcc.a(_muluhisi3.o)
 .bss           0x00000000        0x0 d:/atmel/atmel studio 7.1/7.0/toolchain/avr8/avr8-gnu-toolchain/bin/../lib/gcc/avr/5.4.0/avr5\libgcc.a(_muluhisi3.o)
 .text.libgcc.div
                0x00000000        0x0 d:/atmel/atmel studio 7.1/7.0/toolchain/avr8/avr8-gnu-toolchain/bin/../lib/gcc/avr/5.4.0/avr5\libgcc.a(_muluhisi3.o)
 .text.libgcc   0x00000000        0x0 d:/atmel/atmel studio 7.1/7.0/toolchain/avr8/avr8-gnu-toolchain/bin/../lib/gcc/avr/5.4.0/avr5\libgcc.a(_muluhisi3.o)
 .text.libgcc.prologue
                0x00000000        0x0 d:/atmel/atmel studio 7.1/7.0/toolchain/avr8/avr8-gnu-toolchain/bin/../lib/gcc/avr/5.4.0/avr5\libgcc.a(_muluhisi3.o)
 .text.libgcc.builtins
                0x00000000        0x0 d:/atmel/atmel studio 7.1/7.0/toolchain/avr8/avr8-gnu-toolchain/bin/../lib/gcc/avr/5.4.0/avr5\libgcc.a(_muluhisi3.o)
 .text.libgcc.fmul
                0x00000000        0x0 d:/atmel/atmel studio 7.1/7.0/toolchain/avr8/avr8-gnu-toolchain/bin/../lib/gcc/avr/5.4.0/avr5\libgcc.a(_muluhisi3.o)
 .text.libgcc.fixed
                0x00000000        0x0 d:/atmel/atmel studio 7.1/7.0/toolchain/avr8/avr8-gnu-toolchain/bin/../lib/gcc/avr/5.4.0/avr5\libgcc.a(_muluhisi3.o)
 .text          0x00000000        0x0 d:/atmel/atmel studio 7.1/7.0/toolchain/avr8/avr8-gnu-toolchain/bin/../lib/gcc/avr/5.4.0/avr5\libgcc.a(_mulshisi3.o)
 .data          0x00000000        0x0 d:/atmel/atmel studio 7.1/7.0/toolchain/avr8/avr8-gnu-toolchain/bin/../lib/gcc/avr/5.4.0/avr5\libgcc.a(_mulshisi3.o)
 .bss           0x00000000        0x0 d:/atmel/atmel studio 7.1/7.0/toolchain/avr8/avr8-gnu-toolchain/bin/../lib/gcc/avr/5.4.0/avr5\libgcc.a(_mulshisi3.o)
 .text.libgcc.div
                0x00000000        0x0 d:/atmel/atmel studio 7.1/7.0/toolchain/avr8/avr8-gnu-toolchain/bin/../lib/gcc/avr/5.4.0/avr5\libgcc.a(_mulshisi3.o)
 .text.libgcc   0x00000000        0x0 d:/atmel/atmel studio 7.1/7.0/toolchain/avr8/avr8-gnu-toolchain/bin/../lib/gcc/avr/5.4.0/avr5\libgcc.a(_mulshisi3.o)
 .text.libgcc.prologue
                0x00000000        0x0 d:/atmel/atmel studio 7.1/7.0/toolchain/avr8/avr8-gnu-toolchain/bin/../lib/gcc/avr/5.4.0/avr5\libgcc.a(_mulshisi3.o)
 .text.libgcc.builtins
                0x00000000        0x0 d:/atmel/atmel studio 7.1/7.0/toolchain/avr8/avr8-gnu-toolchain/bin/../lib/gcc/avr/5.4.0/avr5\libgcc.a(_mulshisi3.o)
 .text.libgcc.fmul
                0x00000000        0x0 d:/atmel/atmel studio 7.1/7.0/toolchain/avr8/avr8-gnu-toolchain/bin/../lib/gcc/avr/5.4.0/avr5\libgcc.a(_mulshisi3.o)
 .text.libgcc.fixed
                0x00000000        0x0 d:/atmel/atmel studio 7.1/7.0/toolchain/avr8/avr8-gnu-toolchain/bin/../lib/gcc/avr/5.4.0/avr5\libgcc.a(_mulshisi3.o)
 .text          0x00000000        0x0 d:/atmel/atmel studio 7.1/7.0/toolchain/avr8/avr8-gnu-toolchain/bin/../lib/gcc/avr/5.4.0/avr5\libgcc.a(_udivmodsi4.o)
 .data          0x00000000        0x0 d:/atmel/atmel studio 7.1/7.0/toolchain/avr8/avr8-gnu-toolchain/bin/../lib/gcc/avr/5.4.0/avr5\libgcc.a(_udivmodsi4.o)
 .bss           0x00000000        0x0 d:/atmel/atmel studio 7.1/7.0/toolchain/avr8/avr8-gnu-toolchain/bin/../lib/gcc/avr/5.4.0/avr5\libgcc.a(_udivmodsi4.o)
 .text.libgcc.mul
                0x00000000        0x0 d:/atmel/atmel studio 7.1/7.0/toolchain/avr8/avr8-gnu-toolchain/bin/../lib/gcc/avr/5.4.0/avr5\libgcc.a(_udivmodsi4.o)
 .text.libgcc   0x00000000        0x0 d:/atmel/atmel studio 7.1/7.0/toolchain/avr8/avr8-gnu-toolchain/bin/../lib/gcc/avr/5.4.0/avr5\libgcc.a(_udivmodsi4.o)
 .text.libgcc.prologue
                0x00000000        0x0 d:/atmel/atmel studio 7.1/7.0/toolchain/avr8/avr8-gnu-toolchain/bin/../lib/gcc/avr/5.4.0/avr5\libgcc.a(_udivmodsi4.o)
 .text.libgcc.builtins
                0x00000000        0x0 d:/atmel/atmel studio 7.1/7.0/toolchain/avr8/avr8-gnu-toolchain/bin/../lib/gcc/avr/5.4.0/avr5\libgcc.a(_udivmodsi4.o)
 .text.libgcc.fmul
                0x00000000        0x0 d:/atmel/atmel studio 7.1/7.0/toolchain/avr8/avr8-gnu-toolchain/bin/../lib/gcc/avr/5.4.0/avr5\libgcc.a(_udivmodsi4.o)
 .text.libgcc.fixed
                0x00000000        0x0 d:/atmel/atmel studio 7.1/7.0/toolchain/avr8/avr8-gnu-toolchain/bin/../lib/gcc/avr/5.4.0/avr5\libgcc.a(_udivmodsi4.o)
 .text          0x00000000        0x0 d:/atmel/atmel studio 7.1/7.0/toolchain/avr8/avr8-gnu-toolchain/bin/../lib/gcc/avr/5.4.0/../../../../avr/lib/avr5\libc.a(strlen_P.o)
 .data          0x00000000        0x0 d:/atmel/atmel studio 7.1/7.0/toolchain/avr8/avr8-gnu-toolchain/bin/../lib/gcc/avr/5.4.0/../../../../avr/lib/avr5\libc.a(strlen_P.o)
 .bss           0x00000000        0x0 d:/atmel/atmel studio 7.1/7.0/toolchain/avr8/avr8-gnu-toolchain/bin/../lib/gcc/avr/5.4.0/../../../../avr/lib/avr5\libc.a(strlen_P.o)
 .text          0x00000000        0x0 d:/atmel/atmel studio 7.1/7.0/toolchain/avr8/avr8-gnu-toolchain/bin/../lib/gcc/avr/5.4.0/../../../../avr/lib/avr5\libc.a(strncasecmp_P.o)
 .data          0x00000000        0x0 d:/atmel/atmel studio 7.1/7.0/toolchain/avr8/avr8-gnu-toolchain/bin/../lib/gcc/avr/5.4.0/../../../../avr/lib/avr5\libc.a(strncasecmp_P.o)
 .bss           0x00000000        0x0 d:/atmel/atmel studio 7.1/7.0/toolchain/avr8/avr8-gnu-toolchain/bin/../lib/gcc/avr/5.4.0/../../../../avr/lib/avr5\libc.a(strncasecmp_P.o)
 .text          0x00000000        0x0 d:/atmel/atmel studio 7.1/7.0/toolchain/avr8/avr8-gnu-toolchain/bin/../lib/gcc/avr/5.4.0/../../../../avr/lib/avr5\libc.a(strtok_r.o)
 .data          0x00000000        0x0 d:/atmel/atmel studio 7.1/7.0/toolchain/avr8/avr8-gnu-toolchain/bin/../lib/gcc/avr/5.4.0/../../../../avr/lib/avr5\libc.a(strtok_r.o)
 .bss           0x00000000        0x0 d:/atmel/atmel studio 7.1/7.0/toolchain/avr8/avr8-gnu-toolchain/bin/../lib/gcc/avr/5.4.0/../../../../avr/lib/avr5\libc.a(strtok_r.o)

Memory Configuration

Name             Origin             Length             Attributes
text             0x00000000         0x00020000         xr
data             0x00800060         0x0000ffa0         rw !x
eeprom           0x00810000         0x00010000         rw !x
fuse             0x00820000         0x00000003         rw !x
lock             0x00830000         0x00000400         rw !x
signature        0x00840000         0x00000400         rw !x
user_signatures  0x00850000         0x00000400         rw !x
*default*        0x00000000         0xffffffff

Linker script and memory map

Address of section .data set to 0x800100
LOAD D:/Atmel/Atmel Studio 7.1/7.0/Packs/atmel/ATmega_DFP/1.2.150/gcc/dev/atmega328pb/avr5/crtatmega328pb.o
LOAD Common.o
LOAD i2c_twi.o
LOAD main.o
LOAD MPU6050.o
LOAD RecieveCommands.o
LOAD twi_buf_pos.o
LOAD Uart.o
LOAD Uart_HW.o
START GROUP
LOAD d:/atmel/atmel studio 7.1/7.0/toolchain/avr8/avr8-gnu-toolchain/bin/../lib/gcc/avr/5.4.0/../../../../avr/lib/avr5\libm.a
END GROUP
START GROUP
LOAD d:/atmel/atmel studio 7.1/7.0/toolchain/avr8/avr8-gnu-toolchain/bin/../lib/gcc/avr/5.4.0/avr5\libgcc.a
LOAD d:/atmel/atmel studio 7.1/7.0/toolchain/avr8/avr8-gnu-toolchain/bin/../lib/gcc/avr/5.4.0/../../../../avr/lib/avr5\libm.a
LOAD d:/atmel/atmel studio 7.1/7.0/toolchain/avr8/avr8-gnu-toolchain/bin/../lib/gcc/avr/5.4.0/../../../../avr/lib/avr5\libc.a
LOAD D:/Atmel/Atmel Studio 7.1/7.0/Packs/atmel/ATmega_DFP/1.2.150/gcc/dev/atmega328pb/avr5\libatmega328pb.a
END GROUP
                0x00020000                __TEXT_REGION_LENGTH__ = DEFINED (__TEXT_REGION_LENGTH__)?__TEXT_REGION_LENGTH__:0x20000
                0x0000ffa0                __DATA_REGION_LENGTH__ = DEFINED (__DATA_REGION_LENGTH__)?__DATA_REGION_LENGTH__:0xffa0
                0x00010000                __EEPROM_REGION_LENGTH__ = DEFINED (__EEPROM_REGION_LENGTH__)?__EEPROM_REGION_LENGTH__:0x10000
                [0x00000003]                __FUSE_REGION_LENGTH__ = DEFINED (__FUSE_REGION_LENGTH__)?__FUSE_REGION_LENGTH__:0x400
                0x00000400                __LOCK_REGION_LENGTH__ = DEFINED (__LOCK_REGION_LENGTH__)?__LOCK_REGION_LENGTH__:0x400
                0x00000400                __SIGNATURE_REGION_LENGTH__ = DEFINED (__SIGNATURE_REGION_LENGTH__)?__SIGNATURE_REGION_LENGTH__:0x400
                0x00000400                __USER_SIGNATURE_REGION_LENGTH__ = DEFINED (__USER_SIGNATURE_REGION_LENGTH__)?__USER_SIGNATURE_REGION_LENGTH__:0x400

.hash
 *(.hash)

.dynsym
 *(.dynsym)

.dynstr
 *(.dynstr)

.gnu.version
 *(.gnu.version)

.gnu.version_d
 *(.gnu.version_d)

.gnu.version_r
 *(.gnu.version_r)

.rel.init
 *(.rel.init)

.rela.init
 *(.rela.init)

.rel.text
 *(.rel.text)
 *(.rel.text.*)
 *(.rel.gnu.linkonce.t*)

.rela.text
 *(.rela.text)
 *(.rela.text.*)
 *(.rela.gnu.linkonce.t*)

.rel.fini
 *(.rel.fini)

.rela.fini
 *(.rela.fini)

.rel.rodata
 *(.rel.rodata)
 *(.rel.rodata.*)
 *(.rel.gnu.linkonce.r*)

.rela.rodata
 *(.rela.rodata)
 *(.rela.rodata.*)
 *(.rela.gnu.linkonce.r*)

.rel.data
 *(.rel.data)
 *(.rel.data.*)
 *(.rel.gnu.linkonce.d*)

.rela.data
 *(.rela.data)
 *(.rela.data.*)
 *(.rela.gnu.linkonce.d*)

.rel.ctors
 *(.rel.ctors)

.rela.ctors
 *(.rela.ctors)

.rel.dtors
 *(.rel.dtors)

.rela.dtors
 *(.rela.dtors)

.rel.got
 *(.rel.got)

.rela.got
 *(.rela.got)

.rel.bss
 *(.rel.bss)

.rela.bss
 *(.rela.bss)

.rel.plt
 *(.rel.plt)

.rela.plt
 *(.rela.plt)

.text           0x00000000     0x1a1a
 *(.vectors)
 .vectors       0x00000000       0xb4 D:/Atmel/Atmel Studio 7.1/7.0/Packs/atmel/ATmega_DFP/1.2.150/gcc/dev/atmega328pb/avr5/crtatmega328pb.o
                0x00000000                __vector_default
                0x00000000                __vectors
 *(.vectors)
 *(.progmem.gcc*)
 .progmem.gcc_sw_table.__vector_24
                0x000000b4       0x12 twi_buf_pos.o
                0x000000c6                . = ALIGN (0x2)
                0x000000c6                __trampolines_start = .
 *(.trampolines)
 .trampolines   0x000000c6        0x0 linker stubs
 *(.trampolines*)
                0x000000c6                __trampolines_end = .
 *libprintf_flt.a:*(.progmem.data)
 *libc.a:*(.progmem.data)
 *(.progmem*)
 .progmem.data.ER_commands
                0x000000c6       0x42 RecieveCommands.o
                0x000000c6                ER_commands
                0x00000108                . = ALIGN (0x2)
 *(.jumptables)
 *(.jumptables*)
 *(.lowtext)
 *(.lowtext*)
                0x00000108                __ctors_start = .
 *(.ctors)
                0x00000108                __ctors_end = .
                0x00000108                __dtors_start = .
 *(.dtors)
                0x00000108                __dtors_end = .
 SORT(*)(.ctors)
 SORT(*)(.dtors)
 *(.init0)
 .init0         0x00000108        0x0 D:/Atmel/Atmel Studio 7.1/7.0/Packs/atmel/ATmega_DFP/1.2.150/gcc/dev/atmega328pb/avr5/crtatmega328pb.o
                0x00000108                __init
 *(.init0)
 *(.init1)
 *(.init1)
 *(.init2)
 .init2         0x00000108        0xc D:/Atmel/Atmel Studio 7.1/7.0/Packs/atmel/ATmega_DFP/1.2.150/gcc/dev/atmega328pb/avr5/crtatmega328pb.o
 *(.init2)
 *(.init3)
 *(.init3)
 *(.init4)
 .init4         0x00000114       0x16 d:/atmel/atmel studio 7.1/7.0/toolchain/avr8/avr8-gnu-toolchain/bin/../lib/gcc/avr/5.4.0/avr5\libgcc.a(_copy_data.o)
                0x00000114                __do_copy_data
 .init4         0x0000012a       0x10 d:/atmel/atmel studio 7.1/7.0/toolchain/avr8/avr8-gnu-toolchain/bin/../lib/gcc/avr/5.4.0/avr5\libgcc.a(_clear_bss.o)
                0x0000012a                __do_clear_bss
 *(.init4)
 *(.init5)
 *(.init5)
 *(.init6)
 *(.init6)
 *(.init7)
 *(.init7)
 *(.init8)
 *(.init8)
 *(.init9)
 .init9         0x0000013a        0x8 D:/Atmel/Atmel Studio 7.1/7.0/Packs/atmel/ATmega_DFP/1.2.150/gcc/dev/atmega328pb/avr5/crtatmega328pb.o
 *(.init9)
 *(.text)
 .text          0x00000142        0x4 D:/Atmel/Atmel Studio 7.1/7.0/Packs/atmel/ATmega_DFP/1.2.150/gcc/dev/atmega328pb/avr5/crtatmega328pb.o
                0x00000142                __vector_38
                0x00000142                __vector_22
                0x00000142                __vector_28
                0x00000142                __vector_1
                0x00000142                __vector_32
                0x00000142                __vector_34
                0x00000142                __vector_12
                0x00000142                __bad_interrupt
                0x00000142                __vector_6
                0x00000142                __vector_31
                0x00000142                __vector_35
                0x00000142                __vector_39
                0x00000142                __vector_3
                0x00000142                __vector_23
                0x00000142                __vector_30
                0x00000142                __vector_25
                0x00000142                __vector_11
                0x00000142                __vector_13
                0x00000142                __vector_17
                0x00000142                __vector_19
                0x00000142                __vector_7
                0x00000142                __vector_41
                0x00000142                __vector_43
                0x00000142                __vector_27
                0x00000142                __vector_5
                0x00000142                __vector_33
                0x00000142                __vector_37
                0x00000142                __vector_4
                0x00000142                __vector_44
                0x00000142                __vector_9
                0x00000142                __vector_2
                0x00000142                __vector_21
                0x00000142                __vector_15
                0x00000142                __vector_36
                0x00000142                __vector_29
                0x00000142                __vector_40
                0x00000142                __vector_8
                0x00000142                __vector_26
                0x00000142                __vector_14
                0x00000142                __vector_10
                0x00000142                __vector_16
                0x00000142                __vector_42
                0x00000146                . = ALIGN (0x2)
 *(.text.*)
 .text.PlaceInGyroBuffor
                0x00000146       0x68 Common.o
                0x00000146                PlaceInGyroBuffor
 .text.PlaceInAccBuffor
                0x000001ae       0x68 Common.o
                0x000001ae                PlaceInAccBuffor
 .text.ReadGyroSample
                0x00000216       0x5c Common.o
                0x00000216                ReadGyroSample
 .text.ReadAccSample
                0x00000272       0x5c Common.o
                0x00000272                ReadAccSample
 .text.SamplesGyroBuf
                0x000002ce       0x12 Common.o
                0x000002ce                SamplesGyroBuf
 .text.SamplesAccBuf
                0x000002e0       0x12 Common.o
                0x000002e0                SamplesAccBuf
 .text.ReadGyroBuf
                0x000002f2       0x7c Common.o
                0x000002f2                ReadGyroBuf
 .text.ReadAccBuf
                0x0000036e       0x7c Common.o
                0x0000036e                ReadAccBuf
 .text.I2C_start
                0x000003ea       0x12 i2c_twi.o
                0x000003ea                I2C_start
 .text.I2C_stop
                0x000003fc       0x12 i2c_twi.o
                0x000003fc                I2C_stop
 .text.I2C_write
                0x0000040e       0x16 i2c_twi.o
                0x0000040e                I2C_write
 .text.I2C_read
                0x00000424       0x1e i2c_twi.o
                0x00000424                I2C_read
 .text.I2C_write_byte
                0x00000442       0x30 i2c_twi.o
                0x00000442                I2C_write_byte
 .text.I2C_read_buf
                0x00000472       0x70 i2c_twi.o
                0x00000472                I2C_read_buf
 .text.main     0x000004e2       0x3c main.o
                0x000004e2                main
 .text.CalibrateMPU6050
                0x0000051e      0x464 MPU6050.o
                0x0000051e                CalibrateMPU6050
 .text.InitMPU6050
                0x00000982      0x122 MPU6050.o
                0x00000982                InitMPU6050
 .text.ReadMPU6050
                0x00000aa4      0x154 MPU6050.o
                0x00000aa4                ReadMPU6050
 .text.er_service
                0x00000bf8        0xc RecieveCommands.o
                0x00000bf8                er_service
 .text.er_read  0x00000c04       0xb0 RecieveCommands.o
                0x00000c04                er_read
 .text.er_buf   0x00000cb4      0x2ba RecieveCommands.o
                0x00000cb4                er_buf
 .text.ProcessString
                0x00000f6e      0x130 RecieveCommands.o
                0x00000f6e                ProcessString
 .text.__vector_24
                0x0000109e      0x438 twi_buf_pos.o
                0x0000109e                __vector_24
 .text.InitUartCOM
                0x000014d6        0x6 Uart.o
                0x000014d6                InitUartCOM
 .text.ReceiveChar
                0x000014dc       0x2a Uart.o
                0x000014dc                ReceiveChar
 .text.SendString
                0x00001506       0x2c Uart.o
                0x00001506                SendString
 .text.SendEnter
                0x00001532        0xe Uart.o
                0x00001532                SendEnter
 .text.SendLine
                0x00001540        0xa Uart.o
                0x00001540                SendLine
 .text.SendInt  0x0000154a      0x1e2 Uart.o
                0x0000154a                SendInt
 .text.SendStringInt
                0x0000172c       0x26 Uart.o
                0x0000172c                SendStringInt
 .text.CheckRxBuffor
                0x00001752       0x5c Uart.o
                0x00001752                CheckRxBuffor
 .text.InitUartCOM_HW
                0x000017ae       0x14 Uart_HW.o
                0x000017ae                InitUartCOM_HW
 .text.PutCharToBuffor
                0x000017c2       0x34 Uart_HW.o
                0x000017c2                PutCharToBuffor
 .text.__vector_20
                0x000017f6       0x52 Uart_HW.o
                0x000017f6                __vector_20
 .text.__vector_18
                0x00001848       0x4c Uart_HW.o
                0x00001848                __vector_18
 .text.libgcc.mul
                0x00001894       0x20 d:/atmel/atmel studio 7.1/7.0/toolchain/avr8/avr8-gnu-toolchain/bin/../lib/gcc/avr/5.4.0/avr5\libgcc.a(_mulsi3.o)
                0x00001894                __mulsi3
 .text.libgcc.div
                0x000018b4       0x2e d:/atmel/atmel studio 7.1/7.0/toolchain/avr8/avr8-gnu-toolchain/bin/../lib/gcc/avr/5.4.0/avr5\libgcc.a(_divmodsi4.o)
                0x000018b4                __divmodsi4
 .text.libgcc.div
                0x000018e2       0x10 d:/atmel/atmel studio 7.1/7.0/toolchain/avr8/avr8-gnu-toolchain/bin/../lib/gcc/avr/5.4.0/avr5\libgcc.a(_negsi2.o)
                0x000018e2                __negsi2
 .text.libgcc   0x000018f2        0xc d:/atmel/atmel studio 7.1/7.0/toolchain/avr8/avr8-gnu-toolchain/bin/../lib/gcc/avr/5.4.0/avr5\libgcc.a(_tablejump2.o)
                0x000018f2                __tablejump2__
 .text.libgcc.mul
                0x000018fe       0x1e d:/atmel/atmel studio 7.1/7.0/toolchain/avr8/avr8-gnu-toolchain/bin/../lib/gcc/avr/5.4.0/avr5\libgcc.a(_umulhisi3.o)
                0x000018fe                __umulhisi3
 .text.libgcc.mul
                0x0000191c       0x16 d:/atmel/atmel studio 7.1/7.0/toolchain/avr8/avr8-gnu-toolchain/bin/../lib/gcc/avr/5.4.0/avr5\libgcc.a(_muluhisi3.o)
                0x0000191c                __muluhisi3
 .text.libgcc.mul
                0x00001932       0x10 d:/atmel/atmel studio 7.1/7.0/toolchain/avr8/avr8-gnu-toolchain/bin/../lib/gcc/avr/5.4.0/avr5\libgcc.a(_mulshisi3.o)
                0x00001932                __mulshisi3
                0x00001938                __mulohisi3
 .text.libgcc.div
                0x00001942       0x44 d:/atmel/atmel studio 7.1/7.0/toolchain/avr8/avr8-gnu-toolchain/bin/../lib/gcc/avr/5.4.0/avr5\libgcc.a(_udivmodsi4.o)
                0x00001942                __udivmodsi4
 .text.avr-libc
                0x00001986       0x12 d:/atmel/atmel studio 7.1/7.0/toolchain/avr8/avr8-gnu-toolchain/bin/../lib/gcc/avr/5.4.0/../../../../avr/lib/avr5\libc.a(strlen_P.o)
                0x00001986                __strlen_P
 .text.avr-libc
                0x00001998       0x30 d:/atmel/atmel studio 7.1/7.0/toolchain/avr8/avr8-gnu-toolchain/bin/../lib/gcc/avr/5.4.0/../../../../avr/lib/avr5\libc.a(strncasecmp_P.o)
                0x00001998                strncasecmp_P
 .text.avr-libc
                0x000019c8       0x4e d:/atmel/atmel studio 7.1/7.0/toolchain/avr8/avr8-gnu-toolchain/bin/../lib/gcc/avr/5.4.0/../../../../avr/lib/avr5\libc.a(strtok_r.o)
                0x000019c8                strtok_r
                0x00001a16                . = ALIGN (0x2)
 *(.fini9)
 .fini9         0x00001a16        0x0 d:/atmel/atmel studio 7.1/7.0/toolchain/avr8/avr8-gnu-toolchain/bin/../lib/gcc/avr/5.4.0/avr5\libgcc.a(_exit.o)
                0x00001a16                _exit
                0x00001a16                exit
 *(.fini9)
 *(.fini8)
 *(.fini8)
 *(.fini7)
 *(.fini7)
 *(.fini6)
 *(.fini6)
 *(.fini5)
 *(.fini5)
 *(.fini4)
 *(.fini4)
 *(.fini3)
 *(.fini3)
 *(.fini2)
 *(.fini2)
 *(.fini1)
 *(.fini1)
 *(.fini0)
 .fini0         0x00001a16        0x4 d:/atmel/atmel studio 7.1/7.0/toolchain/avr8/avr8-gnu-toolchain/bin/../lib/gcc/avr/5.4.0/avr5\libgcc.a(_exit.o)
 *(.fini0)
                0x00001a1a                _etext = .

.data           0x00800100       0x4e load address 0x00001a1a
                0x00800100                PROVIDE (__data_start, .)
 *(.data)
 *(.data*)
 *(.gnu.linkonce.d*)
 *(.rodata)
 *(.rodata*)
 .rodata.str1.1
                0x00800100        0xc main.o
 .rodata.str1.1
                0x0080010c       0x41 RecieveCommands.o
                                 0x43 (size before relaxing)
 *(.gnu.linkonce.r*)
                0x0080014e                . = ALIGN (0x2)
 *fill*         0x0080014d        0x1 
                0x0080014e                _edata = .
                0x0080014e                PROVIDE (__data_end, .)

.bss            0x0080014e      0x1a0
                0x0080014e                PROVIDE (__bss_start, .)
 *(.bss)
 *(.bss*)
 .bss.acc_tail  0x0080014e        0x1 Common.o
                0x0080014e                acc_tail
 .bss.acc_head  0x0080014f        0x1 Common.o
                0x0080014f                acc_head
 .bss.gyro_tail
                0x00800150        0x1 Common.o
                0x00800150                gyro_tail
 .bss.gyro_head
                0x00800151        0x1 Common.o
                0x00800151                gyro_head
 .bss.TxHead    0x00800152        0x1 Uart.o
                0x00800152                TxHead
 .bss.TxTail    0x00800153        0x1 Uart.o
                0x00800153                TxTail
 .bss.RxHead    0x00800154        0x1 Uart.o
                0x00800154                RxHead
 .bss.RxTail    0x00800155        0x1 Uart.o
                0x00800155                RxTail
 *(COMMON)
 COMMON         0x00800156       0x54 Common.o
                0x00800156                X_gyro_buff
                0x00800162                Y_gyro_buff
                0x0080016e                Z_acc_buff
                0x0080017a                X_acc_buff
                0x00800186                acc_offset
                0x0080018c                gyro_offset
                0x00800192                Y_acc_buff
                0x0080019e                Z_gyro_buff
 COMMON         0x008001aa       0xa4 twi_buf_pos.o
                0x008001aa                twi_reset_counter
                0x008001ab                twi_command
                0x008001ad                twi_buf_pos
                0x008001ae                twi_bufor
 COMMON         0x0080024e       0xa0 Uart.o
                0x0080024e                RxBuffor
                0x0080026e                TxBuffor
                0x008002ee                PROVIDE (__bss_end, .)
                0x00001a1a                __data_load_start = LOADADDR (.data)
                0x00001a68                __data_load_end = (__data_load_start + SIZEOF (.data))

.noinit         0x008002ee        0x0
                [!provide]                PROVIDE (__noinit_start, .)
 *(.noinit*)
                [!provide]                PROVIDE (__noinit_end, .)
                0x008002ee                _end = .
                [!provide]                PROVIDE (__heap_start, .)

.eeprom         0x00810000        0x0
 *(.eeprom*)
                0x00810000                __eeprom_end = .

.fuse
 *(.fuse)
 *(.lfuse)
 *(.hfuse)
 *(.efuse)

.lock
 *(.lock*)

.signature
 *(.signature*)

.user_signatures
 *(.user_signatures*)

.stab
 *(.stab)

.stabstr
 *(.stabstr)

.stab.excl
 *(.stab.excl)

.stab.exclstr
 *(.stab.exclstr)

.stab.index
 *(.stab.index)

.stab.indexstr
 *(.stab.indexstr)

.comment        0x00000000       0x30
 *(.comment)
 .comment       0x00000000       0x30 Common.o
                                 0x31 (size before relaxing)
 .comment       0x00000030       0x31 i2c_twi.o
 .comment       0x00000030       0x31 main.o
 .comment       0x00000030       0x31 MPU6050.o
 .comment       0x00000030       0x31 RecieveCommands.o
 .comment       0x00000030       0x31 twi_buf_pos.o
 .comment       0x00000030       0x31 Uart.o
 .comment       0x00000030       0x31 Uart_HW.o

.note.gnu.avr.deviceinfo
                0x00000000       0x40
 .note.gnu.avr.deviceinfo
                0x00000000       0x40 D:/Atmel/Atmel Studio 7.1/7.0/Packs/atmel/ATmega_DFP/1.2.150/gcc/dev/atmega328pb/avr5/crtatmega328pb.o

.note.gnu.build-id
 *(.note.gnu.build-id)

.debug
 *(.debug)

.line
 *(.line)

.debug_srcinfo
 *(.debug_srcinfo)

.debug_sfnames
 *(.debug_sfnames)

.debug_aranges  0x00000000      0x268
 *(.debug_aranges)
 .debug_aranges
                0x00000000       0x58 Common.o
 .debug_aranges
                0x00000058       0x58 i2c_twi.o
 .debug_aranges
                0x000000b0       0x20 main.o
 .debug_aranges
                0x000000d0       0x30 MPU6050.o
 .debug_aranges
                0x00000100       0x38 RecieveCommands.o
 .debug_aranges
                0x00000138       0x80 twi_buf_pos.o
 .debug_aranges
                0x000001b8       0x70 Uart.o
 .debug_aranges
                0x00000228       0x40 Uart_HW.o

.debug_pubnames
 *(.debug_pubnames)

.debug_info     0x00000000     0x3376
 *(.debug_info .gnu.linkonce.wi.*)
 .debug_info    0x00000000      0x8ea D:/Atmel/Atmel Studio 7.1/7.0/Packs/atmel/ATmega_DFP/1.2.150/gcc/dev/atmega328pb/avr5/crtatmega328pb.o
 .debug_info    0x000008ea      0x38d Common.o
 .debug_info    0x00000c77      0x394 i2c_twi.o
 .debug_info    0x0000100b      0x1ac main.o
 .debug_info    0x000011b7      0xb98 MPU6050.o
 .debug_info    0x00001d4f      0x796 RecieveCommands.o
 .debug_info    0x000024e5      0x732 twi_buf_pos.o
 .debug_info    0x00002c17      0x5e8 Uart.o
 .debug_info    0x000031ff      0x177 Uart_HW.o

.debug_abbrev   0x00000000     0x1477
 *(.debug_abbrev)
 .debug_abbrev  0x00000000      0x86e D:/Atmel/Atmel Studio 7.1/7.0/Packs/atmel/ATmega_DFP/1.2.150/gcc/dev/atmega328pb/avr5/crtatmega328pb.o
 .debug_abbrev  0x0000086e      0x102 Common.o
 .debug_abbrev  0x00000970      0x12f i2c_twi.o
 .debug_abbrev  0x00000a9f       0xd4 main.o
 .debug_abbrev  0x00000b73      0x1e4 MPU6050.o
 .debug_abbrev  0x00000d57      0x1ed RecieveCommands.o
 .debug_abbrev  0x00000f44      0x28d twi_buf_pos.o
 .debug_abbrev  0x000011d1      0x1b3 Uart.o
 .debug_abbrev  0x00001384       0xf3 Uart_HW.o

.debug_line     0x00000000     0x18db
 *(.debug_line .debug_line.* .debug_line_end)
 .debug_line    0x00000000      0x1a5 D:/Atmel/Atmel Studio 7.1/7.0/Packs/atmel/ATmega_DFP/1.2.150/gcc/dev/atmega328pb/avr5/crtatmega328pb.o
 .debug_line    0x000001a5      0x2a5 Common.o
 .debug_line    0x0000044a      0x255 i2c_twi.o
 .debug_line    0x0000069f       0xfe main.o
 .debug_line    0x0000079d      0x3cd MPU6050.o
 .debug_line    0x00000b6a      0x3b7 RecieveCommands.o
 .debug_line    0x00000f21      0x482 twi_buf_pos.o
 .debug_line    0x000013a3      0x3e0 Uart.o
 .debug_line    0x00001783      0x158 Uart_HW.o

.debug_frame    0x00000000      0x77c
 *(.debug_frame)
 .debug_frame   0x00000000       0xec Common.o
 .debug_frame   0x000000ec       0xf0 i2c_twi.o
 .debug_frame   0x000001dc       0x24 main.o
 .debug_frame   0x00000200       0xe8 MPU6050.o
 .debug_frame   0x000002e8      0x114 RecieveCommands.o
 .debug_frame   0x000003fc      0x13c twi_buf_pos.o
 .debug_frame   0x00000538      0x178 Uart.o
 .debug_frame   0x000006b0       0xcc Uart_HW.o

.debug_str      0x00000000      0xb15
 *(.debug_str)
 .debug_str     0x00000000      0x318 D:/Atmel/Atmel Studio 7.1/7.0/Packs/atmel/ATmega_DFP/1.2.150/gcc/dev/atmega328pb/avr5/crtatmega328pb.o
 .debug_str     0x00000318      0x264 Common.o
                                0x2a6 (size before relaxing)
 .debug_str     0x0000057c       0xd1 i2c_twi.o
                                0x1f0 (size before relaxing)
 .debug_str     0x0000064d       0x5d main.o
                                0x1d4 (size before relaxing)
 .debug_str     0x000006aa       0xd8 MPU6050.o
                                0x2c4 (size before relaxing)
 .debug_str     0x00000782      0x104 RecieveCommands.o
                                0x32a (size before relaxing)
 .debug_str     0x00000886      0x1b8 twi_buf_pos.o
                                0x372 (size before relaxing)
 .debug_str     0x00000a3e       0x9a Uart.o
                                0x2ac (size before relaxing)
 .debug_str     0x00000ad8       0x3d Uart_HW.o
                                0x20f (size before relaxing)

.debug_loc      0x00000000     0x2915
 *(.debug_loc)
 .debug_loc     0x00000000      0x2c8 Common.o
 .debug_loc     0x000002c8      0x4d6 i2c_twi.o
 .debug_loc     0x0000079e      0x9ca MPU6050.o
 .debug_loc     0x00001168      0x7a1 RecieveCommands.o
 .debug_loc     0x00001909      0x599 twi_buf_pos.o
 .debug_loc     0x00001ea2      0x926 Uart.o
 .debug_loc     0x000027c8      0x14d Uart_HW.o

.debug_macinfo
 *(.debug_macinfo)

.debug_weaknames
 *(.debug_weaknames)

.debug_funcnames
 *(.debug_funcnames)

.debug_typenames
 *(.debug_typenames)

.debug_varnames
 *(.debug_varnames)

.debug_pubtypes
 *(.debug_pubtypes)

.debug_ranges   0x00000000      0x270
 *(.debug_ranges)
 .debug_ranges  0x00000000       0x48 Common.o
 .debug_ranges  0x00000048       0x48 i2c_twi.o
 .debug_ranges  0x00000090       0x10 main.o
 .debug_ranges  0x000000a0       0x50 MPU6050.o
 .debug_ranges  0x000000f0       0x28 RecieveCommands.o
 .debug_ranges  0x00000118       0x70 twi_buf_pos.o
 .debug_ranges  0x00000188       0xb8 Uart.o
 .debug_ranges  0x00000240       0x30 Uart_HW.o

.debug_macro
 *(.debug_macro)
OUTPUT(Flight assistant.elf elf32-avr)
LOAD linker stubs
