Archive member included to satisfy reference by file (symbol)

d:/atmel/atmel studio 7.1/7.0/toolchain/avr8/avr8-gnu-toolchain/bin/../lib/gcc/avr/5.4.0/../../../../avr/lib/avr5\libm.a(addsf3.o)
                              MPU6050/gyro_math.o (__subsf3)
d:/atmel/atmel studio 7.1/7.0/toolchain/avr8/avr8-gnu-toolchain/bin/../lib/gcc/avr/5.4.0/../../../../avr/lib/avr5\libm.a(addsf3x.o)
                              d:/atmel/atmel studio 7.1/7.0/toolchain/avr8/avr8-gnu-toolchain/bin/../lib/gcc/avr/5.4.0/../../../../avr/lib/avr5\libm.a(addsf3.o) (__addsf3x)
d:/atmel/atmel studio 7.1/7.0/toolchain/avr8/avr8-gnu-toolchain/bin/../lib/gcc/avr/5.4.0/../../../../avr/lib/avr5\libm.a(atan.o)
                              MPU6050/gyro_math.o (atan)
d:/atmel/atmel studio 7.1/7.0/toolchain/avr8/avr8-gnu-toolchain/bin/../lib/gcc/avr/5.4.0/../../../../avr/lib/avr5\libm.a(divsf3.o)
                              MPU6050/gyro_math.o (__divsf3)
d:/atmel/atmel studio 7.1/7.0/toolchain/avr8/avr8-gnu-toolchain/bin/../lib/gcc/avr/5.4.0/../../../../avr/lib/avr5\libm.a(divsf3x.o)
                              d:/atmel/atmel studio 7.1/7.0/toolchain/avr8/avr8-gnu-toolchain/bin/../lib/gcc/avr/5.4.0/../../../../avr/lib/avr5\libm.a(divsf3.o) (__divsf3x)
d:/atmel/atmel studio 7.1/7.0/toolchain/avr8/avr8-gnu-toolchain/bin/../lib/gcc/avr/5.4.0/../../../../avr/lib/avr5\libm.a(fixsfsi.o)
                              MPU6050/gyro_math.o (__fixsfsi)
d:/atmel/atmel studio 7.1/7.0/toolchain/avr8/avr8-gnu-toolchain/bin/../lib/gcc/avr/5.4.0/../../../../avr/lib/avr5\libm.a(fixunssfsi.o)
                              d:/atmel/atmel studio 7.1/7.0/toolchain/avr8/avr8-gnu-toolchain/bin/../lib/gcc/avr/5.4.0/../../../../avr/lib/avr5\libm.a(fixsfsi.o) (__fixunssfsi)
d:/atmel/atmel studio 7.1/7.0/toolchain/avr8/avr8-gnu-toolchain/bin/../lib/gcc/avr/5.4.0/../../../../avr/lib/avr5\libm.a(floatsisf.o)
                              MPU6050/gyro_math.o (__floatsisf)
d:/atmel/atmel studio 7.1/7.0/toolchain/avr8/avr8-gnu-toolchain/bin/../lib/gcc/avr/5.4.0/../../../../avr/lib/avr5\libm.a(fp_inf.o)
                              d:/atmel/atmel studio 7.1/7.0/toolchain/avr8/avr8-gnu-toolchain/bin/../lib/gcc/avr/5.4.0/../../../../avr/lib/avr5\libm.a(addsf3x.o) (__fp_inf)
d:/atmel/atmel studio 7.1/7.0/toolchain/avr8/avr8-gnu-toolchain/bin/../lib/gcc/avr/5.4.0/../../../../avr/lib/avr5\libm.a(fp_nan.o)
                              d:/atmel/atmel studio 7.1/7.0/toolchain/avr8/avr8-gnu-toolchain/bin/../lib/gcc/avr/5.4.0/../../../../avr/lib/avr5\libm.a(addsf3x.o) (__fp_nan)
d:/atmel/atmel studio 7.1/7.0/toolchain/avr8/avr8-gnu-toolchain/bin/../lib/gcc/avr/5.4.0/../../../../avr/lib/avr5\libm.a(fp_powser.o)
                              d:/atmel/atmel studio 7.1/7.0/toolchain/avr8/avr8-gnu-toolchain/bin/../lib/gcc/avr/5.4.0/../../../../avr/lib/avr5\libm.a(atan.o) (__fp_powser)
d:/atmel/atmel studio 7.1/7.0/toolchain/avr8/avr8-gnu-toolchain/bin/../lib/gcc/avr/5.4.0/../../../../avr/lib/avr5\libm.a(fp_pscA.o)
                              d:/atmel/atmel studio 7.1/7.0/toolchain/avr8/avr8-gnu-toolchain/bin/../lib/gcc/avr/5.4.0/../../../../avr/lib/avr5\libm.a(addsf3x.o) (__fp_pscA)
d:/atmel/atmel studio 7.1/7.0/toolchain/avr8/avr8-gnu-toolchain/bin/../lib/gcc/avr/5.4.0/../../../../avr/lib/avr5\libm.a(fp_pscB.o)
                              d:/atmel/atmel studio 7.1/7.0/toolchain/avr8/avr8-gnu-toolchain/bin/../lib/gcc/avr/5.4.0/../../../../avr/lib/avr5\libm.a(addsf3x.o) (__fp_pscB)
d:/atmel/atmel studio 7.1/7.0/toolchain/avr8/avr8-gnu-toolchain/bin/../lib/gcc/avr/5.4.0/../../../../avr/lib/avr5\libm.a(fp_round.o)
                              d:/atmel/atmel studio 7.1/7.0/toolchain/avr8/avr8-gnu-toolchain/bin/../lib/gcc/avr/5.4.0/../../../../avr/lib/avr5\libm.a(addsf3.o) (__fp_round)
d:/atmel/atmel studio 7.1/7.0/toolchain/avr8/avr8-gnu-toolchain/bin/../lib/gcc/avr/5.4.0/../../../../avr/lib/avr5\libm.a(fp_split3.o)
                              d:/atmel/atmel studio 7.1/7.0/toolchain/avr8/avr8-gnu-toolchain/bin/../lib/gcc/avr/5.4.0/../../../../avr/lib/avr5\libm.a(addsf3x.o) (__fp_split3)
d:/atmel/atmel studio 7.1/7.0/toolchain/avr8/avr8-gnu-toolchain/bin/../lib/gcc/avr/5.4.0/../../../../avr/lib/avr5\libm.a(fp_zero.o)
                              d:/atmel/atmel studio 7.1/7.0/toolchain/avr8/avr8-gnu-toolchain/bin/../lib/gcc/avr/5.4.0/../../../../avr/lib/avr5\libm.a(addsf3x.o) (__fp_zero)
d:/atmel/atmel studio 7.1/7.0/toolchain/avr8/avr8-gnu-toolchain/bin/../lib/gcc/avr/5.4.0/../../../../avr/lib/avr5\libm.a(inverse.o)
                              d:/atmel/atmel studio 7.1/7.0/toolchain/avr8/avr8-gnu-toolchain/bin/../lib/gcc/avr/5.4.0/../../../../avr/lib/avr5\libm.a(atan.o) (inverse)
d:/atmel/atmel studio 7.1/7.0/toolchain/avr8/avr8-gnu-toolchain/bin/../lib/gcc/avr/5.4.0/../../../../avr/lib/avr5\libm.a(mulsf3.o)
                              MPU6050/gyro_math.o (__mulsf3)
[...]
Memory Configuration

Name             Origin             Length             Attributes
text             0x00000000         0x00020000         xr
data             0x00800060         0x0000ffa0         rw !x
eeprom           0x00810000         0x00010000         rw !x
fuse             0x00820000         0x00000003         rw !x
lock             0x00830000         0x00000400         rw !x
signature        0x00840000         0x00000400         rw !x
user_signatures  0x00850000         0x00000400         rw !x
*default*        0x00000000         0xffffffff

Linker script and memory map

Address of section .data set to 0x800100
LOAD D:/Atmel/Atmel Studio 7.1/7.0/Packs/atmel/ATmega_DFP/1.2.150/gcc/dev/atmega328pb/avr5/crtatmega328pb.o
LOAD Common.o
LOAD i2c_twi.o
LOAD main.o
LOAD MPU6050/gyro_math.o
LOAD MPU6050/MPU6050.o
LOAD SBUS/Sbus.o
LOAD Timer/PWM_control.o
LOAD Timer/Timer.o
LOAD Timer/Timer3.o
LOAD Timer/Timer4.o
LOAD twi_buf_pos.o
LOAD Uart/RecieveCommands.o
LOAD Uart/Uart.o
LOAD Uart/Uart_HW.o
START GROUP
LOAD d:/atmel/atmel studio 7.1/7.0/toolchain/avr8/avr8-gnu-toolchain/bin/../lib/gcc/avr/5.4.0/../../../../avr/lib/avr5\libm.a
END GROUP
START GROUP
LOAD d:/atmel/atmel studio 7.1/7.0/toolchain/avr8/avr8-gnu-toolchain/bin/../lib/gcc/avr/5.4.0/avr5\libgcc.a
LOAD d:/atmel/atmel studio 7.1/7.0/toolchain/avr8/avr8-gnu-toolchain/bin/../lib/gcc/avr/5.4.0/../../../../avr/lib/avr5\libm.a
LOAD d:/atmel/atmel studio 7.1/7.0/toolchain/avr8/avr8-gnu-toolchain/bin/../lib/gcc/avr/5.4.0/../../../../avr/lib/avr5\libc.a
LOAD D:/Atmel/Atmel Studio 7.1/7.0/Packs/atmel/ATmega_DFP/1.2.150/gcc/dev/atmega328pb/avr5\libatmega328pb.a
END GROUP
                0x00020000                __TEXT_REGION_LENGTH__ = DEFINED (__TEXT_REGION_LENGTH__)?__TEXT_REGION_LENGTH__:0x20000
                0x0000ffa0                __DATA_REGION_LENGTH__ = DEFINED (__DATA_REGION_LENGTH__)?__DATA_REGION_LENGTH__:0xffa0
                0x00010000                __EEPROM_REGION_LENGTH__ = DEFINED (__EEPROM_REGION_LENGTH__)?__EEPROM_REGION_LENGTH__:0x10000
                [0x00000003]                __FUSE_REGION_LENGTH__ = DEFINED (__FUSE_REGION_LENGTH__)?__FUSE_REGION_LENGTH__:0x400
                0x00000400                __LOCK_REGION_LENGTH__ = DEFINED (__LOCK_REGION_LENGTH__)?__LOCK_REGION_LENGTH__:0x400
                0x00000400                __SIGNATURE_REGION_LENGTH__ = DEFINED (__SIGNATURE_REGION_LENGTH__)?__SIGNATURE_REGION_LENGTH__:0x400
                0x00000400                __USER_SIGNATURE_REGION_LENGTH__ = DEFINED (__USER_SIGNATURE_REGION_LENGTH__)?__USER_SIGNATURE_REGION_LENGTH__:0x400

.hash
 *(.hash)

.dynsym
 *(.dynsym)

.dynstr
 *(.dynstr)

.gnu.version
 *(.gnu.version)

.gnu.version_d
 *(.gnu.version_d)

.gnu.version_r
 *(.gnu.version_r)

.rel.init
 *(.rel.init)

.rela.init
 *(.rela.init)

.rel.text
 *(.rel.text)
 *(.rel.text.*)
 *(.rel.gnu.linkonce.t*)

.rela.text
 *(.rela.text)
 *(.rela.text.*)
 *(.rela.gnu.linkonce.t*)

.rel.fini
 *(.rel.fini)

.rela.fini
 *(.rela.fini)

.rel.rodata
 *(.rel.rodata)
 *(.rel.rodata.*)
 *(.rel.gnu.linkonce.r*)

.rela.rodata
 *(.rela.rodata)
 *(.rela.rodata.*)
 *(.rela.gnu.linkonce.r*)

.rel.data
 *(.rel.data)
 *(.rel.data.*)
 *(.rel.gnu.linkonce.d*)

.rela.data
 *(.rela.data)
 *(.rela.data.*)
 *(.rela.gnu.linkonce.d*)

.rel.ctors
 *(.rel.ctors)

.rela.ctors
 *(.rela.ctors)

.rel.dtors
 *(.rel.dtors)

.rela.dtors
 *(.rela.dtors)

.rel.got
 *(.rel.got)

.rela.got
 *(.rela.got)

.rel.bss
 *(.rel.bss)

.rela.bss
 *(.rela.bss)

.rel.plt
 *(.rel.plt)

.rela.plt
 *(.rela.plt)

.text           0x00000000     0x3724
 *(.vectors)
 .vectors       0x00000000       0xb4 D:/Atmel/Atmel Studio 7.1/7.0/Packs/atmel/ATmega_DFP/1.2.150/gcc/dev/atmega328pb/avr5/crtatmega328pb.o
                0x00000000                __vector_default
                0x00000000                __vectors
 *(.vectors)
 *(.progmem.gcc*)
 .progmem.gcc_sw_table.__vector_24
                0x000000b4       0x12 twi_buf_pos.o
 .progmem.gcc_fplib
                0x000000c6       0x2d d:/atmel/atmel studio 7.1/7.0/toolchain/avr8/avr8-gnu-toolchain/bin/../lib/gcc/avr/5.4.0/../../../../avr/lib/avr5\libm.a(atan.o)
                0x000000f4                . = ALIGN (0x2)
 *fill*         0x000000f3        0x1 
                0x000000f4                __trampolines_start = .
 *(.trampolines)
 .trampolines   0x000000f4        0x0 linker stubs
 *(.trampolines*)
                0x000000f4                __trampolines_end = .
 *libprintf_flt.a:*(.progmem.data)
 *libc.a:*(.progmem.data)
 *(.progmem*)
 .progmem.data.ER_commands
                0x000000f4       0x6e Uart/RecieveCommands.o
                0x000000f4                ER_commands
                0x00000162                . = ALIGN (0x2)
 *(.jumptables)
 *(.jumptables*)
 *(.lowtext)
 *(.lowtext*)
                0x00000162                __ctors_start = .
 *(.ctors)
                0x00000162                __ctors_end = .
                0x00000162                __dtors_start = .
 *(.dtors)
                0x00000162                __dtors_end = .
 SORT(*)(.ctors)
 SORT(*)(.dtors)
 *(.init0)
 .init0         0x00000162        0x0 D:/Atmel/Atmel Studio 7.1/7.0/Packs/atmel/ATmega_DFP/1.2.150/gcc/dev/atmega328pb/avr5/crtatmega328pb.o
                0x00000162                __init
 *(.init0)
 *(.init1)
 *(.init1)
 *(.init2)
 .init2         0x00000162        0xc D:/Atmel/Atmel Studio 7.1/7.0/Packs/atmel/ATmega_DFP/1.2.150/gcc/dev/atmega328pb/avr5/crtatmega328pb.o
 *(.init2)
 *(.init3)
 *(.init3)
 *(.init4)
 .init4         0x0000016e       0x16 d:/atmel/atmel studio 7.1/7.0/toolchain/avr8/avr8-gnu-toolchain/bin/../lib/gcc/avr/5.4.0/avr5\libgcc.a(_copy_data.o)
                0x0000016e                __do_copy_data
 .init4         0x00000184       0x10 d:/atmel/atmel studio 7.1/7.0/toolchain/avr8/avr8-gnu-toolchain/bin/../lib/gcc/avr/5.4.0/avr5\libgcc.a(_clear_bss.o)
                0x00000184                __do_clear_bss
 *(.init4)
 *(.init5)
 *(.init5)
 *(.init6)
 *(.init6)
 *(.init7)
 *(.init7)
 *(.init8)
 *(.init8)
 *(.init9)
 .init9         0x00000194        0x8 D:/Atmel/Atmel Studio 7.1/7.0/Packs/atmel/ATmega_DFP/1.2.150/gcc/dev/atmega328pb/avr5/crtatmega328pb.o
 *(.init9)
 *(.text)
 .text          0x0000019c        0x4 D:/Atmel/Atmel Studio 7.1/7.0/Packs/atmel/ATmega_DFP/1.2.150/gcc/dev/atmega328pb/avr5/crtatmega328pb.o
                0x0000019c                __vector_38
                0x0000019c                __vector_22
                0x0000019c                __vector_1
                0x0000019c                __vector_32
                0x0000019c                __vector_12
                0x0000019c                __bad_interrupt
                0x0000019c                __vector_6
                0x0000019c                __vector_31
                0x0000019c                __vector_35
                0x0000019c                __vector_39
                0x0000019c                __vector_3
                0x0000019c                __vector_23
                0x0000019c                __vector_30
                0x0000019c                __vector_25
                0x0000019c                __vector_11
                0x0000019c                __vector_13
                0x0000019c                __vector_17
                0x0000019c                __vector_19
                0x0000019c                __vector_7
                0x0000019c                __vector_41
                0x0000019c                __vector_43
                0x0000019c                __vector_27
                0x0000019c                __vector_5
                0x0000019c                __vector_37
                0x0000019c                __vector_4
                0x0000019c                __vector_44
                0x0000019c                __vector_9
                0x0000019c                __vector_2
                0x0000019c                __vector_21
                0x0000019c                __vector_15
                0x0000019c                __vector_36
                0x0000019c                __vector_29
                0x0000019c                __vector_40
                0x0000019c                __vector_8
                0x0000019c                __vector_26
                0x0000019c                __vector_14
                0x0000019c                __vector_10
                0x000001a0                . = ALIGN (0x2)
 *(.text.*)
 .text.PlaceInGyroBuffor
                0x000001a0       0x68 Common.o
                0x000001a0                PlaceInGyroBuffor
 .text.PlaceInAccBuffor
                0x00000208       0x68 Common.o
                0x00000208                PlaceInAccBuffor
 .text.ReadGyroSample
                0x00000270       0x5c Common.o
                0x00000270                ReadGyroSample
 .text.ReadAccSample
                0x000002cc       0x5c Common.o
                0x000002cc                ReadAccSample
 .text.ReadGyroSample_ViewOnly
                0x00000328       0x3e Common.o
                0x00000328                ReadGyroSample_ViewOnly
 .text.ReadAccSample_ViewOnly
                0x00000366       0x3e Common.o
                0x00000366                ReadAccSample_ViewOnly
 .text.SamplesGyroBuf
                0x000003a4       0x12 Common.o
                0x000003a4                SamplesGyroBuf
 .text.SamplesAccBuf
                0x000003b6       0x12 Common.o
                0x000003b6                SamplesAccBuf
 .text.ReadGyroBuf
                0x000003c8       0x86 Common.o
                0x000003c8                ReadGyroBuf
 .text.ReadAccBuf
                0x0000044e       0x86 Common.o
                0x0000044e                ReadAccBuf
 .text.AveragingLinearMPU6050
                0x000004d4      0x100 Common.o
                0x000004d4                AveragingLinearMPU6050
 .text.ReadGyroBufAveraged
                0x000005d4       0x54 Common.o
                0x000005d4                ReadGyroBufAveraged
 .text.AveragingWeightingMPU6050
                0x00000628      0x1a0 Common.o
                0x00000628                AveragingWeightingMPU6050
 .text.ReadAccBufAveraged
                0x000007c8       0x54 Common.o
                0x000007c8                ReadAccBufAveraged
 .text.Read_Channels
                0x0000081c       0xcc Common.o
                0x0000081c                Read_Channels
 .text.ProcessPWMs
                0x000008e8      0x1d0 Common.o
                0x000008e8                ProcessPWMs
 .text.Events   0x00000ab8       0x18 Common.o
                0x00000ab8                Events
 .text.EnableDebug
                0x00000ad0       0x18 Common.o
                0x00000ad0                EnableDebug
 .text.I2C_start
                0x00000ae8       0x12 i2c_twi.o
                0x00000ae8                I2C_start
 .text.I2C_stop
                0x00000afa       0x12 i2c_twi.o
                0x00000afa                I2C_stop
 .text.I2C_write
                0x00000b0c       0x16 i2c_twi.o
                0x00000b0c                I2C_write
 .text.I2C_read
                0x00000b22       0x1e i2c_twi.o
                0x00000b22                I2C_read
 .text.I2C_write_byte
                0x00000b40       0x30 i2c_twi.o
                0x00000b40                I2C_write_byte
 .text.I2C_read_buf
                0x00000b70       0x70 i2c_twi.o
                0x00000b70                I2C_read_buf
 .text.main     0x00000be0       0xb4 main.o
                0x00000be0                main
 .text.ProcessAngle
                0x00000c94       0x94 MPU6050/gyro_math.o
                0x00000c94                ProcessAngle
 .text.CheckTotalG
                0x00000d28       0x5e MPU6050/gyro_math.o
                0x00000d28                CheckTotalG
 .text.CalculateNewPos
                0x00000d86       0xda MPU6050/gyro_math.o
                0x00000d86                CalculateNewPos
 .text.ProcessPosition
                0x00000e60      0x15a MPU6050/gyro_math.o
                0x00000e60                ProcessPosition
 .text.CalibrateMPU6050
                0x00000fba      0x3f8 MPU6050/MPU6050.o
                0x00000fba                CalibrateMPU6050
 .text.InitMPU6050
                0x000013b2       0xc8 MPU6050/MPU6050.o
                0x000013b2                InitMPU6050
 .text.ReadMPU6050
                0x0000147a      0x14e MPU6050/MPU6050.o
                0x0000147a                ReadMPU6050
 .text.Sbus_process_buffor
                0x000015c8      0x292 SBUS/Sbus.o
                0x000015c8                Sbus_process_buffor
 .text.InitUartSBUS
                0x0000185a       0x26 SBUS/Sbus.o
                0x0000185a                InitUartSBUS
 .text.__vector_28
                0x00001880       0x98 SBUS/Sbus.o
                0x00001880                __vector_28
 .text.InitTrimming
                0x00001918       0x6a Timer/PWM_control.o
                0x00001918                InitTrimming
 .text.DebugDisable
                0x00001982       0x18 Timer/Timer.o
                0x00001982                DebugDisable
 .text.CalculatePosition
                0x0000199a       0x60 Timer/Timer.o
                0x0000199a                CalculatePosition
 .text.SendPosition
                0x000019fa       0x46 Timer/Timer.o
                0x000019fa                SendPosition
 .text.AdditionalFunction
                0x00001a40      0x168 Timer/Timer.o
                0x00001a40                AdditionalFunction
 .text.InitCommonTimer
                0x00001ba8       0x12 Timer/Timer.o
                0x00001ba8                InitCommonTimer
 .text.InitPWMTimers
                0x00001bba        0xa Timer/Timer.o
                0x00001bba                InitPWMTimers
 .text.CheckCommonTimer
                0x00001bc4       0x34 Timer/Timer.o
                0x00001bc4                CheckCommonTimer
 .text.__vector_16
                0x00001bf8       0x8a Timer/Timer.o
                0x00001bf8                __vector_16
 .text.InitTimer3
                0x00001c82       0x32 Timer/Timer3.o
                0x00001c82                InitTimer3
 .text.__vector_33
                0x00001cb4       0x36 Timer/Timer3.o
                0x00001cb4                __vector_33
 .text.__vector_34
                0x00001cea       0xde Timer/Timer3.o
                0x00001cea                __vector_34
 .text.InitTimer4
                0x00001dc8       0x18 Timer/Timer4.o
                0x00001dc8                InitTimer4
 .text.Register_PWM_Pin
                0x00001de0       0x3c Timer/Timer4.o
                0x00001de0                Register_PWM_Pin
 .text.__vector_42
                0x00001e1c       0x4c Timer/Timer4.o
                0x00001e1c                __vector_42
 .text.__vector_24
                0x00001e68      0x438 twi_buf_pos.o
                0x00001e68                __vector_24
 .text.er_service
                0x000022a0        0xc Uart/RecieveCommands.o
                0x000022a0                er_service
 .text.er_read  0x000022ac       0xb0 Uart/RecieveCommands.o
                0x000022ac                er_read
 .text.er_buf   0x0000235c       0xba Uart/RecieveCommands.o
                0x0000235c                er_buf
 .text.er_dbg   0x00002416        0x6 Uart/RecieveCommands.o
                0x00002416                er_dbg
 .text.er_sbus  0x0000241c       0x40 Uart/RecieveCommands.o
                0x0000241c                er_sbus
 .text.ProcessString
                0x0000245c      0x12a Uart/RecieveCommands.o
                0x0000245c                ProcessString
 .text.InitUartCOM
                0x00002586        0x6 Uart/Uart.o
                0x00002586                InitUartCOM
 .text.ReceiveChar
                0x0000258c       0x2a Uart/Uart.o
                0x0000258c                ReceiveChar
 .text.SendString
                0x000025b6       0x2c Uart/Uart.o
                0x000025b6                SendString
 .text.SendEnter
                0x000025e2        0xe Uart/Uart.o
                0x000025e2                SendEnter
 .text.SendLine
                0x000025f0        0xa Uart/Uart.o
                0x000025f0                SendLine
 .text.SendInt  0x000025fa      0x1e2 Uart/Uart.o
                0x000025fa                SendInt
 .text.SendStringInt
                0x000027dc       0x26 Uart/Uart.o
                0x000027dc                SendStringInt
 .text.SendUint
                0x00002802      0x15e Uart/Uart.o
                0x00002802                SendUint
 .text.SendStringUint
                0x00002960       0x1a Uart/Uart.o
                0x00002960                SendStringUint
 .text.CheckRxBuffor
                0x0000297a       0x5c Uart/Uart.o
                0x0000297a                CheckRxBuffor
 .text.InitUartCOM_HW
                0x000029d6       0x14 Uart/Uart_HW.o
                0x000029d6                InitUartCOM_HW
 .text.PutCharToBuffor
                0x000029ea       0x34 Uart/Uart_HW.o
                0x000029ea                PutCharToBuffor
 .text.__vector_20
                0x00002a1e       0x52 Uart/Uart_HW.o
                0x00002a1e                __vector_20
 .text.__vector_18
                0x00002a70       0x4c Uart/Uart_HW.o
                0x00002a70                __vector_18
 .text.avr-libc.fplib
                0x00002abc        0xe d:/atmel/atmel studio 7.1/7.0/toolchain/avr8/avr8-gnu-toolchain/bin/../lib/gcc/avr/5.4.0/../../../../avr/lib/avr5\libm.a(addsf3.o)
                0x00002abc                __subsf3
                0x00002abe                __addsf3
 .text.avr-libc.fplib
                0x00002aca       0xcc d:/atmel/atmel studio 7.1/7.0/toolchain/avr8/avr8-gnu-toolchain/bin/../lib/gcc/avr/5.4.0/../../../../avr/lib/avr5\libm.a(addsf3x.o)
                0x00002aec                __addsf3x
 .text.avr-libc.fplib
                0x00002b96       0x5e d:/atmel/atmel studio 7.1/7.0/toolchain/avr8/avr8-gnu-toolchain/bin/../lib/gcc/avr/5.4.0/../../../../avr/lib/avr5\libm.a(atan.o)
                0x00002b96                atan
 .text.avr-libc.fplib
                0x00002bf4        0x8 d:/atmel/atmel studio 7.1/7.0/toolchain/avr8/avr8-gnu-toolchain/bin/../lib/gcc/avr/5.4.0/../../../../avr/lib/avr5\libm.a(divsf3.o)
                0x00002bf4                __divsf3
 .text.avr-libc.fplib
                0x00002bfc       0xdc d:/atmel/atmel studio 7.1/7.0/toolchain/avr8/avr8-gnu-toolchain/bin/../lib/gcc/avr/5.4.0/../../../../avr/lib/avr5\libm.a(divsf3x.o)
                0x00002c1c                __divsf3x
                0x00002c22                __divsf3_pse
 .text.avr-libc.fplib
                0x00002cd8        0xe d:/atmel/atmel studio 7.1/7.0/toolchain/avr8/avr8-gnu-toolchain/bin/../lib/gcc/avr/5.4.0/../../../../avr/lib/avr5\libm.a(fixsfsi.o)
                0x00002cd8                __fixsfsi
 .text.avr-libc.fplib
                0x00002ce6       0x5e d:/atmel/atmel studio 7.1/7.0/toolchain/avr8/avr8-gnu-toolchain/bin/../lib/gcc/avr/5.4.0/../../../../avr/lib/avr5\libm.a(fixunssfsi.o)
                0x00002ce6                __fixunssfsi
 .text.avr-libc.fplib
                0x00002d44       0x7a d:/atmel/atmel studio 7.1/7.0/toolchain/avr8/avr8-gnu-toolchain/bin/../lib/gcc/avr/5.4.0/../../../../avr/lib/avr5\libm.a(floatsisf.o)
                0x00002d44                __floatunsisf
                0x00002d48                __floatsisf
 .text.avr-libc.fplib
                0x00002dbe        0xc d:/atmel/atmel studio 7.1/7.0/toolchain/avr8/avr8-gnu-toolchain/bin/../lib/gcc/avr/5.4.0/../../../../avr/lib/avr5\libm.a(fp_inf.o)
                0x00002dbe                __fp_inf
 .text.avr-libc.fplib
                0x00002dca        0x6 d:/atmel/atmel studio 7.1/7.0/toolchain/avr8/avr8-gnu-toolchain/bin/../lib/gcc/avr/5.4.0/../../../../avr/lib/avr5\libm.a(fp_nan.o)
                0x00002dca                __fp_nan
 .text.avr-libc.fplib
                0x00002dd0       0x4e d:/atmel/atmel studio 7.1/7.0/toolchain/avr8/avr8-gnu-toolchain/bin/../lib/gcc/avr/5.4.0/../../../../avr/lib/avr5\libm.a(fp_powser.o)
                0x00002dd0                __fp_powser
 .text.avr-libc.fplib
                0x00002e1e        0xe d:/atmel/atmel studio 7.1/7.0/toolchain/avr8/avr8-gnu-toolchain/bin/../lib/gcc/avr/5.4.0/../../../../avr/lib/avr5\libm.a(fp_pscA.o)
                0x00002e1e                __fp_pscA
 .text.avr-libc.fplib
                0x00002e2c        0xe d:/atmel/atmel studio 7.1/7.0/toolchain/avr8/avr8-gnu-toolchain/bin/../lib/gcc/avr/5.4.0/../../../../avr/lib/avr5\libm.a(fp_pscB.o)
                0x00002e2c                __fp_pscB
 .text.avr-libc.fplib
                0x00002e3a       0x22 d:/atmel/atmel studio 7.1/7.0/toolchain/avr8/avr8-gnu-toolchain/bin/../lib/gcc/avr/5.4.0/../../../../avr/lib/avr5\libm.a(fp_round.o)
                0x00002e3a                __fp_round
 .text.avr-libc.fplib
                0x00002e5c       0x44 d:/atmel/atmel studio 7.1/7.0/toolchain/avr8/avr8-gnu-toolchain/bin/../lib/gcc/avr/5.4.0/../../../../avr/lib/avr5\libm.a(fp_split3.o)
                0x00002e5c                __fp_split3
                0x00002e6c                __fp_splitA
 .text.avr-libc.fplib
                0x00002ea0        0xe d:/atmel/atmel studio 7.1/7.0/toolchain/avr8/avr8-gnu-toolchain/bin/../lib/gcc/avr/5.4.0/../../../../avr/lib/avr5\libm.a(fp_zero.o)
                0x00002ea0                __fp_zero
                0x00002ea2                __fp_szero
 .text.avr-libc.fplib
                0x00002eae       0x10 d:/atmel/atmel studio 7.1/7.0/toolchain/avr8/avr8-gnu-toolchain/bin/../lib/gcc/avr/5.4.0/../../../../avr/lib/avr5\libm.a(inverse.o)
                0x00002eae                inverse
 .text.avr-libc.fplib
                0x00002ebe        0x8 d:/atmel/atmel studio 7.1/7.0/toolchain/avr8/avr8-gnu-toolchain/bin/../lib/gcc/avr/5.4.0/../../../../avr/lib/avr5\libm.a(mulsf3.o)
                0x00002ebe                __mulsf3
 .text.avr-libc.fplib
                0x00002ec6       0xd2 d:/atmel/atmel studio 7.1/7.0/toolchain/avr8/avr8-gnu-toolchain/bin/../lib/gcc/avr/5.4.0/../../../../avr/lib/avr5\libm.a(mulsf3x.o)
                0x00002ee4                __mulsf3x
                0x00002eea                __mulsf3_pse
 .text.avr-libc.fplib
                0x00002f98        0x8 d:/atmel/atmel studio 7.1/7.0/toolchain/avr8/avr8-gnu-toolchain/bin/../lib/gcc/avr/5.4.0/../../../../avr/lib/avr5\libm.a(square.o)
                0x00002f98                square
 .text.libgcc.mul
                0x00002fa0       0x20 d:/atmel/atmel studio 7.1/7.0/toolchain/avr8/avr8-gnu-toolchain/bin/../lib/gcc/avr/5.4.0/avr5\libgcc.a(_mulsi3.o)
                0x00002fa0                __mulsi3
 .text.libgcc.div
                0x00002fc0       0x44 d:/atmel/atmel studio 7.1/7.0/toolchain/avr8/avr8-gnu-toolchain/bin/../lib/gcc/avr/5.4.0/avr5\libgcc.a(_udivmodsi4.o)
                0x00002fc0                __udivmodsi4
 .text.libgcc.div
                0x00003004       0x2e d:/atmel/atmel studio 7.1/7.0/toolchain/avr8/avr8-gnu-toolchain/bin/../lib/gcc/avr/5.4.0/avr5\libgcc.a(_divmodsi4.o)
                0x00003004                __divmodsi4
 .text.libgcc.div
                0x00003032       0x10 d:/atmel/atmel studio 7.1/7.0/toolchain/avr8/avr8-gnu-toolchain/bin/../lib/gcc/avr/5.4.0/avr5\libgcc.a(_negsi2.o)
                0x00003032                __negsi2
 .text.libgcc   0x00003042        0xc d:/atmel/atmel studio 7.1/7.0/toolchain/avr8/avr8-gnu-toolchain/bin/../lib/gcc/avr/5.4.0/avr5\libgcc.a(_tablejump2.o)
                0x00003042                __tablejump2__
 .text.libgcc.mul
                0x0000304e       0x10 d:/atmel/atmel studio 7.1/7.0/toolchain/avr8/avr8-gnu-toolchain/bin/../lib/gcc/avr/5.4.0/avr5\libgcc.a(_mulhisi3.o)
                0x0000304e                __mulhisi3
 .text.libgcc.mul
                0x0000305e       0x1e d:/atmel/atmel studio 7.1/7.0/toolchain/avr8/avr8-gnu-toolchain/bin/../lib/gcc/avr/5.4.0/avr5\libgcc.a(_umulhisi3.o)
                0x0000305e                __umulhisi3
 .text.libgcc.mul
                0x0000307c        0xe d:/atmel/atmel studio 7.1/7.0/toolchain/avr8/avr8-gnu-toolchain/bin/../lib/gcc/avr/5.4.0/avr5\libgcc.a(_usmulhisi3.o)
                0x0000307c                __usmulhisi3
                0x00003080                __usmulhisi3_tail
 .text.libgcc.mul
                0x0000308a       0x16 d:/atmel/atmel studio 7.1/7.0/toolchain/avr8/avr8-gnu-toolchain/bin/../lib/gcc/avr/5.4.0/avr5\libgcc.a(_muluhisi3.o)
                0x0000308a                __muluhisi3
 .text.libgcc.mul
                0x000030a0       0x10 d:/atmel/atmel studio 7.1/7.0/toolchain/avr8/avr8-gnu-toolchain/bin/../lib/gcc/avr/5.4.0/avr5\libgcc.a(_mulshisi3.o)
                0x000030a0                __mulshisi3
                0x000030a6                __mulohisi3
 .text.avr-libc
                0x000030b0       0x12 d:/atmel/atmel studio 7.1/7.0/toolchain/avr8/avr8-gnu-toolchain/bin/../lib/gcc/avr/5.4.0/../../../../avr/lib/avr5\libc.a(strlen_P.o)
                0x000030b0                __strlen_P
 .text.avr-libc
                0x000030c2       0x30 d:/atmel/atmel studio 7.1/7.0/toolchain/avr8/avr8-gnu-toolchain/bin/../lib/gcc/avr/5.4.0/../../../../avr/lib/avr5\libc.a(strncasecmp_P.o)
                0x000030c2                strncasecmp_P
 .text.avr-libc
                0x000030f2       0x4e d:/atmel/atmel studio 7.1/7.0/toolchain/avr8/avr8-gnu-toolchain/bin/../lib/gcc/avr/5.4.0/../../../../avr/lib/avr5\libc.a(strtok_r.o)
                0x000030f2                strtok_r
 .text.avr-libc
                0x00003140      0x3c2 d:/atmel/atmel studio 7.1/7.0/toolchain/avr8/avr8-gnu-toolchain/bin/../lib/gcc/avr/5.4.0/../../../../avr/lib/avr5\libc.a(vfprintf_std.o)
                0x00003140                vfprintf
 .text.avr-libc
                0x00003502       0x16 d:/atmel/atmel studio 7.1/7.0/toolchain/avr8/avr8-gnu-toolchain/bin/../lib/gcc/avr/5.4.0/../../../../avr/lib/avr5\libc.a(strnlen_P.o)
                0x00003502                strnlen_P
 .text.avr-libc
                0x00003518       0x16 d:/atmel/atmel studio 7.1/7.0/toolchain/avr8/avr8-gnu-toolchain/bin/../lib/gcc/avr/5.4.0/../../../../avr/lib/avr5\libc.a(strnlen.o)
                0x00003518                strnlen
 .text.avr-libc
                0x0000352e       0x78 d:/atmel/atmel studio 7.1/7.0/toolchain/avr8/avr8-gnu-toolchain/bin/../lib/gcc/avr/5.4.0/../../../../avr/lib/avr5\libc.a(fputc.o)
                0x0000352e                fputc
 .text.avr-libc
                0x000035a6       0xbc d:/atmel/atmel studio 7.1/7.0/toolchain/avr8/avr8-gnu-toolchain/bin/../lib/gcc/avr/5.4.0/../../../../avr/lib/avr5\libc.a(ultoa_invert.o)
                0x000035a6                __ultoa_invert
 .text.avr-libc
                0x00003662       0x20 D:/Atmel/Atmel Studio 7.1/7.0/Packs/atmel/ATmega_DFP/1.2.150/gcc/dev/atmega328pb/avr5\libatmega328pb.a(eerd_block.o)
                0x00003662                eeprom_read_block
                0x00003666                eeprom_read_blraw
 .text.avr-libc
                0x00003682       0x14 D:/Atmel/Atmel Studio 7.1/7.0/Packs/atmel/ATmega_DFP/1.2.150/gcc/dev/atmega328pb/avr5\libatmega328pb.a(eewr_block.o)
                0x00003682                eeprom_write_block
 .text.avr-libc
                0x00003696       0x1c D:/Atmel/Atmel Studio 7.1/7.0/Packs/atmel/ATmega_DFP/1.2.150/gcc/dev/atmega328pb/avr5\libatmega328pb.a(eewr_byte.o)
                0x00003696                eeprom_write_byte
                0x00003698                eeprom_write_r18
 .text.libgcc.prologue
                0x000036b2       0x38 d:/atmel/atmel studio 7.1/7.0/toolchain/avr8/avr8-gnu-toolchain/bin/../lib/gcc/avr/5.4.0/avr5\libgcc.a(_prologue.o)
                0x000036b2                __prologue_saves__
 .text.libgcc.prologue
                0x000036ea       0x36 d:/atmel/atmel studio 7.1/7.0/toolchain/avr8/avr8-gnu-toolchain/bin/../lib/gcc/avr/5.4.0/avr5\libgcc.a(_epilogue.o)
                0x000036ea                __epilogue_restores__
                0x00003720                . = ALIGN (0x2)
 *(.fini9)
 .fini9         0x00003720        0x0 d:/atmel/atmel studio 7.1/7.0/toolchain/avr8/avr8-gnu-toolchain/bin/../lib/gcc/avr/5.4.0/avr5\libgcc.a(_exit.o)
                0x00003720                _exit
                0x00003720                exit
 *(.fini9)
 *(.fini8)
 *(.fini8)
 *(.fini7)
 *(.fini7)
 *(.fini6)
 *(.fini6)
 *(.fini5)
 *(.fini5)
 *(.fini4)
 *(.fini4)
 *(.fini3)
 *(.fini3)
 *(.fini2)
 *(.fini2)
 *(.fini1)
 *(.fini1)
 *(.fini0)
 .fini0         0x00003720        0x4 d:/atmel/atmel studio 7.1/7.0/toolchain/avr8/avr8-gnu-toolchain/bin/../lib/gcc/avr/5.4.0/avr5\libgcc.a(_exit.o)
 *(.fini0)
                0x00003724                _etext = .

.data           0x00800100      0x116 load address 0x00003724
                0x00800100                PROVIDE (__data_start, .)
 *(.data)
 *(.data*)
 .data.sbus_last_frame_counter
                0x00800100        0x1 SBUS/Sbus.o
                0x00800100                sbus_last_frame_counter
 .data.sbus_buffor_start_counter
                0x00800101        0x1 SBUS/Sbus.o
                0x00800101                sbus_buffor_start_counter
 .data.sbus_buffor_process_counter
                0x00800102        0x2 SBUS/Sbus.o
                0x00800102                sbus_buffor_process_counter
 .data.decrement_common
                0x00800104       0x14 Timer/Timer.o
                0x00800104                decrement_common
 .data.dbg_counter
                0x00800118        0x2 Timer/Timer.o
                0x00800118                dbg_counter
 *(.gnu.linkonce.d*)
 *(.rodata)
 *(.rodata*)
 .rodata.str1.1
                0x0080011a        0xc main.o
 .rodata.str1.1
                0x00800126       0x40 SBUS/Sbus.o
 .rodata.str1.1
                0x00800166       0x21 Timer/PWM_control.o
 .rodata.str1.1
                0x00800187       0x6c Timer/Timer.o
 .rodata.str1.1
                0x008001f3       0x23 Uart/RecieveCommands.o
                                 0x5b (size before relaxing)
 *(.gnu.linkonce.r*)
                0x00800216                . = ALIGN (0x2)
                0x00800216                _edata = .
                0x00800216                PROVIDE (__data_end, .)

.bss            0x00800216      0x2f0
                0x00800216                PROVIDE (__bss_start, .)
 *(.bss)
 *(.bss*)
 .bss.acc_tail  0x00800216        0x1 Common.o
                0x00800216                acc_tail
 .bss.acc_head  0x00800217        0x1 Common.o
                0x00800217                acc_head
 .bss.gyro_tail
                0x00800218        0x1 Common.o
                0x00800218                gyro_tail
 .bss.gyro_head
                0x00800219        0x1 Common.o
                0x00800219                gyro_head
 .bss.TxHead    0x0080021a        0x1 Uart/Uart.o
                0x0080021a                TxHead
 .bss.TxTail    0x0080021b        0x1 Uart/Uart.o
                0x0080021b                TxTail
 .bss.RxHead    0x0080021c        0x1 Uart/Uart.o
                0x0080021c                RxHead
 .bss.RxTail    0x0080021d        0x1 Uart/Uart.o
                0x0080021d                RxTail
 *(COMMON)
 COMMON         0x0080021e      0x118 Common.o
                0x0080021e                X_gyro_buff
                0x00800248                calculate_position_counter
                0x0080024a                Y_gyro_buff
                0x00800274                Z_acc_buff
                0x0080029e                X_acc_buff
                0x008002c8                acc_offset
                0x008002ce                flag1
                0x008002cf                pos_y
                0x008002d3                send_position_counter
                0x008002d5                gyro_offset
                0x008002db                pos_x
                0x008002df                Y_acc_buff
                0x00800309                events
                0x0080030a                additional_timer
                0x0080030c                Z_gyro_buff
 COMMON         0x00800336       0x3d SBUS/Sbus.o
                0x00800336                channel_value
                0x00800358                sbus_position
                0x00800359                Sbus_Buffor
 COMMON         0x00800373       0x42 Timer/PWM_control.o
                0x00800373                pwm_timers
                0x00800382                sbus_frame_delay
                0x00800383                eem_trim
                0x00800387                channel_new
                0x0080039c                ram_trim
                0x008003a0                channel_old
 COMMON         0x008003b5        0xa Timer/Timer3.o
                0x008003b5                selected_PWM_channel
                0x008003b6                pwm_channels
 COMMON         0x008003bf        0x3 Timer/Timer4.o
                0x008003bf                PORT
                0x008003c1                PIN
 COMMON         0x008003c2       0xa4 twi_buf_pos.o
                0x008003c2                twi_reset_counter
                0x008003c3                twi_command
                0x008003c5                twi_buf_pos
                0x008003c6                twi_bufor
 COMMON         0x00800466       0xa0 Uart/Uart.o
                0x00800466                RxBuffor
                0x00800486                TxBuffor
                0x00800506                PROVIDE (__bss_end, .)
                0x00003724                __data_load_start = LOADADDR (.data)
                0x0000383a                __data_load_end = (__data_load_start + SIZEOF (.data))

.noinit         0x00800506        0x0
                [!provide]                PROVIDE (__noinit_start, .)
 *(.noinit*)
                [!provide]                PROVIDE (__noinit_end, .)
                0x00800506                _end = .
                [!provide]                PROVIDE (__heap_start, .)

.eeprom         0x00810000        0x0
 *(.eeprom*)
                0x00810000                __eeprom_end = .

.fuse
 *(.fuse)
 *(.lfuse)
 *(.hfuse)
 *(.efuse)

.lock
 *(.lock*)

.signature
 *(.signature*)

.user_signatures
 *(.user_signatures*)

.stab
 *(.stab)

.stabstr
 *(.stabstr)

.stab.excl
 *(.stab.excl)

.stab.exclstr
 *(.stab.exclstr)

.stab.index
 *(.stab.index)

.stab.indexstr
 *(.stab.indexstr)

.comment        0x00000000       0x5c
 *(.comment)
 .comment       0x00000000       0x30 Common.o
                                 0x31 (size before relaxing)
 .comment       0x00000030       0x31 i2c_twi.o
 .comment       0x00000030       0x31 main.o
 .comment       0x00000030       0x31 MPU6050/gyro_math.o
 .comment       0x00000030       0x31 MPU6050/MPU6050.o
 .comment       0x00000030       0x31 SBUS/Sbus.o
 .comment       0x00000030       0x31 Timer/PWM_control.o
 .comment       0x00000030       0x31 Timer/Timer.o
 .comment       0x00000030       0x31 Timer/Timer3.o
 .comment       0x00000030       0x31 Timer/Timer4.o
 .comment       0x00000030       0x31 twi_buf_pos.o
 .comment       0x00000030       0x31 Uart/RecieveCommands.o
 .comment       0x00000030       0x31 Uart/Uart.o
 .comment       0x00000030       0x31 Uart/Uart_HW.o
 .comment       0x00000030       0x2c d:/atmel/atmel studio 7.1/7.0/toolchain/avr8/avr8-gnu-toolchain/bin/../lib/gcc/avr/5.4.0/../../../../avr/lib/avr5\libc.a(vfprintf_std.o)
                                 0x2d (size before relaxing)
 .comment       0x0000005c       0x31 d:/atmel/atmel studio 7.1/7.0/toolchain/avr8/avr8-gnu-toolchain/bin/../lib/gcc/avr/5.4.0/../../../../avr/lib/avr5\libc.a(fputc.o)

.note.gnu.avr.deviceinfo
                0x00000000       0x40
 .note.gnu.avr.deviceinfo
                0x00000000       0x40 D:/Atmel/Atmel Studio 7.1/7.0/Packs/atmel/ATmega_DFP/1.2.150/gcc/dev/atmega328pb/avr5/crtatmega328pb.o

.note.gnu.build-id
 *(.note.gnu.build-id)

.debug
 *(.debug)

.line
 *(.line)

.debug_srcinfo
 *(.debug_srcinfo)

.debug_sfnames
 *(.debug_sfnames)

.debug_aranges  0x00000000      0x470
 *(.debug_aranges)
 .debug_aranges
                0x00000000       0xa8 Common.o
 .debug_aranges
                0x000000a8       0x58 i2c_twi.o
 .debug_aranges
                0x00000100       0x20 main.o
 .debug_aranges
                0x00000120       0x38 MPU6050/gyro_math.o
 .debug_aranges
                0x00000158       0x30 MPU6050/MPU6050.o
 .debug_aranges
                0x00000188       0x38 SBUS/Sbus.o
 .debug_aranges
                0x000001c0       0x20 Timer/PWM_control.o
 .debug_aranges
                0x000001e0       0x58 Timer/Timer.o
 .debug_aranges
                0x00000238       0x30 Timer/Timer3.o
 .debug_aranges
                0x00000268       0x30 Timer/Timer4.o
 .debug_aranges
                0x00000298       0x80 twi_buf_pos.o
 .debug_aranges
                0x00000318       0x48 Uart/RecieveCommands.o
 .debug_aranges
                0x00000360       0x70 Uart/Uart.o
 .debug_aranges
                0x000003d0       0x40 Uart/Uart_HW.o
 .debug_aranges
                0x00000410       0x20 D:/Atmel/Atmel Studio 7.1/7.0/Packs/atmel/ATmega_DFP/1.2.150/gcc/dev/atmega328pb/avr5\libatmega328pb.a(eerd_block.o)
 .debug_aranges
                0x00000430       0x20 D:/Atmel/Atmel Studio 7.1/7.0/Packs/atmel/ATmega_DFP/1.2.150/gcc/dev/atmega328pb/avr5\libatmega328pb.a(eewr_block.o)
 .debug_aranges
                0x00000450       0x20 D:/Atmel/Atmel Studio 7.1/7.0/Packs/atmel/ATmega_DFP/1.2.150/gcc/dev/atmega328pb/avr5\libatmega328pb.a(eewr_byte.o)

.debug_pubnames
 *(.debug_pubnames)

.debug_info     0x00000000     0x573f
 *(.debug_info .gnu.linkonce.wi.*)
 .debug_info    0x00000000      0x8ea D:/Atmel/Atmel Studio 7.1/7.0/Packs/atmel/ATmega_DFP/1.2.150/gcc/dev/atmega328pb/avr5/crtatmega328pb.o
 .debug_info    0x000008ea      0xb08 Common.o
 .debug_info    0x000013f2      0x394 i2c_twi.o
 .debug_info    0x00001786      0x3de main.o
 .debug_info    0x00001b64      0x464 MPU6050/gyro_math.o
 .debug_info    0x00001fc8      0xa3e MPU6050/MPU6050.o
 .debug_info    0x00002a06      0x3a7 SBUS/Sbus.o
 .debug_info    0x00002dad      0x416 Timer/PWM_control.o
 .debug_info    0x000031c3      0x70b Timer/Timer.o
 .debug_info    0x000038ce      0x2e7 Timer/Timer3.o
 .debug_info    0x00003bb5      0x240 Timer/Timer4.o
 .debug_info    0x00003df5      0x732 twi_buf_pos.o
 .debug_info    0x00004527      0x8b0 Uart/RecieveCommands.o
 .debug_info    0x00004dd7      0x5e8 Uart/Uart.o
 .debug_info    0x000053bf      0x177 Uart/Uart_HW.o
 .debug_info    0x00005536       0xae D:/Atmel/Atmel Studio 7.1/7.0/Packs/atmel/ATmega_DFP/1.2.150/gcc/dev/atmega328pb/avr5\libatmega328pb.a(eerd_block.o)
 .debug_info    0x000055e4       0xae D:/Atmel/Atmel Studio 7.1/7.0/Packs/atmel/ATmega_DFP/1.2.150/gcc/dev/atmega328pb/avr5\libatmega328pb.a(eewr_block.o)
 .debug_info    0x00005692       0xad D:/Atmel/Atmel Studio 7.1/7.0/Packs/atmel/ATmega_DFP/1.2.150/gcc/dev/atmega328pb/avr5\libatmega328pb.a(eewr_byte.o)

.debug_abbrev   0x00000000     0x1fa5
 *(.debug_abbrev)
 .debug_abbrev  0x00000000      0x86e D:/Atmel/Atmel Studio 7.1/7.0/Packs/atmel/ATmega_DFP/1.2.150/gcc/dev/atmega328pb/avr5/crtatmega328pb.o
 .debug_abbrev  0x0000086e      0x238 Common.o
 .debug_abbrev  0x00000aa6      0x12f i2c_twi.o
 .debug_abbrev  0x00000bd5      0x19c main.o
 .debug_abbrev  0x00000d71      0x194 MPU6050/gyro_math.o
 .debug_abbrev  0x00000f05      0x225 MPU6050/MPU6050.o
 .debug_abbrev  0x0000112a      0x147 SBUS/Sbus.o
 .debug_abbrev  0x00001271      0x130 Timer/PWM_control.o
 .debug_abbrev  0x000013a1      0x1d4 Timer/Timer.o
 .debug_abbrev  0x00001575      0x145 Timer/Timer3.o
 .debug_abbrev  0x000016ba      0x131 Timer/Timer4.o
 .debug_abbrev  0x000017eb      0x28d twi_buf_pos.o
 .debug_abbrev  0x00001a78      0x24b Uart/RecieveCommands.o
 .debug_abbrev  0x00001cc3      0x1b3 Uart/Uart.o
 .debug_abbrev  0x00001e76       0xf3 Uart/Uart_HW.o
 .debug_abbrev  0x00001f69       0x14 D:/Atmel/Atmel Studio 7.1/7.0/Packs/atmel/ATmega_DFP/1.2.150/gcc/dev/atmega328pb/avr5\libatmega328pb.a(eerd_block.o)
 .debug_abbrev  0x00001f7d       0x14 D:/Atmel/Atmel Studio 7.1/7.0/Packs/atmel/ATmega_DFP/1.2.150/gcc/dev/atmega328pb/avr5\libatmega328pb.a(eewr_block.o)
 .debug_abbrev  0x00001f91       0x14 D:/Atmel/Atmel Studio 7.1/7.0/Packs/atmel/ATmega_DFP/1.2.150/gcc/dev/atmega328pb/avr5\libatmega328pb.a(eewr_byte.o)

.debug_line     0x00000000     0x2939
 *(.debug_line .debug_line.* .debug_line_end)
 .debug_line    0x00000000      0x1a5 D:/Atmel/Atmel Studio 7.1/7.0/Packs/atmel/ATmega_DFP/1.2.150/gcc/dev/atmega328pb/avr5/crtatmega328pb.o
 .debug_line    0x000001a5      0x5cc Common.o
 .debug_line    0x00000771      0x255 i2c_twi.o
 .debug_line    0x000009c6      0x20f main.o
 .debug_line    0x00000bd5      0x195 MPU6050/gyro_math.o
 .debug_line    0x00000d6a      0x3e6 MPU6050/MPU6050.o
 .debug_line    0x00001150      0x26a SBUS/Sbus.o
 .debug_line    0x000013ba      0x151 Timer/PWM_control.o
 .debug_line    0x0000150b      0x2e4 Timer/Timer.o
 .debug_line    0x000017ef      0x156 Timer/Timer3.o
 .debug_line    0x00001945      0x10e Timer/Timer4.o
 .debug_line    0x00001a53      0x48a twi_buf_pos.o
 .debug_line    0x00001edd      0x355 Uart/RecieveCommands.o
 .debug_line    0x00002232      0x3e3 Uart/Uart.o
 .debug_line    0x00002615      0x15b Uart/Uart_HW.o
 .debug_line    0x00002770       0xab D:/Atmel/Atmel Studio 7.1/7.0/Packs/atmel/ATmega_DFP/1.2.150/gcc/dev/atmega328pb/avr5\libatmega328pb.a(eerd_block.o)
 .debug_line    0x0000281b       0x80 D:/Atmel/Atmel Studio 7.1/7.0/Packs/atmel/ATmega_DFP/1.2.150/gcc/dev/atmega328pb/avr5\libatmega328pb.a(eewr_block.o)
 .debug_line    0x0000289b       0x9e D:/Atmel/Atmel Studio 7.1/7.0/Packs/atmel/ATmega_DFP/1.2.150/gcc/dev/atmega328pb/avr5\libatmega328pb.a(eewr_byte.o)

.debug_frame    0x00000000      0xd3c
 *(.debug_frame)
 .debug_frame   0x00000000      0x2d4 Common.o
 .debug_frame   0x000002d4       0xf0 i2c_twi.o
 .debug_frame   0x000003c4       0x24 main.o
 .debug_frame   0x000003e8      0x144 MPU6050/gyro_math.o
 .debug_frame   0x0000052c       0xec MPU6050/MPU6050.o
 .debug_frame   0x00000618       0x80 SBUS/Sbus.o
 .debug_frame   0x00000698       0x24 Timer/PWM_control.o
 .debug_frame   0x000006bc      0x10c Timer/Timer.o
 .debug_frame   0x000007c8       0xa0 Timer/Timer3.o
 .debug_frame   0x00000868       0x68 Timer/Timer4.o
 .debug_frame   0x000008d0      0x13c twi_buf_pos.o
 .debug_frame   0x00000a0c       0xec Uart/RecieveCommands.o
 .debug_frame   0x00000af8      0x178 Uart/Uart.o
 .debug_frame   0x00000c70       0xcc Uart/Uart_HW.o

.debug_str      0x00000000     0x10e8
 *(.debug_str)
 .debug_str     0x00000000      0x318 D:/Atmel/Atmel Studio 7.1/7.0/Packs/atmel/ATmega_DFP/1.2.150/gcc/dev/atmega328pb/avr5/crtatmega328pb.o
 .debug_str     0x00000318      0x55d Common.o
                                0x5e1 (size before relaxing)
 .debug_str     0x00000875       0x72 i2c_twi.o
                                0x1c6 (size before relaxing)
 .debug_str     0x000008e7       0xe8 main.o
                                0x2f2 (size before relaxing)
 .debug_str     0x000009cf       0xcb MPU6050/gyro_math.o
                                0x2fb (size before relaxing)
 .debug_str     0x00000a9a       0x85 MPU6050/MPU6050.o
                                0x33c (size before relaxing)
 .debug_str     0x00000b1f       0xc8 SBUS/Sbus.o
                                0x2e6 (size before relaxing)
 .debug_str     0x00000be7       0x7e Timer/PWM_control.o
                                0x30f (size before relaxing)
 .debug_str     0x00000c65       0xaf Timer/Timer.o
                                0x3f0 (size before relaxing)
 .debug_str     0x00000d14       0x50 Timer/Timer3.o
                                0x2ac (size before relaxing)
 .debug_str     0x00000d64       0x31 Timer/Timer4.o
                                0x24c (size before relaxing)
 .debug_str     0x00000d95      0x194 twi_buf_pos.o
                                0x348 (size before relaxing)
 .debug_str     0x00000f29       0xeb Uart/RecieveCommands.o
                                0x3e8 (size before relaxing)
 .debug_str     0x00001014       0x94 Uart/Uart.o
                                0x285 (size before relaxing)
 .debug_str     0x000010a8       0x40 Uart/Uart_HW.o
                                0x1e8 (size before relaxing)

.debug_loc      0x00000000     0x3e05
 *(.debug_loc)
 .debug_loc     0x00000000      0xe89 Common.o
 .debug_loc     0x00000e89      0x4d6 i2c_twi.o
 .debug_loc     0x0000135f       0x89 main.o
 .debug_loc     0x000013e8      0x7f7 MPU6050/gyro_math.o
 .debug_loc     0x00001bdf      0x9d7 MPU6050/MPU6050.o
 .debug_loc     0x000025b6      0x14a SBUS/Sbus.o
 .debug_loc     0x00002700      0x1bd Timer/Timer.o
 .debug_loc     0x000028bd      0x114 Timer/Timer3.o
 .debug_loc     0x000029d1       0xa2 Timer/Timer4.o
 .debug_loc     0x00002a73      0x599 twi_buf_pos.o
 .debug_loc     0x0000300c      0x386 Uart/RecieveCommands.o
 .debug_loc     0x00003392      0x926 Uart/Uart.o
 .debug_loc     0x00003cb8      0x14d Uart/Uart_HW.o

.debug_macinfo
 *(.debug_macinfo)

.debug_weaknames
 *(.debug_weaknames)

.debug_funcnames
 *(.debug_funcnames)

.debug_typenames
 *(.debug_typenames)

.debug_varnames
 *(.debug_varnames)

.debug_pubtypes
 *(.debug_pubtypes)

.debug_ranges   0x00000000      0x3b8
 *(.debug_ranges)
 .debug_ranges  0x00000000       0x98 Common.o
 .debug_ranges  0x00000098       0x48 i2c_twi.o
 .debug_ranges  0x000000e0       0x10 main.o
 .debug_ranges  0x000000f0       0x28 MPU6050/gyro_math.o
 .debug_ranges  0x00000118       0x38 MPU6050/MPU6050.o
 .debug_ranges  0x00000150       0x40 SBUS/Sbus.o
 .debug_ranges  0x00000190       0x10 Timer/PWM_control.o
 .debug_ranges  0x000001a0       0x48 Timer/Timer.o
 .debug_ranges  0x000001e8       0x20 Timer/Timer3.o
 .debug_ranges  0x00000208       0x20 Timer/Timer4.o
 .debug_ranges  0x00000228       0x70 twi_buf_pos.o
 .debug_ranges  0x00000298       0x38 Uart/RecieveCommands.o
 .debug_ranges  0x000002d0       0xb8 Uart/Uart.o
 .debug_ranges  0x00000388       0x30 Uart/Uart_HW.o

.debug_macro
 *(.debug_macro)
OUTPUT(Flight assistant.elf elf32-avr)
LOAD linker stubs
