Archive member included to satisfy reference by file (symbol)

d:/atmel/atmel studio 7.1/7.0/toolchain/avr8/avr8-gnu-toolchain/bin/../lib/gcc/avr/5.4.0/../../../../avr/lib/avr5\libm.a(addsf3.o)
                              MPU6050/gyro_math.o (__subsf3)
d:/atmel/atmel studio 7.1/7.0/toolchain/avr8/avr8-gnu-toolchain/bin/../lib/gcc/avr/5.4.0/../../../../avr/lib/avr5\libm.a(addsf3x.o)
                              d:/atmel/atmel studio 7.1/7.0/toolchain/avr8/avr8-gnu-toolchain/bin/../lib/gcc/avr/5.4.0/../../../../avr/lib/avr5\libm.a(addsf3.o) (__addsf3x)
d:/atmel/atmel studio 7.1/7.0/toolchain/avr8/avr8-gnu-toolchain/bin/../lib/gcc/avr/5.4.0/../../../../avr/lib/avr5\libm.a(atan.o)
                              MPU6050/gyro_math.o (atan)
d:/atmel/atmel studio 7.1/7.0/toolchain/avr8/avr8-gnu-toolchain/bin/../lib/gcc/avr/5.4.0/../../../../avr/lib/avr5\libm.a(divsf3.o)
                              MPU6050/gyro_math.o (__divsf3)
d:/atmel/atmel studio 7.1/7.0/toolchain/avr8/avr8-gnu-toolchain/bin/../lib/gcc/avr/5.4.0/../../../../avr/lib/avr5\libm.a(divsf3x.o)
                              d:/atmel/atmel studio 7.1/7.0/toolchain/avr8/avr8-gnu-toolchain/bin/../lib/gcc/avr/5.4.0/../../../../avr/lib/avr5\libm.a(divsf3.o) (__divsf3x)
d:/atmel/atmel studio 7.1/7.0/toolchain/avr8/avr8-gnu-toolchain/bin/../lib/gcc/avr/5.4.0/../../../../avr/lib/avr5\libm.a(fixsfsi.o)
                              MPU6050/gyro_math.o (__fixsfsi)
d:/atmel/atmel studio 7.1/7.0/toolchain/avr8/avr8-gnu-toolchain/bin/../lib/gcc/avr/5.4.0/../../../../avr/lib/avr5\libm.a(fixunssfsi.o)
                              d:/atmel/atmel studio 7.1/7.0/toolchain/avr8/avr8-gnu-toolchain/bin/../lib/gcc/avr/5.4.0/../../../../avr/lib/avr5\libm.a(fixsfsi.o) (__fixunssfsi)
d:/atmel/atmel studio 7.1/7.0/toolchain/avr8/avr8-gnu-toolchain/bin/../lib/gcc/avr/5.4.0/../../../../avr/lib/avr5\libm.a(floatsisf.o)
                              MPU6050/gyro_math.o (__floatsisf)
d:/atmel/atmel studio 7.1/7.0/toolchain/avr8/avr8-gnu-toolchain/bin/../lib/gcc/avr/5.4.0/../../../../avr/lib/avr5\libm.a(fp_inf.o)
                              d:/atmel/atmel studio 7.1/7.0/toolchain/avr8/avr8-gnu-toolchain/bin/../lib/gcc/avr/5.4.0/../../../../avr/lib/avr5\libm.a(addsf3x.o) (__fp_inf)
d:/atmel/atmel studio 7.1/7.0/toolchain/avr8/avr8-gnu-toolchain/bin/../lib/gcc/avr/5.4.0/../../../../avr/lib/avr5\libm.a(fp_nan.o)
                              d:/atmel/atmel studio 7.1/7.0/toolchain/avr8/avr8-gnu-toolchain/bin/../lib/gcc/avr/5.4.0/../../../../avr/lib/avr5\libm.a(addsf3x.o) (__fp_nan)
d:/atmel/atmel studio 7.1/7.0/toolchain/avr8/avr8-gnu-toolchain/bin/../lib/gcc/avr/5.4.0/../../../../avr/lib/avr5\libm.a(fp_powser.o)
                              d:/atmel/atmel studio 7.1/7.0/toolchain/avr8/avr8-gnu-toolchain/bin/../lib/gcc/avr/5.4.0/../../../../avr/lib/avr5\libm.a(atan.o) (__fp_powser)
d:/atmel/atmel studio 7.1/7.0/toolchain/avr8/avr8-gnu-toolchain/bin/../lib/gcc/avr/5.4.0/../../../../avr/lib/avr5\libm.a(fp_pscA.o)
                              d:/atmel/atmel studio 7.1/7.0/toolchain/avr8/avr8-gnu-toolchain/bin/../lib/gcc/avr/5.4.0/../../../../avr/lib/avr5\libm.a(addsf3x.o) (__fp_pscA)
d:/atmel/atmel studio 7.1/7.0/toolchain/avr8/avr8-gnu-toolchain/bin/../lib/gcc/avr/5.4.0/../../../../avr/lib/avr5\libm.a(fp_pscB.o)
                              d:/atmel/atmel studio 7.1/7.0/toolchain/avr8/avr8-gnu-toolchain/bin/../lib/gcc/avr/5.4.0/../../../../avr/lib/avr5\libm.a(addsf3x.o) (__fp_pscB)
d:/atmel/atmel studio 7.1/7.0/toolchain/avr8/avr8-gnu-toolchain/bin/../lib/gcc/avr/5.4.0/../../../../avr/lib/avr5\libm.a(fp_round.o)
                              d:/atmel/atmel studio 7.1/7.0/toolchain/avr8/avr8-gnu-toolchain/bin/../lib/gcc/avr/5.4.0/../../../../avr/lib/avr5\libm.a(addsf3.o) (__fp_round)
d:/atmel/atmel studio 7.1/7.0/toolchain/avr8/avr8-gnu-toolchain/bin/../lib/gcc/avr/5.4.0/../../../../avr/lib/avr5\libm.a(fp_split3.o)
                              d:/atmel/atmel studio 7.1/7.0/toolchain/avr8/avr8-gnu-toolchain/bin/../lib/gcc/avr/5.4.0/../../../../avr/lib/avr5\libm.a(addsf3x.o) (__fp_split3)
d:/atmel/atmel studio 7.1/7.0/toolchain/avr8/avr8-gnu-toolchain/bin/../lib/gcc/avr/5.4.0/../../../../avr/lib/avr5\libm.a(fp_zero.o)
                              d:/atmel/atmel studio 7.1/7.0/toolchain/avr8/avr8-gnu-toolchain/bin/../lib/gcc/avr/5.4.0/../../../../avr/lib/avr5\libm.a(addsf3x.o) (__fp_zero)
d:/atmel/atmel studio 7.1/7.0/toolchain/avr8/avr8-gnu-toolchain/bin/../lib/gcc/avr/5.4.0/../../../../avr/lib/avr5\libm.a(inverse.o)
                              d:/atmel/atmel studio 7.1/7.0/toolchain/avr8/avr8-gnu-toolchain/bin/../lib/gcc/avr/5.4.0/../../../../avr/lib/avr5\libm.a(atan.o) (inverse)
d:/atmel/atmel studio 7.1/7.0/toolchain/avr8/avr8-gnu-toolchain/bin/../lib/gcc/avr/5.4.0/../../../../avr/lib/avr5\libm.a(mulsf3.o)
                              MPU6050/gyro_math.o (__mulsf3)
[...]
Memory Configuration

Name             Origin             Length             Attributes
text             0x00000000         0x00020000         xr
data             0x00800060         0x0000ffa0         rw !x
eeprom           0x00810000         0x00010000         rw !x
fuse             0x00820000         0x00000003         rw !x
lock             0x00830000         0x00000400         rw !x
signature        0x00840000         0x00000400         rw !x
user_signatures  0x00850000         0x00000400         rw !x
*default*        0x00000000         0xffffffff

Linker script and memory map

Address of section .data set to 0x800100
LOAD D:/Atmel/Atmel Studio 7.1/7.0/Packs/atmel/ATmega_DFP/1.2.150/gcc/dev/atmega328pb/avr5/crtatmega328pb.o
LOAD Common.o
LOAD i2c_twi.o
LOAD main.o
LOAD MPU6050/gyro_math.o
LOAD MPU6050/MPU6050.o
LOAD SBUS/Sbus.o
LOAD Timer/PWM_control.o
LOAD Timer/Timer.o
LOAD Timer/Timer3.o
LOAD Timer/Timer4.o
LOAD twi_buf_pos.o
LOAD Uart/RecieveCommands.o
LOAD Uart/Uart.o
LOAD Uart/Uart_HW.o
START GROUP
LOAD d:/atmel/atmel studio 7.1/7.0/toolchain/avr8/avr8-gnu-toolchain/bin/../lib/gcc/avr/5.4.0/../../../../avr/lib/avr5\libm.a
END GROUP
START GROUP
LOAD d:/atmel/atmel studio 7.1/7.0/toolchain/avr8/avr8-gnu-toolchain/bin/../lib/gcc/avr/5.4.0/avr5\libgcc.a
LOAD d:/atmel/atmel studio 7.1/7.0/toolchain/avr8/avr8-gnu-toolchain/bin/../lib/gcc/avr/5.4.0/../../../../avr/lib/avr5\libm.a
LOAD d:/atmel/atmel studio 7.1/7.0/toolchain/avr8/avr8-gnu-toolchain/bin/../lib/gcc/avr/5.4.0/../../../../avr/lib/avr5\libc.a
LOAD D:/Atmel/Atmel Studio 7.1/7.0/Packs/atmel/ATmega_DFP/1.2.150/gcc/dev/atmega328pb/avr5\libatmega328pb.a
END GROUP
                0x00020000                __TEXT_REGION_LENGTH__ = DEFINED (__TEXT_REGION_LENGTH__)?__TEXT_REGION_LENGTH__:0x20000
                0x0000ffa0                __DATA_REGION_LENGTH__ = DEFINED (__DATA_REGION_LENGTH__)?__DATA_REGION_LENGTH__:0xffa0
                0x00010000                __EEPROM_REGION_LENGTH__ = DEFINED (__EEPROM_REGION_LENGTH__)?__EEPROM_REGION_LENGTH__:0x10000
                [0x00000003]                __FUSE_REGION_LENGTH__ = DEFINED (__FUSE_REGION_LENGTH__)?__FUSE_REGION_LENGTH__:0x400
                0x00000400                __LOCK_REGION_LENGTH__ = DEFINED (__LOCK_REGION_LENGTH__)?__LOCK_REGION_LENGTH__:0x400
                0x00000400                __SIGNATURE_REGION_LENGTH__ = DEFINED (__SIGNATURE_REGION_LENGTH__)?__SIGNATURE_REGION_LENGTH__:0x400
                0x00000400                __USER_SIGNATURE_REGION_LENGTH__ = DEFINED (__USER_SIGNATURE_REGION_LENGTH__)?__USER_SIGNATURE_REGION_LENGTH__:0x400

.hash
 *(.hash)

.dynsym
 *(.dynsym)

.dynstr
 *(.dynstr)

.gnu.version
 *(.gnu.version)

.gnu.version_d
 *(.gnu.version_d)

.gnu.version_r
 *(.gnu.version_r)

.rel.init
 *(.rel.init)

.rela.init
 *(.rela.init)

.rel.text
 *(.rel.text)
 *(.rel.text.*)
 *(.rel.gnu.linkonce.t*)

.rela.text
 *(.rela.text)
 *(.rela.text.*)
 *(.rela.gnu.linkonce.t*)

.rel.fini
 *(.rel.fini)

.rela.fini
 *(.rela.fini)

.rel.rodata
 *(.rel.rodata)
 *(.rel.rodata.*)
 *(.rel.gnu.linkonce.r*)

.rela.rodata
 *(.rela.rodata)
 *(.rela.rodata.*)
 *(.rela.gnu.linkonce.r*)

.rel.data
 *(.rel.data)
 *(.rel.data.*)
 *(.rel.gnu.linkonce.d*)

.rela.data
 *(.rela.data)
 *(.rela.data.*)
 *(.rela.gnu.linkonce.d*)

.rel.ctors
 *(.rel.ctors)

.rela.ctors
 *(.rela.ctors)

.rel.dtors
 *(.rel.dtors)

.rela.dtors
 *(.rela.dtors)

.rel.got
 *(.rel.got)

.rela.got
 *(.rela.got)

.rel.bss
 *(.rel.bss)

.rela.bss
 *(.rela.bss)

.rel.plt
 *(.rel.plt)

.rela.plt
 *(.rela.plt)

.text           0x00000000     0x3174
 *(.vectors)
 .vectors       0x00000000       0xb4 D:/Atmel/Atmel Studio 7.1/7.0/Packs/atmel/ATmega_DFP/1.2.150/gcc/dev/atmega328pb/avr5/crtatmega328pb.o
                0x00000000                __vector_default
                0x00000000                __vectors
 *(.vectors)
 *(.progmem.gcc*)
 .progmem.gcc_sw_table.__vector_24
                0x000000b4       0x12 twi_buf_pos.o
 .progmem.gcc_fplib
                0x000000c6       0x2d d:/atmel/atmel studio 7.1/7.0/toolchain/avr8/avr8-gnu-toolchain/bin/../lib/gcc/avr/5.4.0/../../../../avr/lib/avr5\libm.a(atan.o)
                0x000000f4                . = ALIGN (0x2)
 *fill*         0x000000f3        0x1 
                0x000000f4                __trampolines_start = .
 *(.trampolines)
 .trampolines   0x000000f4        0x0 linker stubs
 *(.trampolines*)
                0x000000f4                __trampolines_end = .
 *libprintf_flt.a:*(.progmem.data)
 *libc.a:*(.progmem.data)
 *(.progmem*)
 .progmem.data.ER_commands
                0x000000f4       0x42 Uart/RecieveCommands.o
                0x000000f4                ER_commands
                0x00000136                . = ALIGN (0x2)
 *(.jumptables)
 *(.jumptables*)
 *(.lowtext)
 *(.lowtext*)
                0x00000136                __ctors_start = .
 *(.ctors)
                0x00000136                __ctors_end = .
                0x00000136                __dtors_start = .
 *(.dtors)
                0x00000136                __dtors_end = .
 SORT(*)(.ctors)
 SORT(*)(.dtors)
 *(.init0)
 .init0         0x00000136        0x0 D:/Atmel/Atmel Studio 7.1/7.0/Packs/atmel/ATmega_DFP/1.2.150/gcc/dev/atmega328pb/avr5/crtatmega328pb.o
                0x00000136                __init
 *(.init0)
 *(.init1)
 *(.init1)
 *(.init2)
 .init2         0x00000136        0xc D:/Atmel/Atmel Studio 7.1/7.0/Packs/atmel/ATmega_DFP/1.2.150/gcc/dev/atmega328pb/avr5/crtatmega328pb.o
 *(.init2)
 *(.init3)
 *(.init3)
 *(.init4)
 .init4         0x00000142       0x16 d:/atmel/atmel studio 7.1/7.0/toolchain/avr8/avr8-gnu-toolchain/bin/../lib/gcc/avr/5.4.0/avr5\libgcc.a(_copy_data.o)
                0x00000142                __do_copy_data
 .init4         0x00000158       0x10 d:/atmel/atmel studio 7.1/7.0/toolchain/avr8/avr8-gnu-toolchain/bin/../lib/gcc/avr/5.4.0/avr5\libgcc.a(_clear_bss.o)
                0x00000158                __do_clear_bss
 *(.init4)
 *(.init5)
 *(.init5)
 *(.init6)
 *(.init6)
 *(.init7)
 *(.init7)
 *(.init8)
 *(.init8)
 *(.init9)
 .init9         0x00000168        0x8 D:/Atmel/Atmel Studio 7.1/7.0/Packs/atmel/ATmega_DFP/1.2.150/gcc/dev/atmega328pb/avr5/crtatmega328pb.o
 *(.init9)
 *(.text)
 .text          0x00000170        0x4 D:/Atmel/Atmel Studio 7.1/7.0/Packs/atmel/ATmega_DFP/1.2.150/gcc/dev/atmega328pb/avr5/crtatmega328pb.o
                0x00000170                __vector_38
                0x00000170                __vector_22
                0x00000170                __vector_1
                0x00000170                __vector_32
                0x00000170                __vector_12
                0x00000170                __bad_interrupt
                0x00000170                __vector_6
                0x00000170                __vector_31
                0x00000170                __vector_35
                0x00000170                __vector_39
                0x00000170                __vector_3
                0x00000170                __vector_23
                0x00000170                __vector_30
                0x00000170                __vector_25
                0x00000170                __vector_11
                0x00000170                __vector_13
                0x00000170                __vector_17
                0x00000170                __vector_19
                0x00000170                __vector_7
                0x00000170                __vector_41
                0x00000170                __vector_43
                0x00000170                __vector_27
                0x00000170                __vector_5
                0x00000170                __vector_37
                0x00000170                __vector_4
                0x00000170                __vector_44
                0x00000170                __vector_9
                0x00000170                __vector_2
                0x00000170                __vector_21
                0x00000170                __vector_15
                0x00000170                __vector_36
                0x00000170                __vector_29
                0x00000170                __vector_40
                0x00000170                __vector_8
                0x00000170                __vector_26
                0x00000170                __vector_14
                0x00000170                __vector_10
                0x00000174                . = ALIGN (0x2)
 *(.text.*)
 .text.PlaceInGyroBuffor
                0x00000174       0x68 Common.o
                0x00000174                PlaceInGyroBuffor
 .text.PlaceInAccBuffor
                0x000001dc       0x68 Common.o
                0x000001dc                PlaceInAccBuffor
 .text.ReadGyroSample
                0x00000244       0x5c Common.o
                0x00000244                ReadGyroSample
 .text.ReadAccSample
                0x000002a0       0x5c Common.o
                0x000002a0                ReadAccSample
 .text.ReadGyroSample_ViewOnly
                0x000002fc       0x4e Common.o
                0x000002fc                ReadGyroSample_ViewOnly
 .text.ReadAccSample_ViewOnly
                0x0000034a       0x4e Common.o
                0x0000034a                ReadAccSample_ViewOnly
 .text.SamplesGyroBuf
                0x00000398       0x12 Common.o
                0x00000398                SamplesGyroBuf
 .text.SamplesAccBuf
                0x000003aa       0x12 Common.o
                0x000003aa                SamplesAccBuf
 .text.ReadGyroBuf
                0x000003bc       0x86 Common.o
                0x000003bc                ReadGyroBuf
 .text.ReadAccBuf
                0x00000442       0x86 Common.o
                0x00000442                ReadAccBuf
 .text.AveragingLinearMPU6050
                0x000004c8      0x100 Common.o
                0x000004c8                AveragingLinearMPU6050
 .text.ReadGyroBufAveraged
                0x000005c8       0x54 Common.o
                0x000005c8                ReadGyroBufAveraged
 .text.AveragingWeightingMPU6050
                0x0000061c      0x1a0 Common.o
                0x0000061c                AveragingWeightingMPU6050
 .text.ReadAccBufAveraged
                0x000007bc       0x54 Common.o
                0x000007bc                ReadAccBufAveraged
 .text.I2C_start
                0x00000810       0x12 i2c_twi.o
                0x00000810                I2C_start
 .text.I2C_stop
                0x00000822       0x12 i2c_twi.o
                0x00000822                I2C_stop
 .text.I2C_write
                0x00000834       0x16 i2c_twi.o
                0x00000834                I2C_write
 .text.I2C_read
                0x0000084a       0x1e i2c_twi.o
                0x0000084a                I2C_read
 .text.I2C_write_byte
                0x00000868       0x30 i2c_twi.o
                0x00000868                I2C_write_byte
 .text.I2C_read_buf
                0x00000898       0x70 i2c_twi.o
                0x00000898                I2C_read_buf
 .text.main     0x00000908       0x98 main.o
                0x00000908                main
 .text.ProcessAngle
                0x000009a0       0x94 MPU6050/gyro_math.o
                0x000009a0                ProcessAngle
 .text.CheckTotalG
                0x00000a34       0x5e MPU6050/gyro_math.o
                0x00000a34                CheckTotalG
 .text.CalculateNewPos
                0x00000a92       0xda MPU6050/gyro_math.o
                0x00000a92                CalculateNewPos
 .text.ProcessPosition
                0x00000b6c      0x15a MPU6050/gyro_math.o
                0x00000b6c                ProcessPosition
 .text.CalibrateMPU6050
                0x00000cc6      0x3f8 MPU6050/MPU6050.o
                0x00000cc6                CalibrateMPU6050
 .text.InitMPU6050
                0x000010be       0xc8 MPU6050/MPU6050.o
                0x000010be                InitMPU6050
 .text.ReadMPU6050
                0x00001186      0x14e MPU6050/MPU6050.o
                0x00001186                ReadMPU6050
 .text.Sbus_process_buffor
                0x000012d4      0x292 SBUS/Sbus.o
                0x000012d4                Sbus_process_buffor
 .text.InitUartSBUS
                0x00001566       0x1e SBUS/Sbus.o
                0x00001566                InitUartSBUS
 .text.__vector_28
                0x00001584       0x98 SBUS/Sbus.o
                0x00001584                __vector_28
 .text.test     0x0000161c       0x90 Timer/Timer.o
                0x0000161c                test
 .text.InitCommonTimer
                0x000016ac       0x12 Timer/Timer.o
                0x000016ac                InitCommonTimer
 .text.InitPWMTimers
                0x000016be        0xa Timer/Timer.o
                0x000016be                InitPWMTimers
 .text.CheckCommonTimer
                0x000016c8       0x36 Timer/Timer.o
                0x000016c8                CheckCommonTimer
 .text.__vector_16
                0x000016fe       0x86 Timer/Timer.o
                0x000016fe                __vector_16
 .text.InitTimer3
                0x00001784       0x32 Timer/Timer3.o
                0x00001784                InitTimer3
 .text.__vector_33
                0x000017b6       0x14 Timer/Timer3.o
                0x000017b6                __vector_33
 .text.__vector_34
                0x000017ca       0xde Timer/Timer3.o
                0x000017ca                __vector_34
 .text.InitTimer4
                0x000018a8       0x18 Timer/Timer4.o
                0x000018a8                InitTimer4
 .text.Register_PWM_Pin
                0x000018c0       0x3c Timer/Timer4.o
                0x000018c0                Register_PWM_Pin
 .text.__vector_42
                0x000018fc       0x4c Timer/Timer4.o
                0x000018fc                __vector_42
 .text.__vector_24
                0x00001948      0x438 twi_buf_pos.o
                0x00001948                __vector_24
 .text.er_service
                0x00001d80        0xc Uart/RecieveCommands.o
                0x00001d80                er_service
 .text.er_read  0x00001d8c       0xb0 Uart/RecieveCommands.o
                0x00001d8c                er_read
 .text.er_buf   0x00001e3c       0xba Uart/RecieveCommands.o
                0x00001e3c                er_buf
 .text.ProcessString
                0x00001ef6      0x130 Uart/RecieveCommands.o
                0x00001ef6                ProcessString
 .text.InitUartCOM
                0x00002026        0x6 Uart/Uart.o
                0x00002026                InitUartCOM
 .text.ReceiveChar
                0x0000202c       0x2a Uart/Uart.o
                0x0000202c                ReceiveChar
 .text.SendString
                0x00002056       0x2c Uart/Uart.o
                0x00002056                SendString
 .text.SendEnter
                0x00002082        0xe Uart/Uart.o
                0x00002082                SendEnter
 .text.SendLine
                0x00002090        0xa Uart/Uart.o
                0x00002090                SendLine
 .text.SendInt  0x0000209a      0x1e2 Uart/Uart.o
                0x0000209a                SendInt
 .text.SendStringInt
                0x0000227c       0x26 Uart/Uart.o
                0x0000227c                SendStringInt
 .text.SendUint
                0x000022a2      0x15e Uart/Uart.o
                0x000022a2                SendUint
 .text.SendStringUint
                0x00002400       0x1a Uart/Uart.o
                0x00002400                SendStringUint
 .text.CheckRxBuffor
                0x0000241a       0x5c Uart/Uart.o
                0x0000241a                CheckRxBuffor
 .text.InitUartCOM_HW
                0x00002476       0x14 Uart/Uart_HW.o
                0x00002476                InitUartCOM_HW
 .text.PutCharToBuffor
                0x0000248a       0x34 Uart/Uart_HW.o
                0x0000248a                PutCharToBuffor
 .text.__vector_20
                0x000024be       0x52 Uart/Uart_HW.o
                0x000024be                __vector_20
 .text.__vector_18
                0x00002510       0x4c Uart/Uart_HW.o
                0x00002510                __vector_18
 .text.avr-libc.fplib
                0x0000255c        0xe d:/atmel/atmel studio 7.1/7.0/toolchain/avr8/avr8-gnu-toolchain/bin/../lib/gcc/avr/5.4.0/../../../../avr/lib/avr5\libm.a(addsf3.o)
                0x0000255c                __subsf3
                0x0000255e                __addsf3
 .text.avr-libc.fplib
                0x0000256a       0xcc d:/atmel/atmel studio 7.1/7.0/toolchain/avr8/avr8-gnu-toolchain/bin/../lib/gcc/avr/5.4.0/../../../../avr/lib/avr5\libm.a(addsf3x.o)
                0x0000258c                __addsf3x
 .text.avr-libc.fplib
                0x00002636       0x5e d:/atmel/atmel studio 7.1/7.0/toolchain/avr8/avr8-gnu-toolchain/bin/../lib/gcc/avr/5.4.0/../../../../avr/lib/avr5\libm.a(atan.o)
                0x00002636                atan
 .text.avr-libc.fplib
                0x00002694        0x8 d:/atmel/atmel studio 7.1/7.0/toolchain/avr8/avr8-gnu-toolchain/bin/../lib/gcc/avr/5.4.0/../../../../avr/lib/avr5\libm.a(divsf3.o)
                0x00002694                __divsf3
 .text.avr-libc.fplib
                0x0000269c       0xdc d:/atmel/atmel studio 7.1/7.0/toolchain/avr8/avr8-gnu-toolchain/bin/../lib/gcc/avr/5.4.0/../../../../avr/lib/avr5\libm.a(divsf3x.o)
                0x000026bc                __divsf3x
                0x000026c2                __divsf3_pse
 .text.avr-libc.fplib
                0x00002778        0xe d:/atmel/atmel studio 7.1/7.0/toolchain/avr8/avr8-gnu-toolchain/bin/../lib/gcc/avr/5.4.0/../../../../avr/lib/avr5\libm.a(fixsfsi.o)
                0x00002778                __fixsfsi
 .text.avr-libc.fplib
                0x00002786       0x5e d:/atmel/atmel studio 7.1/7.0/toolchain/avr8/avr8-gnu-toolchain/bin/../lib/gcc/avr/5.4.0/../../../../avr/lib/avr5\libm.a(fixunssfsi.o)
                0x00002786                __fixunssfsi
 .text.avr-libc.fplib
                0x000027e4       0x7a d:/atmel/atmel studio 7.1/7.0/toolchain/avr8/avr8-gnu-toolchain/bin/../lib/gcc/avr/5.4.0/../../../../avr/lib/avr5\libm.a(floatsisf.o)
                0x000027e4                __floatunsisf
                0x000027e8                __floatsisf
 .text.avr-libc.fplib
                0x0000285e        0xc d:/atmel/atmel studio 7.1/7.0/toolchain/avr8/avr8-gnu-toolchain/bin/../lib/gcc/avr/5.4.0/../../../../avr/lib/avr5\libm.a(fp_inf.o)
                0x0000285e                __fp_inf
 .text.avr-libc.fplib
                0x0000286a        0x6 d:/atmel/atmel studio 7.1/7.0/toolchain/avr8/avr8-gnu-toolchain/bin/../lib/gcc/avr/5.4.0/../../../../avr/lib/avr5\libm.a(fp_nan.o)
                0x0000286a                __fp_nan
 .text.avr-libc.fplib
                0x00002870       0x4e d:/atmel/atmel studio 7.1/7.0/toolchain/avr8/avr8-gnu-toolchain/bin/../lib/gcc/avr/5.4.0/../../../../avr/lib/avr5\libm.a(fp_powser.o)
                0x00002870                __fp_powser
 .text.avr-libc.fplib
                0x000028be        0xe d:/atmel/atmel studio 7.1/7.0/toolchain/avr8/avr8-gnu-toolchain/bin/../lib/gcc/avr/5.4.0/../../../../avr/lib/avr5\libm.a(fp_pscA.o)
                0x000028be                __fp_pscA
 .text.avr-libc.fplib
                0x000028cc        0xe d:/atmel/atmel studio 7.1/7.0/toolchain/avr8/avr8-gnu-toolchain/bin/../lib/gcc/avr/5.4.0/../../../../avr/lib/avr5\libm.a(fp_pscB.o)
                0x000028cc                __fp_pscB
 .text.avr-libc.fplib
                0x000028da       0x22 d:/atmel/atmel studio 7.1/7.0/toolchain/avr8/avr8-gnu-toolchain/bin/../lib/gcc/avr/5.4.0/../../../../avr/lib/avr5\libm.a(fp_round.o)
                0x000028da                __fp_round
 .text.avr-libc.fplib
                0x000028fc       0x44 d:/atmel/atmel studio 7.1/7.0/toolchain/avr8/avr8-gnu-toolchain/bin/../lib/gcc/avr/5.4.0/../../../../avr/lib/avr5\libm.a(fp_split3.o)
                0x000028fc                __fp_split3
                0x0000290c                __fp_splitA
 .text.avr-libc.fplib
                0x00002940        0xe d:/atmel/atmel studio 7.1/7.0/toolchain/avr8/avr8-gnu-toolchain/bin/../lib/gcc/avr/5.4.0/../../../../avr/lib/avr5\libm.a(fp_zero.o)
                0x00002940                __fp_zero
                0x00002942                __fp_szero
 .text.avr-libc.fplib
                0x0000294e       0x10 d:/atmel/atmel studio 7.1/7.0/toolchain/avr8/avr8-gnu-toolchain/bin/../lib/gcc/avr/5.4.0/../../../../avr/lib/avr5\libm.a(inverse.o)
                0x0000294e                inverse
 .text.avr-libc.fplib
                0x0000295e        0x8 d:/atmel/atmel studio 7.1/7.0/toolchain/avr8/avr8-gnu-toolchain/bin/../lib/gcc/avr/5.4.0/../../../../avr/lib/avr5\libm.a(mulsf3.o)
                0x0000295e                __mulsf3
 .text.avr-libc.fplib
                0x00002966       0xd2 d:/atmel/atmel studio 7.1/7.0/toolchain/avr8/avr8-gnu-toolchain/bin/../lib/gcc/avr/5.4.0/../../../../avr/lib/avr5\libm.a(mulsf3x.o)
                0x00002984                __mulsf3x
                0x0000298a                __mulsf3_pse
 .text.avr-libc.fplib
                0x00002a38        0x8 d:/atmel/atmel studio 7.1/7.0/toolchain/avr8/avr8-gnu-toolchain/bin/../lib/gcc/avr/5.4.0/../../../../avr/lib/avr5\libm.a(square.o)
                0x00002a38                square
 .text.libgcc.mul
                0x00002a40       0x20 d:/atmel/atmel studio 7.1/7.0/toolchain/avr8/avr8-gnu-toolchain/bin/../lib/gcc/avr/5.4.0/avr5\libgcc.a(_mulsi3.o)
                0x00002a40                __mulsi3
 .text.libgcc.div
                0x00002a60       0x2e d:/atmel/atmel studio 7.1/7.0/toolchain/avr8/avr8-gnu-toolchain/bin/../lib/gcc/avr/5.4.0/avr5\libgcc.a(_divmodsi4.o)
                0x00002a60                __divmodsi4
 .text.libgcc.div
                0x00002a8e       0x10 d:/atmel/atmel studio 7.1/7.0/toolchain/avr8/avr8-gnu-toolchain/bin/../lib/gcc/avr/5.4.0/avr5\libgcc.a(_negsi2.o)
                0x00002a8e                __negsi2
 .text.libgcc   0x00002a9e        0xc d:/atmel/atmel studio 7.1/7.0/toolchain/avr8/avr8-gnu-toolchain/bin/../lib/gcc/avr/5.4.0/avr5\libgcc.a(_tablejump2.o)
                0x00002a9e                __tablejump2__
 .text.libgcc.mul
                0x00002aaa       0x10 d:/atmel/atmel studio 7.1/7.0/toolchain/avr8/avr8-gnu-toolchain/bin/../lib/gcc/avr/5.4.0/avr5\libgcc.a(_mulhisi3.o)
                0x00002aaa                __mulhisi3
 .text.libgcc.mul
                0x00002aba       0x1e d:/atmel/atmel studio 7.1/7.0/toolchain/avr8/avr8-gnu-toolchain/bin/../lib/gcc/avr/5.4.0/avr5\libgcc.a(_umulhisi3.o)
                0x00002aba                __umulhisi3
 .text.libgcc.mul
                0x00002ad8        0xe d:/atmel/atmel studio 7.1/7.0/toolchain/avr8/avr8-gnu-toolchain/bin/../lib/gcc/avr/5.4.0/avr5\libgcc.a(_usmulhisi3.o)
                0x00002ad8                __usmulhisi3
                0x00002adc                __usmulhisi3_tail
 .text.libgcc.mul
                0x00002ae6       0x16 d:/atmel/atmel studio 7.1/7.0/toolchain/avr8/avr8-gnu-toolchain/bin/../lib/gcc/avr/5.4.0/avr5\libgcc.a(_muluhisi3.o)
                0x00002ae6                __muluhisi3
 .text.libgcc.mul
                0x00002afc       0x10 d:/atmel/atmel studio 7.1/7.0/toolchain/avr8/avr8-gnu-toolchain/bin/../lib/gcc/avr/5.4.0/avr5\libgcc.a(_mulshisi3.o)
                0x00002afc                __mulshisi3
                0x00002b02                __mulohisi3
 .text.libgcc.div
                0x00002b0c       0x44 d:/atmel/atmel studio 7.1/7.0/toolchain/avr8/avr8-gnu-toolchain/bin/../lib/gcc/avr/5.4.0/avr5\libgcc.a(_udivmodsi4.o)
                0x00002b0c                __udivmodsi4
 .text.avr-libc
                0x00002b50       0x12 d:/atmel/atmel studio 7.1/7.0/toolchain/avr8/avr8-gnu-toolchain/bin/../lib/gcc/avr/5.4.0/../../../../avr/lib/avr5\libc.a(strlen_P.o)
                0x00002b50                __strlen_P
 .text.avr-libc
                0x00002b62       0x30 d:/atmel/atmel studio 7.1/7.0/toolchain/avr8/avr8-gnu-toolchain/bin/../lib/gcc/avr/5.4.0/../../../../avr/lib/avr5\libc.a(strncasecmp_P.o)
                0x00002b62                strncasecmp_P
 .text.avr-libc
                0x00002b92       0x4e d:/atmel/atmel studio 7.1/7.0/toolchain/avr8/avr8-gnu-toolchain/bin/../lib/gcc/avr/5.4.0/../../../../avr/lib/avr5\libc.a(strtok_r.o)
                0x00002b92                strtok_r
 .text.avr-libc
                0x00002be0      0x3c2 d:/atmel/atmel studio 7.1/7.0/toolchain/avr8/avr8-gnu-toolchain/bin/../lib/gcc/avr/5.4.0/../../../../avr/lib/avr5\libc.a(vfprintf_std.o)
                0x00002be0                vfprintf
 .text.avr-libc
                0x00002fa2       0x16 d:/atmel/atmel studio 7.1/7.0/toolchain/avr8/avr8-gnu-toolchain/bin/../lib/gcc/avr/5.4.0/../../../../avr/lib/avr5\libc.a(strnlen_P.o)
                0x00002fa2                strnlen_P
 .text.avr-libc
                0x00002fb8       0x16 d:/atmel/atmel studio 7.1/7.0/toolchain/avr8/avr8-gnu-toolchain/bin/../lib/gcc/avr/5.4.0/../../../../avr/lib/avr5\libc.a(strnlen.o)
                0x00002fb8                strnlen
 .text.avr-libc
                0x00002fce       0x78 d:/atmel/atmel studio 7.1/7.0/toolchain/avr8/avr8-gnu-toolchain/bin/../lib/gcc/avr/5.4.0/../../../../avr/lib/avr5\libc.a(fputc.o)
                0x00002fce                fputc
 .text.avr-libc
                0x00003046       0xbc d:/atmel/atmel studio 7.1/7.0/toolchain/avr8/avr8-gnu-toolchain/bin/../lib/gcc/avr/5.4.0/../../../../avr/lib/avr5\libc.a(ultoa_invert.o)
                0x00003046                __ultoa_invert
 .text.libgcc.prologue
                0x00003102       0x38 d:/atmel/atmel studio 7.1/7.0/toolchain/avr8/avr8-gnu-toolchain/bin/../lib/gcc/avr/5.4.0/avr5\libgcc.a(_prologue.o)
                0x00003102                __prologue_saves__
 .text.libgcc.prologue
                0x0000313a       0x36 d:/atmel/atmel studio 7.1/7.0/toolchain/avr8/avr8-gnu-toolchain/bin/../lib/gcc/avr/5.4.0/avr5\libgcc.a(_epilogue.o)
                0x0000313a                __epilogue_restores__
                0x00003170                . = ALIGN (0x2)
 *(.fini9)
 .fini9         0x00003170        0x0 d:/atmel/atmel studio 7.1/7.0/toolchain/avr8/avr8-gnu-toolchain/bin/../lib/gcc/avr/5.4.0/avr5\libgcc.a(_exit.o)
                0x00003170                _exit
                0x00003170                exit
 *(.fini9)
 *(.fini8)
 *(.fini8)
 *(.fini7)
 *(.fini7)
 *(.fini6)
 *(.fini6)
 *(.fini5)
 *(.fini5)
 *(.fini4)
 *(.fini4)
 *(.fini3)
 *(.fini3)
 *(.fini2)
 *(.fini2)
 *(.fini1)
 *(.fini1)
 *(.fini0)
 .fini0         0x00003170        0x4 d:/atmel/atmel studio 7.1/7.0/toolchain/avr8/avr8-gnu-toolchain/bin/../lib/gcc/avr/5.4.0/avr5\libgcc.a(_exit.o)
 *(.fini0)
                0x00003174                _etext = .

.data           0x00800100       0x8e load address 0x00003174
                0x00800100                PROVIDE (__data_start, .)
 *(.data)
 *(.data*)
 .data.sbus_last_frame_counter
                0x00800100        0x1 SBUS/Sbus.o
                0x00800100                sbus_last_frame_counter
 .data.sbus_buffor_start_counter
                0x00800101        0x1 SBUS/Sbus.o
                0x00800101                sbus_buffor_start_counter
 .data.sbus_buffor_process_counter
                0x00800102        0x2 SBUS/Sbus.o
                0x00800102                sbus_buffor_process_counter
 .data.decrement_common
                0x00800104        0x8 Timer/Timer.o
                0x00800104                decrement_common
 *(.gnu.linkonce.d*)
 *(.rodata)
 *(.rodata*)
 .rodata.str1.1
                0x0080010c        0xc main.o
 .rodata.str1.1
                0x00800118       0x2a SBUS/Sbus.o
 .rodata.str1.1
                0x00800142        0xa Timer/Timer.o
 .rodata.str1.1
                0x0080014c       0x41 Uart/RecieveCommands.o
                                 0x43 (size before relaxing)
 *(.gnu.linkonce.r*)
                0x0080018e                . = ALIGN (0x2)
 *fill*         0x0080018d        0x1 
                0x0080018e                _edata = .
                0x0080018e                PROVIDE (__data_end, .)

.bss            0x0080018e      0x2e0
                0x0080018e                PROVIDE (__bss_start, .)
 *(.bss)
 *(.bss*)
 .bss.acc_tail  0x0080018e        0x1 Common.o
                0x0080018e                acc_tail
 .bss.acc_head  0x0080018f        0x1 Common.o
                0x0080018f                acc_head
 .bss.gyro_tail
                0x00800190        0x1 Common.o
                0x00800190                gyro_tail
 .bss.gyro_head
                0x00800191        0x1 Common.o
                0x00800191                gyro_head
 .bss.TxHead    0x00800192        0x1 Uart/Uart.o
                0x00800192                TxHead
 .bss.TxTail    0x00800193        0x1 Uart/Uart.o
                0x00800193                TxTail
 .bss.RxHead    0x00800194        0x1 Uart/Uart.o
                0x00800194                RxHead
 .bss.RxTail    0x00800195        0x1 Uart/Uart.o
                0x00800195                RxTail
 *(COMMON)
 COMMON         0x00800196      0x112 Common.o
                0x00800196                X_gyro_buff
                0x008001c0                Y_gyro_buff
                0x008001ea                Z_acc_buff
                0x00800214                X_acc_buff
                0x0080023e                acc_offset
                0x00800244                pos_y
                0x00800248                gyro_offset
                0x0080024e                test_counter
                0x00800250                pos_x
                0x00800254                Y_acc_buff
                0x0080027e                Z_gyro_buff
 COMMON         0x008002a8       0x3d SBUS/Sbus.o
                0x008002a8                channel_value
                0x008002ca                sbus_position
                0x008002cb                Sbus_Buffor
 COMMON         0x008002e5       0x38 Timer/PWM_control.o
                0x008002e5                pwm_timers
                0x008002f4                sbus_frame_delay
                0x008002f5                eem_trim
                0x008002f9                channel_new
                0x00800309                ram_trim
                0x0080030d                channel_old
 COMMON         0x0080031d        0xa Timer/Timer3.o
                0x0080031d                selected_PWM_channel
                0x0080031e                pwm_channels
 COMMON         0x00800327        0x3 Timer/Timer4.o
                0x00800327                PORT
                0x00800329                PIN
 COMMON         0x0080032a       0xa4 twi_buf_pos.o
                0x0080032a                twi_reset_counter
                0x0080032b                twi_command
                0x0080032d                twi_buf_pos
                0x0080032e                twi_bufor
 COMMON         0x008003ce       0xa0 Uart/Uart.o
                0x008003ce                RxBuffor
                0x008003ee                TxBuffor
                0x0080046e                PROVIDE (__bss_end, .)
                0x00003174                __data_load_start = LOADADDR (.data)
                0x00003202                __data_load_end = (__data_load_start + SIZEOF (.data))

.noinit         0x0080046e        0x0
                [!provide]                PROVIDE (__noinit_start, .)
 *(.noinit*)
                [!provide]                PROVIDE (__noinit_end, .)
                0x0080046e                _end = .
                [!provide]                PROVIDE (__heap_start, .)

.eeprom         0x00810000        0x0
 *(.eeprom*)
                0x00810000                __eeprom_end = .

.fuse
 *(.fuse)
 *(.lfuse)
 *(.hfuse)
 *(.efuse)

.lock
 *(.lock*)

.signature
 *(.signature*)

.user_signatures
 *(.user_signatures*)

.stab
 *(.stab)

.stabstr
 *(.stabstr)

.stab.excl
 *(.stab.excl)

.stab.exclstr
 *(.stab.exclstr)

.stab.index
 *(.stab.index)

.stab.indexstr
 *(.stab.indexstr)

.comment        0x00000000       0x5c
 *(.comment)
 .comment       0x00000000       0x30 Common.o
                                 0x31 (size before relaxing)
 .comment       0x00000030       0x31 i2c_twi.o
 .comment       0x00000030       0x31 main.o
 .comment       0x00000030       0x31 MPU6050/gyro_math.o
 .comment       0x00000030       0x31 MPU6050/MPU6050.o
 .comment       0x00000030       0x31 SBUS/Sbus.o
 .comment       0x00000030       0x31 Timer/PWM_control.o
 .comment       0x00000030       0x31 Timer/Timer.o
 .comment       0x00000030       0x31 Timer/Timer3.o
 .comment       0x00000030       0x31 Timer/Timer4.o
 .comment       0x00000030       0x31 twi_buf_pos.o
 .comment       0x00000030       0x31 Uart/RecieveCommands.o
 .comment       0x00000030       0x31 Uart/Uart.o
 .comment       0x00000030       0x31 Uart/Uart_HW.o
 .comment       0x00000030       0x2c d:/atmel/atmel studio 7.1/7.0/toolchain/avr8/avr8-gnu-toolchain/bin/../lib/gcc/avr/5.4.0/../../../../avr/lib/avr5\libc.a(vfprintf_std.o)
                                 0x2d (size before relaxing)
 .comment       0x0000005c       0x31 d:/atmel/atmel studio 7.1/7.0/toolchain/avr8/avr8-gnu-toolchain/bin/../lib/gcc/avr/5.4.0/../../../../avr/lib/avr5\libc.a(fputc.o)

.note.gnu.avr.deviceinfo
                0x00000000       0x40
 .note.gnu.avr.deviceinfo
                0x00000000       0x40 D:/Atmel/Atmel Studio 7.1/7.0/Packs/atmel/ATmega_DFP/1.2.150/gcc/dev/atmega328pb/avr5/crtatmega328pb.o

.note.gnu.build-id
 *(.note.gnu.build-id)

.debug
 *(.debug)

.line
 *(.line)

.debug_srcinfo
 *(.debug_srcinfo)

.debug_sfnames
 *(.debug_sfnames)

.debug_aranges  0x00000000      0x3e8
 *(.debug_aranges)
 .debug_aranges
                0x00000000       0xa8 Common.o
 .debug_aranges
                0x000000a8       0x58 i2c_twi.o
 .debug_aranges
                0x00000100       0x20 main.o
 .debug_aranges
                0x00000120       0x38 MPU6050/gyro_math.o
 .debug_aranges
                0x00000158       0x30 MPU6050/MPU6050.o
 .debug_aranges
                0x00000188       0x38 SBUS/Sbus.o
 .debug_aranges
                0x000001c0       0x20 Timer/PWM_control.o
 .debug_aranges
                0x000001e0       0x40 Timer/Timer.o
 .debug_aranges
                0x00000220       0x30 Timer/Timer3.o
 .debug_aranges
                0x00000250       0x30 Timer/Timer4.o
 .debug_aranges
                0x00000280       0x80 twi_buf_pos.o
 .debug_aranges
                0x00000300       0x38 Uart/RecieveCommands.o
 .debug_aranges
                0x00000338       0x70 Uart/Uart.o
 .debug_aranges
                0x000003a8       0x40 Uart/Uart_HW.o

.debug_pubnames
 *(.debug_pubnames)

.debug_info     0x00000000     0x4ab3
 *(.debug_info .gnu.linkonce.wi.*)
 .debug_info    0x00000000      0x8ea D:/Atmel/Atmel Studio 7.1/7.0/Packs/atmel/ATmega_DFP/1.2.150/gcc/dev/atmega328pb/avr5/crtatmega328pb.o
 .debug_info    0x000008ea      0xaaa Common.o
 .debug_info    0x00001394      0x394 i2c_twi.o
 .debug_info    0x00001728      0x304 main.o
 .debug_info    0x00001a2c      0x3be MPU6050/gyro_math.o
 .debug_info    0x00001dea      0x9a3 MPU6050/MPU6050.o
 .debug_info    0x0000278d      0x25b SBUS/Sbus.o
 .debug_info    0x000029e8      0x42a Timer/PWM_control.o
 .debug_info    0x00002e12      0x38a Timer/Timer.o
 .debug_info    0x0000319c      0x1d9 Timer/Timer3.o
 .debug_info    0x00003375      0x1a5 Timer/Timer4.o
 .debug_info    0x0000351a      0x732 twi_buf_pos.o
 .debug_info    0x00003c4c      0x708 Uart/RecieveCommands.o
 .debug_info    0x00004354      0x5e8 Uart/Uart.o
 .debug_info    0x0000493c      0x177 Uart/Uart_HW.o

.debug_abbrev   0x00000000     0x1d3d
 *(.debug_abbrev)
 .debug_abbrev  0x00000000      0x86e D:/Atmel/Atmel Studio 7.1/7.0/Packs/atmel/ATmega_DFP/1.2.150/gcc/dev/atmega328pb/avr5/crtatmega328pb.o
 .debug_abbrev  0x0000086e      0x25f Common.o
 .debug_abbrev  0x00000acd      0x12f i2c_twi.o
 .debug_abbrev  0x00000bfc      0x150 main.o
 .debug_abbrev  0x00000d4c      0x148 MPU6050/gyro_math.o
 .debug_abbrev  0x00000e94      0x1d9 MPU6050/MPU6050.o
 .debug_abbrev  0x0000106d      0x113 SBUS/Sbus.o
 .debug_abbrev  0x00001180      0x130 Timer/PWM_control.o
 .debug_abbrev  0x000012b0      0x174 Timer/Timer.o
 .debug_abbrev  0x00001424       0xf5 Timer/Timer3.o
 .debug_abbrev  0x00001519       0xe5 Timer/Timer4.o
 .debug_abbrev  0x000015fe      0x28d twi_buf_pos.o
 .debug_abbrev  0x0000188b      0x20c Uart/RecieveCommands.o
 .debug_abbrev  0x00001a97      0x1b3 Uart/Uart.o
 .debug_abbrev  0x00001c4a       0xf3 Uart/Uart_HW.o

.debug_line     0x00000000     0x25f0
 *(.debug_line .debug_line.* .debug_line_end)
 .debug_line    0x00000000      0x1a5 D:/Atmel/Atmel Studio 7.1/7.0/Packs/atmel/ATmega_DFP/1.2.150/gcc/dev/atmega328pb/avr5/crtatmega328pb.o
 .debug_line    0x000001a5      0x5c1 Common.o
 .debug_line    0x00000766      0x255 i2c_twi.o
 .debug_line    0x000009bb      0x1ed main.o
 .debug_line    0x00000ba8      0x195 MPU6050/gyro_math.o
 .debug_line    0x00000d3d      0x3e6 MPU6050/MPU6050.o
 .debug_line    0x00001123      0x255 SBUS/Sbus.o
 .debug_line    0x00001378      0x151 Timer/PWM_control.o
 .debug_line    0x000014c9      0x216 Timer/Timer.o
 .debug_line    0x000016df      0x144 Timer/Timer3.o
 .debug_line    0x00001823      0x10e Timer/Timer4.o
 .debug_line    0x00001931      0x48a twi_buf_pos.o
 .debug_line    0x00001dbb      0x2f7 Uart/RecieveCommands.o
 .debug_line    0x000020b2      0x3e3 Uart/Uart.o
 .debug_line    0x00002495      0x15b Uart/Uart_HW.o

.debug_frame    0x00000000      0xc8c
 *(.debug_frame)
 .debug_frame   0x00000000      0x2c4 Common.o
 .debug_frame   0x000002c4       0xf0 i2c_twi.o
 .debug_frame   0x000003b4       0x24 main.o
 .debug_frame   0x000003d8      0x144 MPU6050/gyro_math.o
 .debug_frame   0x0000051c       0xec MPU6050/MPU6050.o
 .debug_frame   0x00000608       0x80 SBUS/Sbus.o
 .debug_frame   0x00000688       0x24 Timer/PWM_control.o
 .debug_frame   0x000006ac       0x98 Timer/Timer.o
 .debug_frame   0x00000744       0x98 Timer/Timer3.o
 .debug_frame   0x000007dc       0x68 Timer/Timer4.o
 .debug_frame   0x00000844      0x13c twi_buf_pos.o
 .debug_frame   0x00000980       0xc8 Uart/RecieveCommands.o
 .debug_frame   0x00000a48      0x178 Uart/Uart.o
 .debug_frame   0x00000bc0       0xcc Uart/Uart_HW.o

.debug_str      0x00000000     0x1020
 *(.debug_str)
 .debug_str     0x00000000      0x318 D:/Atmel/Atmel Studio 7.1/7.0/Packs/atmel/ATmega_DFP/1.2.150/gcc/dev/atmega328pb/avr5/crtatmega328pb.o
 .debug_str     0x00000318      0x4fe Common.o
                                0x587 (size before relaxing)
 .debug_str     0x00000816       0x72 i2c_twi.o
                                0x1c6 (size before relaxing)
 .debug_str     0x00000888       0xdb main.o
                                0x285 (size before relaxing)
 .debug_str     0x00000963       0xd5 MPU6050/gyro_math.o
                                0x29a (size before relaxing)
 .debug_str     0x00000a38       0x85 MPU6050/MPU6050.o
                                0x2e3 (size before relaxing)
 .debug_str     0x00000abd       0xc8 SBUS/Sbus.o
                                0x24d (size before relaxing)
 .debug_str     0x00000b85       0x61 Timer/PWM_control.o
                                0x310 (size before relaxing)
 .debug_str     0x00000be6       0x75 Timer/Timer.o
                                0x305 (size before relaxing)
 .debug_str     0x00000c5b       0x50 Timer/Timer3.o
                                0x21d (size before relaxing)
 .debug_str     0x00000cab       0x31 Timer/Timer4.o
                                0x1f3 (size before relaxing)
 .debug_str     0x00000cdc      0x194 twi_buf_pos.o
                                0x348 (size before relaxing)
 .debug_str     0x00000e70       0xdc Uart/RecieveCommands.o
                                0x357 (size before relaxing)
 .debug_str     0x00000f4c       0x94 Uart/Uart.o
                                0x285 (size before relaxing)
 .debug_str     0x00000fe0       0x40 Uart/Uart_HW.o
                                0x1e8 (size before relaxing)

.debug_loc      0x00000000     0x3c8e
 *(.debug_loc)
 .debug_loc     0x00000000      0xe54 Common.o
 .debug_loc     0x00000e54      0x4d6 i2c_twi.o
 .debug_loc     0x0000132a       0x89 main.o
 .debug_loc     0x000013b3      0x7f7 MPU6050/gyro_math.o
 .debug_loc     0x00001baa      0x9d7 MPU6050/MPU6050.o
 .debug_loc     0x00002581      0x14a SBUS/Sbus.o
 .debug_loc     0x000026cb      0x103 Timer/Timer.o
 .debug_loc     0x000027ce       0xfa Timer/Timer3.o
 .debug_loc     0x000028c8       0xa2 Timer/Timer4.o
 .debug_loc     0x0000296a      0x599 twi_buf_pos.o
 .debug_loc     0x00002f03      0x318 Uart/RecieveCommands.o
 .debug_loc     0x0000321b      0x926 Uart/Uart.o
 .debug_loc     0x00003b41      0x14d Uart/Uart_HW.o

.debug_macinfo
 *(.debug_macinfo)

.debug_weaknames
 *(.debug_weaknames)

.debug_funcnames
 *(.debug_funcnames)

.debug_typenames
 *(.debug_typenames)

.debug_varnames
 *(.debug_varnames)

.debug_pubtypes
 *(.debug_pubtypes)

.debug_ranges   0x00000000      0x390
 *(.debug_ranges)
 .debug_ranges  0x00000000       0x98 Common.o
 .debug_ranges  0x00000098       0x48 i2c_twi.o
 .debug_ranges  0x000000e0       0x10 main.o
 .debug_ranges  0x000000f0       0x28 MPU6050/gyro_math.o
 .debug_ranges  0x00000118       0x38 MPU6050/MPU6050.o
 .debug_ranges  0x00000150       0x40 SBUS/Sbus.o
 .debug_ranges  0x00000190       0x10 Timer/PWM_control.o
 .debug_ranges  0x000001a0       0x30 Timer/Timer.o
 .debug_ranges  0x000001d0       0x20 Timer/Timer3.o
 .debug_ranges  0x000001f0       0x20 Timer/Timer4.o
 .debug_ranges  0x00000210       0x70 twi_buf_pos.o
 .debug_ranges  0x00000280       0x28 Uart/RecieveCommands.o
 .debug_ranges  0x000002a8       0xb8 Uart/Uart.o
 .debug_ranges  0x00000360       0x30 Uart/Uart_HW.o

.debug_macro
 *(.debug_macro)
OUTPUT(Flight assistant.elf elf32-avr)
LOAD linker stubs
