Archive member included to satisfy reference by file (symbol)

d:/atmel/atmel studio 7.1/7.0/toolchain/avr8/avr8-gnu-toolchain/bin/../lib/gcc/avr/5.4.0/../../../../avr/lib/avr5\libm.a(addsf3.o)
                              MPU6050/gyro_math.o (__subsf3)
d:/atmel/atmel studio 7.1/7.0/toolchain/avr8/avr8-gnu-toolchain/bin/../lib/gcc/avr/5.4.0/../../../../avr/lib/avr5\libm.a(addsf3x.o)
                              d:/atmel/atmel studio 7.1/7.0/toolchain/avr8/avr8-gnu-toolchain/bin/../lib/gcc/avr/5.4.0/../../../../avr/lib/avr5\libm.a(addsf3.o) (__addsf3x)
d:/atmel/atmel studio 7.1/7.0/toolchain/avr8/avr8-gnu-toolchain/bin/../lib/gcc/avr/5.4.0/../../../../avr/lib/avr5\libm.a(atan.o)
                              MPU6050/gyro_math.o (atan)
d:/atmel/atmel studio 7.1/7.0/toolchain/avr8/avr8-gnu-toolchain/bin/../lib/gcc/avr/5.4.0/../../../../avr/lib/avr5\libm.a(divsf3.o)
                              MPU6050/gyro_math.o (__divsf3)
d:/atmel/atmel studio 7.1/7.0/toolchain/avr8/avr8-gnu-toolchain/bin/../lib/gcc/avr/5.4.0/../../../../avr/lib/avr5\libm.a(divsf3x.o)
                              d:/atmel/atmel studio 7.1/7.0/toolchain/avr8/avr8-gnu-toolchain/bin/../lib/gcc/avr/5.4.0/../../../../avr/lib/avr5\libm.a(divsf3.o) (__divsf3x)
d:/atmel/atmel studio 7.1/7.0/toolchain/avr8/avr8-gnu-toolchain/bin/../lib/gcc/avr/5.4.0/../../../../avr/lib/avr5\libm.a(fixsfsi.o)
                              MPU6050/gyro_math.o (__fixsfsi)
d:/atmel/atmel studio 7.1/7.0/toolchain/avr8/avr8-gnu-toolchain/bin/../lib/gcc/avr/5.4.0/../../../../avr/lib/avr5\libm.a(fixunssfsi.o)
                              d:/atmel/atmel studio 7.1/7.0/toolchain/avr8/avr8-gnu-toolchain/bin/../lib/gcc/avr/5.4.0/../../../../avr/lib/avr5\libm.a(fixsfsi.o) (__fixunssfsi)
d:/atmel/atmel studio 7.1/7.0/toolchain/avr8/avr8-gnu-toolchain/bin/../lib/gcc/avr/5.4.0/../../../../avr/lib/avr5\libm.a(floatsisf.o)
                              MPU6050/gyro_math.o (__floatsisf)
d:/atmel/atmel studio 7.1/7.0/toolchain/avr8/avr8-gnu-toolchain/bin/../lib/gcc/avr/5.4.0/../../../../avr/lib/avr5\libm.a(fp_inf.o)
                              d:/atmel/atmel studio 7.1/7.0/toolchain/avr8/avr8-gnu-toolchain/bin/../lib/gcc/avr/5.4.0/../../../../avr/lib/avr5\libm.a(addsf3x.o) (__fp_inf)
d:/atmel/atmel studio 7.1/7.0/toolchain/avr8/avr8-gnu-toolchain/bin/../lib/gcc/avr/5.4.0/../../../../avr/lib/avr5\libm.a(fp_nan.o)
                              d:/atmel/atmel studio 7.1/7.0/toolchain/avr8/avr8-gnu-toolchain/bin/../lib/gcc/avr/5.4.0/../../../../avr/lib/avr5\libm.a(addsf3x.o) (__fp_nan)
d:/atmel/atmel studio 7.1/7.0/toolchain/avr8/avr8-gnu-toolchain/bin/../lib/gcc/avr/5.4.0/../../../../avr/lib/avr5\libm.a(fp_powser.o)
                              d:/atmel/atmel studio 7.1/7.0/toolchain/avr8/avr8-gnu-toolchain/bin/../lib/gcc/avr/5.4.0/../../../../avr/lib/avr5\libm.a(atan.o) (__fp_powser)
d:/atmel/atmel studio 7.1/7.0/toolchain/avr8/avr8-gnu-toolchain/bin/../lib/gcc/avr/5.4.0/../../../../avr/lib/avr5\libm.a(fp_pscA.o)
                              d:/atmel/atmel studio 7.1/7.0/toolchain/avr8/avr8-gnu-toolchain/bin/../lib/gcc/avr/5.4.0/../../../../avr/lib/avr5\libm.a(addsf3x.o) (__fp_pscA)
d:/atmel/atmel studio 7.1/7.0/toolchain/avr8/avr8-gnu-toolchain/bin/../lib/gcc/avr/5.4.0/../../../../avr/lib/avr5\libm.a(fp_pscB.o)
                              d:/atmel/atmel studio 7.1/7.0/toolchain/avr8/avr8-gnu-toolchain/bin/../lib/gcc/avr/5.4.0/../../../../avr/lib/avr5\libm.a(addsf3x.o) (__fp_pscB)
d:/atmel/atmel studio 7.1/7.0/toolchain/avr8/avr8-gnu-toolchain/bin/../lib/gcc/avr/5.4.0/../../../../avr/lib/avr5\libm.a(fp_round.o)
                              d:/atmel/atmel studio 7.1/7.0/toolchain/avr8/avr8-gnu-toolchain/bin/../lib/gcc/avr/5.4.0/../../../../avr/lib/avr5\libm.a(addsf3.o) (__fp_round)
d:/atmel/atmel studio 7.1/7.0/toolchain/avr8/avr8-gnu-toolchain/bin/../lib/gcc/avr/5.4.0/../../../../avr/lib/avr5\libm.a(fp_split3.o)
                              d:/atmel/atmel studio 7.1/7.0/toolchain/avr8/avr8-gnu-toolchain/bin/../lib/gcc/avr/5.4.0/../../../../avr/lib/avr5\libm.a(addsf3x.o) (__fp_split3)
d:/atmel/atmel studio 7.1/7.0/toolchain/avr8/avr8-gnu-toolchain/bin/../lib/gcc/avr/5.4.0/../../../../avr/lib/avr5\libm.a(fp_zero.o)
                              d:/atmel/atmel studio 7.1/7.0/toolchain/avr8/avr8-gnu-toolchain/bin/../lib/gcc/avr/5.4.0/../../../../avr/lib/avr5\libm.a(addsf3x.o) (__fp_zero)
d:/atmel/atmel studio 7.1/7.0/toolchain/avr8/avr8-gnu-toolchain/bin/../lib/gcc/avr/5.4.0/../../../../avr/lib/avr5\libm.a(inverse.o)
                              d:/atmel/atmel studio 7.1/7.0/toolchain/avr8/avr8-gnu-toolchain/bin/../lib/gcc/avr/5.4.0/../../../../avr/lib/avr5\libm.a(atan.o) (inverse)
d:/atmel/atmel studio 7.1/7.0/toolchain/avr8/avr8-gnu-toolchain/bin/../lib/gcc/avr/5.4.0/../../../../avr/lib/avr5\libm.a(mulsf3.o)
                              MPU6050/gyro_math.o (__mulsf3)
[...]
Memory Configuration

Name             Origin             Length             Attributes
text             0x00000000         0x00020000         xr
data             0x00800060         0x0000ffa0         rw !x
eeprom           0x00810000         0x00010000         rw !x
fuse             0x00820000         0x00000003         rw !x
lock             0x00830000         0x00000400         rw !x
signature        0x00840000         0x00000400         rw !x
user_signatures  0x00850000         0x00000400         rw !x
*default*        0x00000000         0xffffffff

Linker script and memory map

Address of section .data set to 0x800100
LOAD D:/Atmel/Atmel Studio 7.1/7.0/Packs/atmel/ATmega_DFP/1.2.150/gcc/dev/atmega328pb/avr5/crtatmega328pb.o
LOAD Common.o
LOAD i2c_twi.o
LOAD main.o
LOAD MPU6050/gyro_math.o
LOAD MPU6050/MPU6050.o
LOAD SBUS/Sbus.o
LOAD Timer/PWM_control.o
LOAD Timer/Timer.o
LOAD Timer/Timer3.o
LOAD Timer/Timer4.o
LOAD twi_buf_pos.o
LOAD Uart/RecieveCommands.o
LOAD Uart/Uart.o
LOAD Uart/Uart_HW.o
START GROUP
LOAD d:/atmel/atmel studio 7.1/7.0/toolchain/avr8/avr8-gnu-toolchain/bin/../lib/gcc/avr/5.4.0/../../../../avr/lib/avr5\libm.a
END GROUP
START GROUP
LOAD d:/atmel/atmel studio 7.1/7.0/toolchain/avr8/avr8-gnu-toolchain/bin/../lib/gcc/avr/5.4.0/avr5\libgcc.a
LOAD d:/atmel/atmel studio 7.1/7.0/toolchain/avr8/avr8-gnu-toolchain/bin/../lib/gcc/avr/5.4.0/../../../../avr/lib/avr5\libm.a
LOAD d:/atmel/atmel studio 7.1/7.0/toolchain/avr8/avr8-gnu-toolchain/bin/../lib/gcc/avr/5.4.0/../../../../avr/lib/avr5\libc.a
LOAD D:/Atmel/Atmel Studio 7.1/7.0/Packs/atmel/ATmega_DFP/1.2.150/gcc/dev/atmega328pb/avr5\libatmega328pb.a
END GROUP
                0x00020000                __TEXT_REGION_LENGTH__ = DEFINED (__TEXT_REGION_LENGTH__)?__TEXT_REGION_LENGTH__:0x20000
                0x0000ffa0                __DATA_REGION_LENGTH__ = DEFINED (__DATA_REGION_LENGTH__)?__DATA_REGION_LENGTH__:0xffa0
                0x00010000                __EEPROM_REGION_LENGTH__ = DEFINED (__EEPROM_REGION_LENGTH__)?__EEPROM_REGION_LENGTH__:0x10000
                [0x00000003]                __FUSE_REGION_LENGTH__ = DEFINED (__FUSE_REGION_LENGTH__)?__FUSE_REGION_LENGTH__:0x400
                0x00000400                __LOCK_REGION_LENGTH__ = DEFINED (__LOCK_REGION_LENGTH__)?__LOCK_REGION_LENGTH__:0x400
                0x00000400                __SIGNATURE_REGION_LENGTH__ = DEFINED (__SIGNATURE_REGION_LENGTH__)?__SIGNATURE_REGION_LENGTH__:0x400
                0x00000400                __USER_SIGNATURE_REGION_LENGTH__ = DEFINED (__USER_SIGNATURE_REGION_LENGTH__)?__USER_SIGNATURE_REGION_LENGTH__:0x400

.hash
 *(.hash)

.dynsym
 *(.dynsym)

.dynstr
 *(.dynstr)

.gnu.version
 *(.gnu.version)

.gnu.version_d
 *(.gnu.version_d)

.gnu.version_r
 *(.gnu.version_r)

.rel.init
 *(.rel.init)

.rela.init
 *(.rela.init)

.rel.text
 *(.rel.text)
 *(.rel.text.*)
 *(.rel.gnu.linkonce.t*)

.rela.text
 *(.rela.text)
 *(.rela.text.*)
 *(.rela.gnu.linkonce.t*)

.rel.fini
 *(.rel.fini)

.rela.fini
 *(.rela.fini)

.rel.rodata
 *(.rel.rodata)
 *(.rel.rodata.*)
 *(.rel.gnu.linkonce.r*)

.rela.rodata
 *(.rela.rodata)
 *(.rela.rodata.*)
 *(.rela.gnu.linkonce.r*)

.rel.data
 *(.rel.data)
 *(.rel.data.*)
 *(.rel.gnu.linkonce.d*)

.rela.data
 *(.rela.data)
 *(.rela.data.*)
 *(.rela.gnu.linkonce.d*)

.rel.ctors
 *(.rel.ctors)

.rela.ctors
 *(.rela.ctors)

.rel.dtors
 *(.rel.dtors)

.rela.dtors
 *(.rela.dtors)

.rel.got
 *(.rel.got)

.rela.got
 *(.rela.got)

.rel.bss
 *(.rel.bss)

.rela.bss
 *(.rela.bss)

.rel.plt
 *(.rel.plt)

.rela.plt
 *(.rela.plt)

.text           0x00000000     0x3356
 *(.vectors)
 .vectors       0x00000000       0xb4 D:/Atmel/Atmel Studio 7.1/7.0/Packs/atmel/ATmega_DFP/1.2.150/gcc/dev/atmega328pb/avr5/crtatmega328pb.o
                0x00000000                __vector_default
                0x00000000                __vectors
 *(.vectors)
 *(.progmem.gcc*)
 .progmem.gcc_sw_table.__vector_24
                0x000000b4       0x12 twi_buf_pos.o
 .progmem.gcc_fplib
                0x000000c6       0x2d d:/atmel/atmel studio 7.1/7.0/toolchain/avr8/avr8-gnu-toolchain/bin/../lib/gcc/avr/5.4.0/../../../../avr/lib/avr5\libm.a(atan.o)
                0x000000f4                . = ALIGN (0x2)
 *fill*         0x000000f3        0x1 
                0x000000f4                __trampolines_start = .
 *(.trampolines)
 .trampolines   0x000000f4        0x0 linker stubs
 *(.trampolines*)
                0x000000f4                __trampolines_end = .
 *libprintf_flt.a:*(.progmem.data)
 *libc.a:*(.progmem.data)
 *(.progmem*)
 .progmem.data.ER_commands
                0x000000f4       0x6e Uart/RecieveCommands.o
                0x000000f4                ER_commands
                0x00000162                . = ALIGN (0x2)
 *(.jumptables)
 *(.jumptables*)
 *(.lowtext)
 *(.lowtext*)
                0x00000162                __ctors_start = .
 *(.ctors)
                0x00000162                __ctors_end = .
                0x00000162                __dtors_start = .
 *(.dtors)
                0x00000162                __dtors_end = .
 SORT(*)(.ctors)
 SORT(*)(.dtors)
 *(.init0)
 .init0         0x00000162        0x0 D:/Atmel/Atmel Studio 7.1/7.0/Packs/atmel/ATmega_DFP/1.2.150/gcc/dev/atmega328pb/avr5/crtatmega328pb.o
                0x00000162                __init
 *(.init0)
 *(.init1)
 *(.init1)
 *(.init2)
 .init2         0x00000162        0xc D:/Atmel/Atmel Studio 7.1/7.0/Packs/atmel/ATmega_DFP/1.2.150/gcc/dev/atmega328pb/avr5/crtatmega328pb.o
 *(.init2)
 *(.init3)
 *(.init3)
 *(.init4)
 .init4         0x0000016e       0x16 d:/atmel/atmel studio 7.1/7.0/toolchain/avr8/avr8-gnu-toolchain/bin/../lib/gcc/avr/5.4.0/avr5\libgcc.a(_copy_data.o)
                0x0000016e                __do_copy_data
 .init4         0x00000184       0x10 d:/atmel/atmel studio 7.1/7.0/toolchain/avr8/avr8-gnu-toolchain/bin/../lib/gcc/avr/5.4.0/avr5\libgcc.a(_clear_bss.o)
                0x00000184                __do_clear_bss
 *(.init4)
 *(.init5)
 *(.init5)
 *(.init6)
 *(.init6)
 *(.init7)
 *(.init7)
 *(.init8)
 *(.init8)
 *(.init9)
 .init9         0x00000194        0x8 D:/Atmel/Atmel Studio 7.1/7.0/Packs/atmel/ATmega_DFP/1.2.150/gcc/dev/atmega328pb/avr5/crtatmega328pb.o
 *(.init9)
 *(.text)
 .text          0x0000019c        0x4 D:/Atmel/Atmel Studio 7.1/7.0/Packs/atmel/ATmega_DFP/1.2.150/gcc/dev/atmega328pb/avr5/crtatmega328pb.o
                0x0000019c                __vector_38
                0x0000019c                __vector_22
                0x0000019c                __vector_1
                0x0000019c                __vector_32
                0x0000019c                __vector_12
                0x0000019c                __bad_interrupt
                0x0000019c                __vector_6
                0x0000019c                __vector_31
                0x0000019c                __vector_35
                0x0000019c                __vector_39
                0x0000019c                __vector_3
                0x0000019c                __vector_23
                0x0000019c                __vector_30
                0x0000019c                __vector_25
                0x0000019c                __vector_11
                0x0000019c                __vector_13
                0x0000019c                __vector_17
                0x0000019c                __vector_19
                0x0000019c                __vector_7
                0x0000019c                __vector_41
                0x0000019c                __vector_43
                0x0000019c                __vector_27
                0x0000019c                __vector_5
                0x0000019c                __vector_37
                0x0000019c                __vector_4
                0x0000019c                __vector_44
                0x0000019c                __vector_9
                0x0000019c                __vector_2
                0x0000019c                __vector_21
                0x0000019c                __vector_15
                0x0000019c                __vector_36
                0x0000019c                __vector_29
                0x0000019c                __vector_40
                0x0000019c                __vector_8
                0x0000019c                __vector_26
                0x0000019c                __vector_14
                0x0000019c                __vector_10
                0x000001a0                . = ALIGN (0x2)
 *(.text.*)
 .text.PlaceInGyroBuffor
                0x000001a0       0x68 Common.o
                0x000001a0                PlaceInGyroBuffor
 .text.PlaceInAccBuffor
                0x00000208       0x68 Common.o
                0x00000208                PlaceInAccBuffor
 .text.ReadGyroSample
                0x00000270       0x5c Common.o
                0x00000270                ReadGyroSample
 .text.ReadAccSample
                0x000002cc       0x5c Common.o
                0x000002cc                ReadAccSample
 .text.ReadGyroSample_ViewOnly
                0x00000328       0x4e Common.o
                0x00000328                ReadGyroSample_ViewOnly
 .text.ReadAccSample_ViewOnly
                0x00000376       0x4e Common.o
                0x00000376                ReadAccSample_ViewOnly
 .text.SamplesGyroBuf
                0x000003c4       0x12 Common.o
                0x000003c4                SamplesGyroBuf
 .text.SamplesAccBuf
                0x000003d6       0x12 Common.o
                0x000003d6                SamplesAccBuf
 .text.ReadGyroBuf
                0x000003e8       0x86 Common.o
                0x000003e8                ReadGyroBuf
 .text.ReadAccBuf
                0x0000046e       0x86 Common.o
                0x0000046e                ReadAccBuf
 .text.AveragingLinearMPU6050
                0x000004f4      0x100 Common.o
                0x000004f4                AveragingLinearMPU6050
 .text.ReadGyroBufAveraged
                0x000005f4       0x54 Common.o
                0x000005f4                ReadGyroBufAveraged
 .text.AveragingWeightingMPU6050
                0x00000648      0x1a0 Common.o
                0x00000648                AveragingWeightingMPU6050
 .text.ReadAccBufAveraged
                0x000007e8       0x54 Common.o
                0x000007e8                ReadAccBufAveraged
 .text.I2C_start
                0x0000083c       0x12 i2c_twi.o
                0x0000083c                I2C_start
 .text.I2C_stop
                0x0000084e       0x12 i2c_twi.o
                0x0000084e                I2C_stop
 .text.I2C_write
                0x00000860       0x16 i2c_twi.o
                0x00000860                I2C_write
 .text.I2C_read
                0x00000876       0x1e i2c_twi.o
                0x00000876                I2C_read
 .text.I2C_write_byte
                0x00000894       0x30 i2c_twi.o
                0x00000894                I2C_write_byte
 .text.I2C_read_buf
                0x000008c4       0x70 i2c_twi.o
                0x000008c4                I2C_read_buf
 .text.main     0x00000934       0xaa main.o
                0x00000934                main
 .text.ProcessAngle
                0x000009de       0x94 MPU6050/gyro_math.o
                0x000009de                ProcessAngle
 .text.CheckTotalG
                0x00000a72       0x5e MPU6050/gyro_math.o
                0x00000a72                CheckTotalG
 .text.CalculateNewPos
                0x00000ad0       0xda MPU6050/gyro_math.o
                0x00000ad0                CalculateNewPos
 .text.ProcessPosition
                0x00000baa      0x15a MPU6050/gyro_math.o
                0x00000baa                ProcessPosition
 .text.CalibrateMPU6050
                0x00000d04      0x3f8 MPU6050/MPU6050.o
                0x00000d04                CalibrateMPU6050
 .text.InitMPU6050
                0x000010fc       0xc8 MPU6050/MPU6050.o
                0x000010fc                InitMPU6050
 .text.ReadMPU6050
                0x000011c4      0x14e MPU6050/MPU6050.o
                0x000011c4                ReadMPU6050
 .text.Sbus_process_buffor
                0x00001312      0x292 SBUS/Sbus.o
                0x00001312                Sbus_process_buffor
 .text.InitUartSBUS
                0x000015a4       0x26 SBUS/Sbus.o
                0x000015a4                InitUartSBUS
 .text.__vector_28
                0x000015ca       0x98 SBUS/Sbus.o
                0x000015ca                __vector_28
 .text.InitTrimming
                0x00001662       0x6a Timer/PWM_control.o
                0x00001662                InitTrimming
 .text.CalculatePosition
                0x000016cc       0x60 Timer/Timer.o
                0x000016cc                CalculatePosition
 .text.SendPosition
                0x0000172c       0x46 Timer/Timer.o
                0x0000172c                SendPosition
 .text.AdditionalFunction
                0x00001772       0x4a Timer/Timer.o
                0x00001772                AdditionalFunction
 .text.InitCommonTimer
                0x000017bc       0x12 Timer/Timer.o
                0x000017bc                InitCommonTimer
 .text.InitPWMTimers
                0x000017ce        0xa Timer/Timer.o
                0x000017ce                InitPWMTimers
 .text.CheckCommonTimer
                0x000017d8       0x34 Timer/Timer.o
                0x000017d8                CheckCommonTimer
 .text.__vector_16
                0x0000180c       0x8a Timer/Timer.o
                0x0000180c                __vector_16
 .text.InitTimer3
                0x00001896       0x32 Timer/Timer3.o
                0x00001896                InitTimer3
 .text.__vector_33
                0x000018c8       0x36 Timer/Timer3.o
                0x000018c8                __vector_33
 .text.__vector_34
                0x000018fe       0xde Timer/Timer3.o
                0x000018fe                __vector_34
 .text.InitTimer4
                0x000019dc       0x18 Timer/Timer4.o
                0x000019dc                InitTimer4
 .text.Register_PWM_Pin
                0x000019f4       0x3c Timer/Timer4.o
                0x000019f4                Register_PWM_Pin
 .text.__vector_42
                0x00001a30       0x4c Timer/Timer4.o
                0x00001a30                __vector_42
 .text.__vector_24
                0x00001a7c      0x438 twi_buf_pos.o
                0x00001a7c                __vector_24
 .text.er_dbg   0x00001eb4       0x24 Uart/RecieveCommands.o
                0x00001eb4                er_dbg
 .text.er_service
                0x00001ed8        0xc Uart/RecieveCommands.o
                0x00001ed8                er_service
 .text.er_read  0x00001ee4       0xb0 Uart/RecieveCommands.o
                0x00001ee4                er_read
 .text.er_buf   0x00001f94       0xba Uart/RecieveCommands.o
                0x00001f94                er_buf
 .text.er_sbus  0x0000204e       0x40 Uart/RecieveCommands.o
                0x0000204e                er_sbus
 .text.ProcessString
                0x0000208e      0x12a Uart/RecieveCommands.o
                0x0000208e                ProcessString
 .text.InitUartCOM
                0x000021b8        0x6 Uart/Uart.o
                0x000021b8                InitUartCOM
 .text.ReceiveChar
                0x000021be       0x2a Uart/Uart.o
                0x000021be                ReceiveChar
 .text.SendString
                0x000021e8       0x2c Uart/Uart.o
                0x000021e8                SendString
 .text.SendEnter
                0x00002214        0xe Uart/Uart.o
                0x00002214                SendEnter
 .text.SendLine
                0x00002222        0xa Uart/Uart.o
                0x00002222                SendLine
 .text.SendInt  0x0000222c      0x1e2 Uart/Uart.o
                0x0000222c                SendInt
 .text.SendStringInt
                0x0000240e       0x26 Uart/Uart.o
                0x0000240e                SendStringInt
 .text.SendUint
                0x00002434      0x15e Uart/Uart.o
                0x00002434                SendUint
 .text.SendStringUint
                0x00002592       0x1a Uart/Uart.o
                0x00002592                SendStringUint
 .text.CheckRxBuffor
                0x000025ac       0x5c Uart/Uart.o
                0x000025ac                CheckRxBuffor
 .text.InitUartCOM_HW
                0x00002608       0x14 Uart/Uart_HW.o
                0x00002608                InitUartCOM_HW
 .text.PutCharToBuffor
                0x0000261c       0x34 Uart/Uart_HW.o
                0x0000261c                PutCharToBuffor
 .text.__vector_20
                0x00002650       0x52 Uart/Uart_HW.o
                0x00002650                __vector_20
 .text.__vector_18
                0x000026a2       0x4c Uart/Uart_HW.o
                0x000026a2                __vector_18
 .text.avr-libc.fplib
                0x000026ee        0xe d:/atmel/atmel studio 7.1/7.0/toolchain/avr8/avr8-gnu-toolchain/bin/../lib/gcc/avr/5.4.0/../../../../avr/lib/avr5\libm.a(addsf3.o)
                0x000026ee                __subsf3
                0x000026f0                __addsf3
 .text.avr-libc.fplib
                0x000026fc       0xcc d:/atmel/atmel studio 7.1/7.0/toolchain/avr8/avr8-gnu-toolchain/bin/../lib/gcc/avr/5.4.0/../../../../avr/lib/avr5\libm.a(addsf3x.o)
                0x0000271e                __addsf3x
 .text.avr-libc.fplib
                0x000027c8       0x5e d:/atmel/atmel studio 7.1/7.0/toolchain/avr8/avr8-gnu-toolchain/bin/../lib/gcc/avr/5.4.0/../../../../avr/lib/avr5\libm.a(atan.o)
                0x000027c8                atan
 .text.avr-libc.fplib
                0x00002826        0x8 d:/atmel/atmel studio 7.1/7.0/toolchain/avr8/avr8-gnu-toolchain/bin/../lib/gcc/avr/5.4.0/../../../../avr/lib/avr5\libm.a(divsf3.o)
                0x00002826                __divsf3
 .text.avr-libc.fplib
                0x0000282e       0xdc d:/atmel/atmel studio 7.1/7.0/toolchain/avr8/avr8-gnu-toolchain/bin/../lib/gcc/avr/5.4.0/../../../../avr/lib/avr5\libm.a(divsf3x.o)
                0x0000284e                __divsf3x
                0x00002854                __divsf3_pse
 .text.avr-libc.fplib
                0x0000290a        0xe d:/atmel/atmel studio 7.1/7.0/toolchain/avr8/avr8-gnu-toolchain/bin/../lib/gcc/avr/5.4.0/../../../../avr/lib/avr5\libm.a(fixsfsi.o)
                0x0000290a                __fixsfsi
 .text.avr-libc.fplib
                0x00002918       0x5e d:/atmel/atmel studio 7.1/7.0/toolchain/avr8/avr8-gnu-toolchain/bin/../lib/gcc/avr/5.4.0/../../../../avr/lib/avr5\libm.a(fixunssfsi.o)
                0x00002918                __fixunssfsi
 .text.avr-libc.fplib
                0x00002976       0x7a d:/atmel/atmel studio 7.1/7.0/toolchain/avr8/avr8-gnu-toolchain/bin/../lib/gcc/avr/5.4.0/../../../../avr/lib/avr5\libm.a(floatsisf.o)
                0x00002976                __floatunsisf
                0x0000297a                __floatsisf
 .text.avr-libc.fplib
                0x000029f0        0xc d:/atmel/atmel studio 7.1/7.0/toolchain/avr8/avr8-gnu-toolchain/bin/../lib/gcc/avr/5.4.0/../../../../avr/lib/avr5\libm.a(fp_inf.o)
                0x000029f0                __fp_inf
 .text.avr-libc.fplib
                0x000029fc        0x6 d:/atmel/atmel studio 7.1/7.0/toolchain/avr8/avr8-gnu-toolchain/bin/../lib/gcc/avr/5.4.0/../../../../avr/lib/avr5\libm.a(fp_nan.o)
                0x000029fc                __fp_nan
 .text.avr-libc.fplib
                0x00002a02       0x4e d:/atmel/atmel studio 7.1/7.0/toolchain/avr8/avr8-gnu-toolchain/bin/../lib/gcc/avr/5.4.0/../../../../avr/lib/avr5\libm.a(fp_powser.o)
                0x00002a02                __fp_powser
 .text.avr-libc.fplib
                0x00002a50        0xe d:/atmel/atmel studio 7.1/7.0/toolchain/avr8/avr8-gnu-toolchain/bin/../lib/gcc/avr/5.4.0/../../../../avr/lib/avr5\libm.a(fp_pscA.o)
                0x00002a50                __fp_pscA
 .text.avr-libc.fplib
                0x00002a5e        0xe d:/atmel/atmel studio 7.1/7.0/toolchain/avr8/avr8-gnu-toolchain/bin/../lib/gcc/avr/5.4.0/../../../../avr/lib/avr5\libm.a(fp_pscB.o)
                0x00002a5e                __fp_pscB
 .text.avr-libc.fplib
                0x00002a6c       0x22 d:/atmel/atmel studio 7.1/7.0/toolchain/avr8/avr8-gnu-toolchain/bin/../lib/gcc/avr/5.4.0/../../../../avr/lib/avr5\libm.a(fp_round.o)
                0x00002a6c                __fp_round
 .text.avr-libc.fplib
                0x00002a8e       0x44 d:/atmel/atmel studio 7.1/7.0/toolchain/avr8/avr8-gnu-toolchain/bin/../lib/gcc/avr/5.4.0/../../../../avr/lib/avr5\libm.a(fp_split3.o)
                0x00002a8e                __fp_split3
                0x00002a9e                __fp_splitA
 .text.avr-libc.fplib
                0x00002ad2        0xe d:/atmel/atmel studio 7.1/7.0/toolchain/avr8/avr8-gnu-toolchain/bin/../lib/gcc/avr/5.4.0/../../../../avr/lib/avr5\libm.a(fp_zero.o)
                0x00002ad2                __fp_zero
                0x00002ad4                __fp_szero
 .text.avr-libc.fplib
                0x00002ae0       0x10 d:/atmel/atmel studio 7.1/7.0/toolchain/avr8/avr8-gnu-toolchain/bin/../lib/gcc/avr/5.4.0/../../../../avr/lib/avr5\libm.a(inverse.o)
                0x00002ae0                inverse
 .text.avr-libc.fplib
                0x00002af0        0x8 d:/atmel/atmel studio 7.1/7.0/toolchain/avr8/avr8-gnu-toolchain/bin/../lib/gcc/avr/5.4.0/../../../../avr/lib/avr5\libm.a(mulsf3.o)
                0x00002af0                __mulsf3
 .text.avr-libc.fplib
                0x00002af8       0xd2 d:/atmel/atmel studio 7.1/7.0/toolchain/avr8/avr8-gnu-toolchain/bin/../lib/gcc/avr/5.4.0/../../../../avr/lib/avr5\libm.a(mulsf3x.o)
                0x00002b16                __mulsf3x
                0x00002b1c                __mulsf3_pse
 .text.avr-libc.fplib
                0x00002bca        0x8 d:/atmel/atmel studio 7.1/7.0/toolchain/avr8/avr8-gnu-toolchain/bin/../lib/gcc/avr/5.4.0/../../../../avr/lib/avr5\libm.a(square.o)
                0x00002bca                square
 .text.libgcc.mul
                0x00002bd2       0x20 d:/atmel/atmel studio 7.1/7.0/toolchain/avr8/avr8-gnu-toolchain/bin/../lib/gcc/avr/5.4.0/avr5\libgcc.a(_mulsi3.o)
                0x00002bd2                __mulsi3
 .text.libgcc.div
                0x00002bf2       0x2e d:/atmel/atmel studio 7.1/7.0/toolchain/avr8/avr8-gnu-toolchain/bin/../lib/gcc/avr/5.4.0/avr5\libgcc.a(_divmodsi4.o)
                0x00002bf2                __divmodsi4
 .text.libgcc.div
                0x00002c20       0x10 d:/atmel/atmel studio 7.1/7.0/toolchain/avr8/avr8-gnu-toolchain/bin/../lib/gcc/avr/5.4.0/avr5\libgcc.a(_negsi2.o)
                0x00002c20                __negsi2
 .text.libgcc   0x00002c30        0xc d:/atmel/atmel studio 7.1/7.0/toolchain/avr8/avr8-gnu-toolchain/bin/../lib/gcc/avr/5.4.0/avr5\libgcc.a(_tablejump2.o)
                0x00002c30                __tablejump2__
 .text.libgcc.mul
                0x00002c3c       0x10 d:/atmel/atmel studio 7.1/7.0/toolchain/avr8/avr8-gnu-toolchain/bin/../lib/gcc/avr/5.4.0/avr5\libgcc.a(_mulhisi3.o)
                0x00002c3c                __mulhisi3
 .text.libgcc.mul
                0x00002c4c       0x1e d:/atmel/atmel studio 7.1/7.0/toolchain/avr8/avr8-gnu-toolchain/bin/../lib/gcc/avr/5.4.0/avr5\libgcc.a(_umulhisi3.o)
                0x00002c4c                __umulhisi3
 .text.libgcc.mul
                0x00002c6a        0xe d:/atmel/atmel studio 7.1/7.0/toolchain/avr8/avr8-gnu-toolchain/bin/../lib/gcc/avr/5.4.0/avr5\libgcc.a(_usmulhisi3.o)
                0x00002c6a                __usmulhisi3
                0x00002c6e                __usmulhisi3_tail
 .text.libgcc.mul
                0x00002c78       0x16 d:/atmel/atmel studio 7.1/7.0/toolchain/avr8/avr8-gnu-toolchain/bin/../lib/gcc/avr/5.4.0/avr5\libgcc.a(_muluhisi3.o)
                0x00002c78                __muluhisi3
 .text.libgcc.mul
                0x00002c8e       0x10 d:/atmel/atmel studio 7.1/7.0/toolchain/avr8/avr8-gnu-toolchain/bin/../lib/gcc/avr/5.4.0/avr5\libgcc.a(_mulshisi3.o)
                0x00002c8e                __mulshisi3
                0x00002c94                __mulohisi3
 .text.libgcc.div
                0x00002c9e       0x44 d:/atmel/atmel studio 7.1/7.0/toolchain/avr8/avr8-gnu-toolchain/bin/../lib/gcc/avr/5.4.0/avr5\libgcc.a(_udivmodsi4.o)
                0x00002c9e                __udivmodsi4
 .text.avr-libc
                0x00002ce2       0x12 d:/atmel/atmel studio 7.1/7.0/toolchain/avr8/avr8-gnu-toolchain/bin/../lib/gcc/avr/5.4.0/../../../../avr/lib/avr5\libc.a(strlen_P.o)
                0x00002ce2                __strlen_P
 .text.avr-libc
                0x00002cf4       0x30 d:/atmel/atmel studio 7.1/7.0/toolchain/avr8/avr8-gnu-toolchain/bin/../lib/gcc/avr/5.4.0/../../../../avr/lib/avr5\libc.a(strncasecmp_P.o)
                0x00002cf4                strncasecmp_P
 .text.avr-libc
                0x00002d24       0x4e d:/atmel/atmel studio 7.1/7.0/toolchain/avr8/avr8-gnu-toolchain/bin/../lib/gcc/avr/5.4.0/../../../../avr/lib/avr5\libc.a(strtok_r.o)
                0x00002d24                strtok_r
 .text.avr-libc
                0x00002d72      0x3c2 d:/atmel/atmel studio 7.1/7.0/toolchain/avr8/avr8-gnu-toolchain/bin/../lib/gcc/avr/5.4.0/../../../../avr/lib/avr5\libc.a(vfprintf_std.o)
                0x00002d72                vfprintf
 .text.avr-libc
                0x00003134       0x16 d:/atmel/atmel studio 7.1/7.0/toolchain/avr8/avr8-gnu-toolchain/bin/../lib/gcc/avr/5.4.0/../../../../avr/lib/avr5\libc.a(strnlen_P.o)
                0x00003134                strnlen_P
 .text.avr-libc
                0x0000314a       0x16 d:/atmel/atmel studio 7.1/7.0/toolchain/avr8/avr8-gnu-toolchain/bin/../lib/gcc/avr/5.4.0/../../../../avr/lib/avr5\libc.a(strnlen.o)
                0x0000314a                strnlen
 .text.avr-libc
                0x00003160       0x78 d:/atmel/atmel studio 7.1/7.0/toolchain/avr8/avr8-gnu-toolchain/bin/../lib/gcc/avr/5.4.0/../../../../avr/lib/avr5\libc.a(fputc.o)
                0x00003160                fputc
 .text.avr-libc
                0x000031d8       0xbc d:/atmel/atmel studio 7.1/7.0/toolchain/avr8/avr8-gnu-toolchain/bin/../lib/gcc/avr/5.4.0/../../../../avr/lib/avr5\libc.a(ultoa_invert.o)
                0x000031d8                __ultoa_invert
 .text.avr-libc
                0x00003294       0x20 D:/Atmel/Atmel Studio 7.1/7.0/Packs/atmel/ATmega_DFP/1.2.150/gcc/dev/atmega328pb/avr5\libatmega328pb.a(eerd_block.o)
                0x00003294                eeprom_read_block
                0x00003298                eeprom_read_blraw
 .text.avr-libc
                0x000032b4       0x14 D:/Atmel/Atmel Studio 7.1/7.0/Packs/atmel/ATmega_DFP/1.2.150/gcc/dev/atmega328pb/avr5\libatmega328pb.a(eewr_block.o)
                0x000032b4                eeprom_write_block
 .text.avr-libc
                0x000032c8       0x1c D:/Atmel/Atmel Studio 7.1/7.0/Packs/atmel/ATmega_DFP/1.2.150/gcc/dev/atmega328pb/avr5\libatmega328pb.a(eewr_byte.o)
                0x000032c8                eeprom_write_byte
                0x000032ca                eeprom_write_r18
 .text.libgcc.prologue
                0x000032e4       0x38 d:/atmel/atmel studio 7.1/7.0/toolchain/avr8/avr8-gnu-toolchain/bin/../lib/gcc/avr/5.4.0/avr5\libgcc.a(_prologue.o)
                0x000032e4                __prologue_saves__
 .text.libgcc.prologue
                0x0000331c       0x36 d:/atmel/atmel studio 7.1/7.0/toolchain/avr8/avr8-gnu-toolchain/bin/../lib/gcc/avr/5.4.0/avr5\libgcc.a(_epilogue.o)
                0x0000331c                __epilogue_restores__
                0x00003352                . = ALIGN (0x2)
 *(.fini9)
 .fini9         0x00003352        0x0 d:/atmel/atmel studio 7.1/7.0/toolchain/avr8/avr8-gnu-toolchain/bin/../lib/gcc/avr/5.4.0/avr5\libgcc.a(_exit.o)
                0x00003352                _exit
                0x00003352                exit
 *(.fini9)
 *(.fini8)
 *(.fini8)
 *(.fini7)
 *(.fini7)
 *(.fini6)
 *(.fini6)
 *(.fini5)
 *(.fini5)
 *(.fini4)
 *(.fini4)
 *(.fini3)
 *(.fini3)
 *(.fini2)
 *(.fini2)
 *(.fini1)
 *(.fini1)
 *(.fini0)
 .fini0         0x00003352        0x4 d:/atmel/atmel studio 7.1/7.0/toolchain/avr8/avr8-gnu-toolchain/bin/../lib/gcc/avr/5.4.0/avr5\libgcc.a(_exit.o)
 *(.fini0)
                0x00003356                _etext = .

.data           0x00800100       0xe4 load address 0x00003356
                0x00800100                PROVIDE (__data_start, .)
 *(.data)
 *(.data*)
 .data.sbus_last_frame_counter
                0x00800100        0x1 SBUS/Sbus.o
                0x00800100                sbus_last_frame_counter
 .data.sbus_buffor_start_counter
                0x00800101        0x1 SBUS/Sbus.o
                0x00800101                sbus_buffor_start_counter
 .data.sbus_buffor_process_counter
                0x00800102        0x2 SBUS/Sbus.o
                0x00800102                sbus_buffor_process_counter
 .data.decrement_common
                0x00800104       0x10 Timer/Timer.o
                0x00800104                decrement_common
 *(.gnu.linkonce.d*)
 *(.rodata)
 *(.rodata*)
 .rodata.str1.1
                0x00800114        0xc main.o
 .rodata.str1.1
                0x00800120       0x40 SBUS/Sbus.o
 .rodata.str1.1
                0x00800160       0x21 Timer/PWM_control.o
 .rodata.str1.1
                0x00800181       0x22 Timer/Timer.o
 .rodata.str1.1
                0x008001a3       0x41 Uart/RecieveCommands.o
                                 0x5b (size before relaxing)
 *(.gnu.linkonce.r*)
                0x008001e4                . = ALIGN (0x2)
                0x008001e4                _edata = .
                0x008001e4                PROVIDE (__data_end, .)

.bss            0x008001e4      0x2e6
                0x008001e4                PROVIDE (__bss_start, .)
 *(.bss)
 *(.bss*)
 .bss.acc_tail  0x008001e4        0x1 Common.o
                0x008001e4                acc_tail
 .bss.acc_head  0x008001e5        0x1 Common.o
                0x008001e5                acc_head
 .bss.gyro_tail
                0x008001e6        0x1 Common.o
                0x008001e6                gyro_tail
 .bss.gyro_head
                0x008001e7        0x1 Common.o
                0x008001e7                gyro_head
 .bss.TxHead    0x008001e8        0x1 Uart/Uart.o
                0x008001e8                TxHead
 .bss.TxTail    0x008001e9        0x1 Uart/Uart.o
                0x008001e9                TxTail
 .bss.RxHead    0x008001ea        0x1 Uart/Uart.o
                0x008001ea                RxHead
 .bss.RxTail    0x008001eb        0x1 Uart/Uart.o
                0x008001eb                RxTail
 *(COMMON)
 COMMON         0x008001ec      0x118 Common.o
                0x008001ec                X_gyro_buff
                0x00800216                calculate_position_counter
                0x00800218                Y_gyro_buff
                0x00800242                Z_acc_buff
                0x0080026c                X_acc_buff
                0x00800296                acc_offset
                0x0080029c                flag1
                0x0080029d                pos_y
                0x008002a1                send_position_counter
                0x008002a3                gyro_offset
                0x008002a9                pos_x
                0x008002ad                Y_acc_buff
                0x008002d7                events
                0x008002d8                additional_timer
                0x008002da                Z_gyro_buff
 COMMON         0x00800304       0x3d SBUS/Sbus.o
                0x00800304                channel_value
                0x00800326                sbus_position
                0x00800327                Sbus_Buffor
 COMMON         0x00800341       0x38 Timer/PWM_control.o
                0x00800341                pwm_timers
                0x00800350                sbus_frame_delay
                0x00800351                eem_trim
                0x00800355                channel_new
                0x00800365                ram_trim
                0x00800369                channel_old
 COMMON         0x00800379        0xa Timer/Timer3.o
                0x00800379                selected_PWM_channel
                0x0080037a                pwm_channels
 COMMON         0x00800383        0x3 Timer/Timer4.o
                0x00800383                PORT
                0x00800385                PIN
 COMMON         0x00800386       0xa4 twi_buf_pos.o
                0x00800386                twi_reset_counter
                0x00800387                twi_command
                0x00800389                twi_buf_pos
                0x0080038a                twi_bufor
 COMMON         0x0080042a       0xa0 Uart/Uart.o
                0x0080042a                RxBuffor
                0x0080044a                TxBuffor
                0x008004ca                PROVIDE (__bss_end, .)
                0x00003356                __data_load_start = LOADADDR (.data)
                0x0000343a                __data_load_end = (__data_load_start + SIZEOF (.data))

.noinit         0x008004ca        0x0
                [!provide]                PROVIDE (__noinit_start, .)
 *(.noinit*)
                [!provide]                PROVIDE (__noinit_end, .)
                0x008004ca                _end = .
                [!provide]                PROVIDE (__heap_start, .)

.eeprom         0x00810000        0x0
 *(.eeprom*)
                0x00810000                __eeprom_end = .

.fuse
 *(.fuse)
 *(.lfuse)
 *(.hfuse)
 *(.efuse)

.lock
 *(.lock*)

.signature
 *(.signature*)

.user_signatures
 *(.user_signatures*)

.stab
 *(.stab)

.stabstr
 *(.stabstr)

.stab.excl
 *(.stab.excl)

.stab.exclstr
 *(.stab.exclstr)

.stab.index
 *(.stab.index)

.stab.indexstr
 *(.stab.indexstr)

.comment        0x00000000       0x5c
 *(.comment)
 .comment       0x00000000       0x30 Common.o
                                 0x31 (size before relaxing)
 .comment       0x00000030       0x31 i2c_twi.o
 .comment       0x00000030       0x31 main.o
 .comment       0x00000030       0x31 MPU6050/gyro_math.o
 .comment       0x00000030       0x31 MPU6050/MPU6050.o
 .comment       0x00000030       0x31 SBUS/Sbus.o
 .comment       0x00000030       0x31 Timer/PWM_control.o
 .comment       0x00000030       0x31 Timer/Timer.o
 .comment       0x00000030       0x31 Timer/Timer3.o
 .comment       0x00000030       0x31 Timer/Timer4.o
 .comment       0x00000030       0x31 twi_buf_pos.o
 .comment       0x00000030       0x31 Uart/RecieveCommands.o
 .comment       0x00000030       0x31 Uart/Uart.o
 .comment       0x00000030       0x31 Uart/Uart_HW.o
 .comment       0x00000030       0x2c d:/atmel/atmel studio 7.1/7.0/toolchain/avr8/avr8-gnu-toolchain/bin/../lib/gcc/avr/5.4.0/../../../../avr/lib/avr5\libc.a(vfprintf_std.o)
                                 0x2d (size before relaxing)
 .comment       0x0000005c       0x31 d:/atmel/atmel studio 7.1/7.0/toolchain/avr8/avr8-gnu-toolchain/bin/../lib/gcc/avr/5.4.0/../../../../avr/lib/avr5\libc.a(fputc.o)

.note.gnu.avr.deviceinfo
                0x00000000       0x40
 .note.gnu.avr.deviceinfo
                0x00000000       0x40 D:/Atmel/Atmel Studio 7.1/7.0/Packs/atmel/ATmega_DFP/1.2.150/gcc/dev/atmega328pb/avr5/crtatmega328pb.o

.note.gnu.build-id
 *(.note.gnu.build-id)

.debug
 *(.debug)

.line
 *(.line)

.debug_srcinfo
 *(.debug_srcinfo)

.debug_sfnames
 *(.debug_sfnames)

.debug_aranges  0x00000000      0x468
 *(.debug_aranges)
 .debug_aranges
                0x00000000       0xa8 Common.o
 .debug_aranges
                0x000000a8       0x58 i2c_twi.o
 .debug_aranges
                0x00000100       0x20 main.o
 .debug_aranges
                0x00000120       0x38 MPU6050/gyro_math.o
 .debug_aranges
                0x00000158       0x30 MPU6050/MPU6050.o
 .debug_aranges
                0x00000188       0x38 SBUS/Sbus.o
 .debug_aranges
                0x000001c0       0x20 Timer/PWM_control.o
 .debug_aranges
                0x000001e0       0x50 Timer/Timer.o
 .debug_aranges
                0x00000230       0x30 Timer/Timer3.o
 .debug_aranges
                0x00000260       0x30 Timer/Timer4.o
 .debug_aranges
                0x00000290       0x80 twi_buf_pos.o
 .debug_aranges
                0x00000310       0x48 Uart/RecieveCommands.o
 .debug_aranges
                0x00000358       0x70 Uart/Uart.o
 .debug_aranges
                0x000003c8       0x40 Uart/Uart_HW.o
 .debug_aranges
                0x00000408       0x20 D:/Atmel/Atmel Studio 7.1/7.0/Packs/atmel/ATmega_DFP/1.2.150/gcc/dev/atmega328pb/avr5\libatmega328pb.a(eerd_block.o)
 .debug_aranges
                0x00000428       0x20 D:/Atmel/Atmel Studio 7.1/7.0/Packs/atmel/ATmega_DFP/1.2.150/gcc/dev/atmega328pb/avr5\libatmega328pb.a(eewr_block.o)
 .debug_aranges
                0x00000448       0x20 D:/Atmel/Atmel Studio 7.1/7.0/Packs/atmel/ATmega_DFP/1.2.150/gcc/dev/atmega328pb/avr5\libatmega328pb.a(eewr_byte.o)

.debug_pubnames
 *(.debug_pubnames)

.debug_info     0x00000000     0x5551
 *(.debug_info .gnu.linkonce.wi.*)
 .debug_info    0x00000000      0x8ea D:/Atmel/Atmel Studio 7.1/7.0/Packs/atmel/ATmega_DFP/1.2.150/gcc/dev/atmega328pb/avr5/crtatmega328pb.o
 .debug_info    0x000008ea      0xb4b Common.o
 .debug_info    0x00001435      0x394 i2c_twi.o
 .debug_info    0x000017c9      0x3c8 main.o
 .debug_info    0x00001b91      0x464 MPU6050/gyro_math.o
 .debug_info    0x00001ff5      0xa3e MPU6050/MPU6050.o
 .debug_info    0x00002a33      0x3a7 SBUS/Sbus.o
 .debug_info    0x00002dda      0x42a Timer/PWM_control.o
 .debug_info    0x00003204      0x4f2 Timer/Timer.o
 .debug_info    0x000036f6      0x2e7 Timer/Timer3.o
 .debug_info    0x000039dd      0x240 Timer/Timer4.o
 .debug_info    0x00003c1d      0x732 twi_buf_pos.o
 .debug_info    0x0000434f      0x89a Uart/RecieveCommands.o
 .debug_info    0x00004be9      0x5e8 Uart/Uart.o
 .debug_info    0x000051d1      0x177 Uart/Uart_HW.o
 .debug_info    0x00005348       0xae D:/Atmel/Atmel Studio 7.1/7.0/Packs/atmel/ATmega_DFP/1.2.150/gcc/dev/atmega328pb/avr5\libatmega328pb.a(eerd_block.o)
 .debug_info    0x000053f6       0xae D:/Atmel/Atmel Studio 7.1/7.0/Packs/atmel/ATmega_DFP/1.2.150/gcc/dev/atmega328pb/avr5\libatmega328pb.a(eewr_block.o)
 .debug_info    0x000054a4       0xad D:/Atmel/Atmel Studio 7.1/7.0/Packs/atmel/ATmega_DFP/1.2.150/gcc/dev/atmega328pb/avr5\libatmega328pb.a(eewr_byte.o)

.debug_abbrev   0x00000000     0x1fb2
 *(.debug_abbrev)
 .debug_abbrev  0x00000000      0x86e D:/Atmel/Atmel Studio 7.1/7.0/Packs/atmel/ATmega_DFP/1.2.150/gcc/dev/atmega328pb/avr5/crtatmega328pb.o
 .debug_abbrev  0x0000086e      0x266 Common.o
 .debug_abbrev  0x00000ad4      0x12f i2c_twi.o
 .debug_abbrev  0x00000c03      0x19c main.o
 .debug_abbrev  0x00000d9f      0x194 MPU6050/gyro_math.o
 .debug_abbrev  0x00000f33      0x225 MPU6050/MPU6050.o
 .debug_abbrev  0x00001158      0x147 SBUS/Sbus.o
 .debug_abbrev  0x0000129f      0x130 Timer/PWM_control.o
 .debug_abbrev  0x000013cf      0x1b3 Timer/Timer.o
 .debug_abbrev  0x00001582      0x145 Timer/Timer3.o
 .debug_abbrev  0x000016c7      0x131 Timer/Timer4.o
 .debug_abbrev  0x000017f8      0x28d twi_buf_pos.o
 .debug_abbrev  0x00001a85      0x24b Uart/RecieveCommands.o
 .debug_abbrev  0x00001cd0      0x1b3 Uart/Uart.o
 .debug_abbrev  0x00001e83       0xf3 Uart/Uart_HW.o
 .debug_abbrev  0x00001f76       0x14 D:/Atmel/Atmel Studio 7.1/7.0/Packs/atmel/ATmega_DFP/1.2.150/gcc/dev/atmega328pb/avr5\libatmega328pb.a(eerd_block.o)
 .debug_abbrev  0x00001f8a       0x14 D:/Atmel/Atmel Studio 7.1/7.0/Packs/atmel/ATmega_DFP/1.2.150/gcc/dev/atmega328pb/avr5\libatmega328pb.a(eewr_block.o)
 .debug_abbrev  0x00001f9e       0x14 D:/Atmel/Atmel Studio 7.1/7.0/Packs/atmel/ATmega_DFP/1.2.150/gcc/dev/atmega328pb/avr5\libatmega328pb.a(eewr_byte.o)

.debug_line     0x00000000     0x28b2
 *(.debug_line .debug_line.* .debug_line_end)
 .debug_line    0x00000000      0x1a5 D:/Atmel/Atmel Studio 7.1/7.0/Packs/atmel/ATmega_DFP/1.2.150/gcc/dev/atmega328pb/avr5/crtatmega328pb.o
 .debug_line    0x000001a5      0x5c1 Common.o
 .debug_line    0x00000766      0x255 i2c_twi.o
 .debug_line    0x000009bb      0x1ff main.o
 .debug_line    0x00000bba      0x195 MPU6050/gyro_math.o
 .debug_line    0x00000d4f      0x3e6 MPU6050/MPU6050.o
 .debug_line    0x00001135      0x26a SBUS/Sbus.o
 .debug_line    0x0000139f      0x151 Timer/PWM_control.o
 .debug_line    0x000014f0      0x266 Timer/Timer.o
 .debug_line    0x00001756      0x156 Timer/Timer3.o
 .debug_line    0x000018ac      0x10e Timer/Timer4.o
 .debug_line    0x000019ba      0x48a twi_buf_pos.o
 .debug_line    0x00001e44      0x367 Uart/RecieveCommands.o
 .debug_line    0x000021ab      0x3e3 Uart/Uart.o
 .debug_line    0x0000258e      0x15b Uart/Uart_HW.o
 .debug_line    0x000026e9       0xab D:/Atmel/Atmel Studio 7.1/7.0/Packs/atmel/ATmega_DFP/1.2.150/gcc/dev/atmega328pb/avr5\libatmega328pb.a(eerd_block.o)
 .debug_line    0x00002794       0x80 D:/Atmel/Atmel Studio 7.1/7.0/Packs/atmel/ATmega_DFP/1.2.150/gcc/dev/atmega328pb/avr5\libatmega328pb.a(eewr_block.o)
 .debug_line    0x00002814       0x9e D:/Atmel/Atmel Studio 7.1/7.0/Packs/atmel/ATmega_DFP/1.2.150/gcc/dev/atmega328pb/avr5\libatmega328pb.a(eewr_byte.o)

.debug_frame    0x00000000      0xd0c
 *(.debug_frame)
 .debug_frame   0x00000000      0x2c4 Common.o
 .debug_frame   0x000002c4       0xf0 i2c_twi.o
 .debug_frame   0x000003b4       0x24 main.o
 .debug_frame   0x000003d8      0x144 MPU6050/gyro_math.o
 .debug_frame   0x0000051c       0xec MPU6050/MPU6050.o
 .debug_frame   0x00000608       0x80 SBUS/Sbus.o
 .debug_frame   0x00000688       0x24 Timer/PWM_control.o
 .debug_frame   0x000006ac       0xec Timer/Timer.o
 .debug_frame   0x00000798       0xa0 Timer/Timer3.o
 .debug_frame   0x00000838       0x68 Timer/Timer4.o
 .debug_frame   0x000008a0      0x13c twi_buf_pos.o
 .debug_frame   0x000009dc       0xec Uart/RecieveCommands.o
 .debug_frame   0x00000ac8      0x178 Uart/Uart.o
 .debug_frame   0x00000c40       0xcc Uart/Uart_HW.o

.debug_str      0x00000000     0x10ae
 *(.debug_str)
 .debug_str     0x00000000      0x318 D:/Atmel/Atmel Studio 7.1/7.0/Packs/atmel/ATmega_DFP/1.2.150/gcc/dev/atmega328pb/avr5/crtatmega328pb.o
 .debug_str     0x00000318      0x550 Common.o
                                0x5d9 (size before relaxing)
 .debug_str     0x00000868       0x72 i2c_twi.o
                                0x1c6 (size before relaxing)
 .debug_str     0x000008da       0xe8 main.o
                                0x2eb (size before relaxing)
 .debug_str     0x000009c2       0xd5 MPU6050/gyro_math.o
                                0x2fb (size before relaxing)
 .debug_str     0x00000a97       0x85 MPU6050/MPU6050.o
                                0x33c (size before relaxing)
 .debug_str     0x00000b1c       0xc8 SBUS/Sbus.o
                                0x2e6 (size before relaxing)
 .debug_str     0x00000be4       0x54 Timer/PWM_control.o
                                0x310 (size before relaxing)
 .debug_str     0x00000c38       0xa2 Timer/Timer.o
                                0x3a8 (size before relaxing)
 .debug_str     0x00000cda       0x50 Timer/Timer3.o
                                0x2ac (size before relaxing)
 .debug_str     0x00000d2a       0x31 Timer/Timer4.o
                                0x24c (size before relaxing)
 .debug_str     0x00000d5b      0x194 twi_buf_pos.o
                                0x348 (size before relaxing)
 .debug_str     0x00000eef       0xeb Uart/RecieveCommands.o
                                0x3dc (size before relaxing)
 .debug_str     0x00000fda       0x94 Uart/Uart.o
                                0x285 (size before relaxing)
 .debug_str     0x0000106e       0x40 Uart/Uart_HW.o
                                0x1e8 (size before relaxing)

.debug_loc      0x00000000     0x3da0
 *(.debug_loc)
 .debug_loc     0x00000000      0xe54 Common.o
 .debug_loc     0x00000e54      0x4d6 i2c_twi.o
 .debug_loc     0x0000132a       0x89 main.o
 .debug_loc     0x000013b3      0x7f7 MPU6050/gyro_math.o
 .debug_loc     0x00001baa      0x9d7 MPU6050/MPU6050.o
 .debug_loc     0x00002581      0x14a SBUS/Sbus.o
 .debug_loc     0x000026cb      0x18b Timer/Timer.o
 .debug_loc     0x00002856      0x114 Timer/Timer3.o
 .debug_loc     0x0000296a       0xa2 Timer/Timer4.o
 .debug_loc     0x00002a0c      0x599 twi_buf_pos.o
 .debug_loc     0x00002fa5      0x388 Uart/RecieveCommands.o
 .debug_loc     0x0000332d      0x926 Uart/Uart.o
 .debug_loc     0x00003c53      0x14d Uart/Uart_HW.o

.debug_macinfo
 *(.debug_macinfo)

.debug_weaknames
 *(.debug_weaknames)

.debug_funcnames
 *(.debug_funcnames)

.debug_typenames
 *(.debug_typenames)

.debug_varnames
 *(.debug_varnames)

.debug_pubtypes
 *(.debug_pubtypes)

.debug_ranges   0x00000000      0x3b0
 *(.debug_ranges)
 .debug_ranges  0x00000000       0x98 Common.o
 .debug_ranges  0x00000098       0x48 i2c_twi.o
 .debug_ranges  0x000000e0       0x10 main.o
 .debug_ranges  0x000000f0       0x28 MPU6050/gyro_math.o
 .debug_ranges  0x00000118       0x38 MPU6050/MPU6050.o
 .debug_ranges  0x00000150       0x40 SBUS/Sbus.o
 .debug_ranges  0x00000190       0x10 Timer/PWM_control.o
 .debug_ranges  0x000001a0       0x40 Timer/Timer.o
 .debug_ranges  0x000001e0       0x20 Timer/Timer3.o
 .debug_ranges  0x00000200       0x20 Timer/Timer4.o
 .debug_ranges  0x00000220       0x70 twi_buf_pos.o
 .debug_ranges  0x00000290       0x38 Uart/RecieveCommands.o
 .debug_ranges  0x000002c8       0xb8 Uart/Uart.o
 .debug_ranges  0x00000380       0x30 Uart/Uart_HW.o

.debug_macro
 *(.debug_macro)
OUTPUT(Flight assistant.elf elf32-avr)
LOAD linker stubs
