Archive member included to satisfy reference by file (symbol)

d:/atmel/atmel studio 7.1/7.0/toolchain/avr8/avr8-gnu-toolchain/bin/../lib/gcc/avr/5.4.0/../../../../avr/lib/avr5\libm.a(divsf3.o)
                              MPU6050.o (__divsf3)
d:/atmel/atmel studio 7.1/7.0/toolchain/avr8/avr8-gnu-toolchain/bin/../lib/gcc/avr/5.4.0/../../../../avr/lib/avr5\libm.a(divsf3x.o)
                              d:/atmel/atmel studio 7.1/7.0/toolchain/avr8/avr8-gnu-toolchain/bin/../lib/gcc/avr/5.4.0/../../../../avr/lib/avr5\libm.a(divsf3.o) (__divsf3x)
d:/atmel/atmel studio 7.1/7.0/toolchain/avr8/avr8-gnu-toolchain/bin/../lib/gcc/avr/5.4.0/../../../../avr/lib/avr5\libm.a(floatsisf.o)
                              MPU6050.o (__floatsisf)
d:/atmel/atmel studio 7.1/7.0/toolchain/avr8/avr8-gnu-toolchain/bin/../lib/gcc/avr/5.4.0/../../../../avr/lib/avr5\libm.a(fp_inf.o)
                              d:/atmel/atmel studio 7.1/7.0/toolchain/avr8/avr8-gnu-toolchain/bin/../lib/gcc/avr/5.4.0/../../../../avr/lib/avr5\libm.a(divsf3x.o) (__fp_inf)
d:/atmel/atmel studio 7.1/7.0/toolchain/avr8/avr8-gnu-toolchain/bin/../lib/gcc/avr/5.4.0/../../../../avr/lib/avr5\libm.a(fp_nan.o)
                              d:/atmel/atmel studio 7.1/7.0/toolchain/avr8/avr8-gnu-toolchain/bin/../lib/gcc/avr/5.4.0/../../../../avr/lib/avr5\libm.a(divsf3x.o) (__fp_nan)
d:/atmel/atmel studio 7.1/7.0/toolchain/avr8/avr8-gnu-toolchain/bin/../lib/gcc/avr/5.4.0/../../../../avr/lib/avr5\libm.a(fp_pscA.o)
                              d:/atmel/atmel studio 7.1/7.0/toolchain/avr8/avr8-gnu-toolchain/bin/../lib/gcc/avr/5.4.0/../../../../avr/lib/avr5\libm.a(divsf3x.o) (__fp_pscA)
d:/atmel/atmel studio 7.1/7.0/toolchain/avr8/avr8-gnu-toolchain/bin/../lib/gcc/avr/5.4.0/../../../../avr/lib/avr5\libm.a(fp_pscB.o)
                              d:/atmel/atmel studio 7.1/7.0/toolchain/avr8/avr8-gnu-toolchain/bin/../lib/gcc/avr/5.4.0/../../../../avr/lib/avr5\libm.a(divsf3x.o) (__fp_pscB)
d:/atmel/atmel studio 7.1/7.0/toolchain/avr8/avr8-gnu-toolchain/bin/../lib/gcc/avr/5.4.0/../../../../avr/lib/avr5\libm.a(fp_round.o)
                              d:/atmel/atmel studio 7.1/7.0/toolchain/avr8/avr8-gnu-toolchain/bin/../lib/gcc/avr/5.4.0/../../../../avr/lib/avr5\libm.a(divsf3.o) (__fp_round)
d:/atmel/atmel studio 7.1/7.0/toolchain/avr8/avr8-gnu-toolchain/bin/../lib/gcc/avr/5.4.0/../../../../avr/lib/avr5\libm.a(fp_split3.o)
                              d:/atmel/atmel studio 7.1/7.0/toolchain/avr8/avr8-gnu-toolchain/bin/../lib/gcc/avr/5.4.0/../../../../avr/lib/avr5\libm.a(divsf3x.o) (__fp_split3)
d:/atmel/atmel studio 7.1/7.0/toolchain/avr8/avr8-gnu-toolchain/bin/../lib/gcc/avr/5.4.0/../../../../avr/lib/avr5\libm.a(fp_zero.o)
                              d:/atmel/atmel studio 7.1/7.0/toolchain/avr8/avr8-gnu-toolchain/bin/../lib/gcc/avr/5.4.0/../../../../avr/lib/avr5\libm.a(divsf3x.o) (__fp_szero)
d:/atmel/atmel studio 7.1/7.0/toolchain/avr8/avr8-gnu-toolchain/bin/../lib/gcc/avr/5.4.0/../../../../avr/lib/avr5\libm.a(mulsf3.o)
                              MPU6050.o (__mulsf3)
d:/atmel/atmel studio 7.1/7.0/toolchain/avr8/avr8-gnu-toolchain/bin/../lib/gcc/avr/5.4.0/../../../../avr/lib/avr5\libm.a(mulsf3x.o)
                              d:/atmel/atmel studio 7.1/7.0/toolchain/avr8/avr8-gnu-toolchain/bin/../lib/gcc/avr/5.4.0/../../../../avr/lib/avr5\libm.a(mulsf3.o) (__mulsf3x)
d:/atmel/atmel studio 7.1/7.0/toolchain/avr8/avr8-gnu-toolchain/bin/../lib/gcc/avr/5.4.0/avr5\libgcc.a(_divmodsi4.o)
                              MPU6050.o (__divmodsi4)
d:/atmel/atmel studio 7.1/7.0/toolchain/avr8/avr8-gnu-toolchain/bin/../lib/gcc/avr/5.4.0/avr5\libgcc.a(_negsi2.o)
                              d:/atmel/atmel studio 7.1/7.0/toolchain/avr8/avr8-gnu-toolchain/bin/../lib/gcc/avr/5.4.0/avr5\libgcc.a(_divmodsi4.o) (__negsi2)
d:/atmel/atmel studio 7.1/7.0/toolchain/avr8/avr8-gnu-toolchain/bin/../lib/gcc/avr/5.4.0/avr5\libgcc.a(_exit.o)
                              D:/Atmel/Atmel Studio 7.1/7.0/Packs/atmel/ATmega_DFP/1.2.150/gcc/dev/atmega328pb/avr5/crtatmega328pb.o (exit)
d:/atmel/atmel studio 7.1/7.0/toolchain/avr8/avr8-gnu-toolchain/bin/../lib/gcc/avr/5.4.0/avr5\libgcc.a(_tablejump2.o)
                              twi_buf_pos.o (__tablejump2__)
d:/atmel/atmel studio 7.1/7.0/toolchain/avr8/avr8-gnu-toolchain/bin/../lib/gcc/avr/5.4.0/avr5\libgcc.a(_copy_data.o)
                              main.o (__do_copy_data)
d:/atmel/atmel studio 7.1/7.0/toolchain/avr8/avr8-gnu-toolchain/bin/../lib/gcc/avr/5.4.0/avr5\libgcc.a(_clear_bss.o)
                              main.o (__do_clear_bss)
d:/atmel/atmel studio 7.1/7.0/toolchain/avr8/avr8-gnu-toolchain/bin/../lib/gcc/avr/5.4.0/avr5\libgcc.a(_umulhisi3.o)
                              MPU6050.o (__umulhisi3)
d:/atmel/atmel studio 7.1/7.0/toolchain/avr8/avr8-gnu-toolchain/bin/../lib/gcc/avr/5.4.0/avr5\libgcc.a(_udivmodsi4.o)
                              d:/atmel/atmel studio 7.1/7.0/toolchain/avr8/avr8-gnu-toolchain/bin/../lib/gcc/avr/5.4.0/avr5\libgcc.a(_divmodsi4.o) (__udivmodsi4)
d:/atmel/atmel studio 7.1/7.0/toolchain/avr8/avr8-gnu-toolchain/bin/../lib/gcc/avr/5.4.0/../../../../avr/lib/avr5\libc.a(strlen_P.o)
                              RecieveCommands.o (__strlen_P)
d:/atmel/atmel studio 7.1/7.0/toolchain/avr8/avr8-gnu-toolchain/bin/../lib/gcc/avr/5.4.0/../../../../avr/lib/avr5\libc.a(strncasecmp_P.o)
                              RecieveCommands.o (strncasecmp_P)
d:/atmel/atmel studio 7.1/7.0/toolchain/avr8/avr8-gnu-toolchain/bin/../lib/gcc/avr/5.4.0/../../../../avr/lib/avr5\libc.a(strtok_r.o)
                              RecieveCommands.o (strtok_r)

Allocating common symbols
Common symbol       size              file

test                0x1               main.o
twi_reset_counter   0x1               twi_buf_pos.o
RxBuffor            0x20              Uart.o
twi_command         0x2               twi_buf_pos.o
twi_buf_pos         0x1               twi_buf_pos.o
TxBuffor            0x80              Uart.o
twi_bufor           0xa0              twi_buf_pos.o

Discarded input sections

 .data          0x00000000        0x0 D:/Atmel/Atmel Studio 7.1/7.0/Packs/atmel/ATmega_DFP/1.2.150/gcc/dev/atmega328pb/avr5/crtatmega328pb.o
 .bss           0x00000000        0x0 D:/Atmel/Atmel Studio 7.1/7.0/Packs/atmel/ATmega_DFP/1.2.150/gcc/dev/atmega328pb/avr5/crtatmega328pb.o
 .text          0x00000000        0x0 i2c_twi.o
 .data          0x00000000        0x0 i2c_twi.o
 .bss           0x00000000        0x0 i2c_twi.o
 .text.I2C_write_buf
                0x00000000       0x5a i2c_twi.o
 .text          0x00000000        0x0 main.o
 .data          0x00000000        0x0 main.o
 .bss           0x00000000        0x0 main.o
 .text          0x00000000        0x0 MPU6050.o
 .data          0x00000000        0x0 MPU6050.o
 .bss           0x00000000        0x0 MPU6050.o
 .text          0x00000000        0x0 RecieveCommands.o
 .data          0x00000000        0x0 RecieveCommands.o
 .bss           0x00000000        0x0 RecieveCommands.o
 .text          0x00000000        0x0 twi_buf_pos.o
 .data          0x00000000        0x0 twi_buf_pos.o
 .bss           0x00000000        0x0 twi_buf_pos.o
 .text.InitTWI  0x00000000        0xc twi_buf_pos.o
 .rodata.str1.1
                0x00000000        0x2 twi_buf_pos.o
 .text.EventTWI
                0x00000000       0x9e twi_buf_pos.o
 .text.TWI_Timeout
                0x00000000       0x24 twi_buf_pos.o
 .text.TWI_write_bufor
                0x00000000       0x7c twi_buf_pos.o
 .text.TWI_read_bufor
                0x00000000       0x4a twi_buf_pos.o
 .text.TWI_write_byte
                0x00000000       0x3c twi_buf_pos.o
 .text.TWI_read_byte
                0x00000000       0x40 twi_buf_pos.o
 .text.TWI_get_buf
                0x00000000       0x20 twi_buf_pos.o
 .text.TWI_start
                0x00000000        0x8 twi_buf_pos.o
 .text.TWI_stop
                0x00000000        0x8 twi_buf_pos.o
 .text.TWI_write
                0x00000000        0xc twi_buf_pos.o
 .text.TWI_read
                0x00000000       0x10 twi_buf_pos.o
 .text          0x00000000        0x0 Uart.o
 .data          0x00000000        0x0 Uart.o
 .bss           0x00000000        0x0 Uart.o
 .text.SendChar
                0x00000000        0x6 Uart.o
 .text          0x00000000        0x0 Uart_HW.o
 .data          0x00000000        0x0 Uart_HW.o
 .bss           0x00000000        0x0 Uart_HW.o
 .text.InitUartCOM_asSbus_HW
                0x00000000       0x1e Uart_HW.o
 .text          0x00000000        0x0 d:/atmel/atmel studio 7.1/7.0/toolchain/avr8/avr8-gnu-toolchain/bin/../lib/gcc/avr/5.4.0/../../../../avr/lib/avr5\libm.a(divsf3.o)
 .data          0x00000000        0x0 d:/atmel/atmel studio 7.1/7.0/toolchain/avr8/avr8-gnu-toolchain/bin/../lib/gcc/avr/5.4.0/../../../../avr/lib/avr5\libm.a(divsf3.o)
 .bss           0x00000000        0x0 d:/atmel/atmel studio 7.1/7.0/toolchain/avr8/avr8-gnu-toolchain/bin/../lib/gcc/avr/5.4.0/../../../../avr/lib/avr5\libm.a(divsf3.o)
 .text          0x00000000        0x0 d:/atmel/atmel studio 7.1/7.0/toolchain/avr8/avr8-gnu-toolchain/bin/../lib/gcc/avr/5.4.0/../../../../avr/lib/avr5\libm.a(divsf3x.o)
 .data          0x00000000        0x0 d:/atmel/atmel studio 7.1/7.0/toolchain/avr8/avr8-gnu-toolchain/bin/../lib/gcc/avr/5.4.0/../../../../avr/lib/avr5\libm.a(divsf3x.o)
 .bss           0x00000000        0x0 d:/atmel/atmel studio 7.1/7.0/toolchain/avr8/avr8-gnu-toolchain/bin/../lib/gcc/avr/5.4.0/../../../../avr/lib/avr5\libm.a(divsf3x.o)
 .text          0x00000000        0x0 d:/atmel/atmel studio 7.1/7.0/toolchain/avr8/avr8-gnu-toolchain/bin/../lib/gcc/avr/5.4.0/../../../../avr/lib/avr5\libm.a(floatsisf.o)
 .data          0x00000000        0x0 d:/atmel/atmel studio 7.1/7.0/toolchain/avr8/avr8-gnu-toolchain/bin/../lib/gcc/avr/5.4.0/../../../../avr/lib/avr5\libm.a(floatsisf.o)
 .bss           0x00000000        0x0 d:/atmel/atmel studio 7.1/7.0/toolchain/avr8/avr8-gnu-toolchain/bin/../lib/gcc/avr/5.4.0/../../../../avr/lib/avr5\libm.a(floatsisf.o)
 .text          0x00000000        0x0 d:/atmel/atmel studio 7.1/7.0/toolchain/avr8/avr8-gnu-toolchain/bin/../lib/gcc/avr/5.4.0/../../../../avr/lib/avr5\libm.a(fp_inf.o)
 .data          0x00000000        0x0 d:/atmel/atmel studio 7.1/7.0/toolchain/avr8/avr8-gnu-toolchain/bin/../lib/gcc/avr/5.4.0/../../../../avr/lib/avr5\libm.a(fp_inf.o)
 .bss           0x00000000        0x0 d:/atmel/atmel studio 7.1/7.0/toolchain/avr8/avr8-gnu-toolchain/bin/../lib/gcc/avr/5.4.0/../../../../avr/lib/avr5\libm.a(fp_inf.o)
 .text          0x00000000        0x0 d:/atmel/atmel studio 7.1/7.0/toolchain/avr8/avr8-gnu-toolchain/bin/../lib/gcc/avr/5.4.0/../../../../avr/lib/avr5\libm.a(fp_nan.o)
 .data          0x00000000        0x0 d:/atmel/atmel studio 7.1/7.0/toolchain/avr8/avr8-gnu-toolchain/bin/../lib/gcc/avr/5.4.0/../../../../avr/lib/avr5\libm.a(fp_nan.o)
 .bss           0x00000000        0x0 d:/atmel/atmel studio 7.1/7.0/toolchain/avr8/avr8-gnu-toolchain/bin/../lib/gcc/avr/5.4.0/../../../../avr/lib/avr5\libm.a(fp_nan.o)
 .text          0x00000000        0x0 d:/atmel/atmel studio 7.1/7.0/toolchain/avr8/avr8-gnu-toolchain/bin/../lib/gcc/avr/5.4.0/../../../../avr/lib/avr5\libm.a(fp_pscA.o)
 .data          0x00000000        0x0 d:/atmel/atmel studio 7.1/7.0/toolchain/avr8/avr8-gnu-toolchain/bin/../lib/gcc/avr/5.4.0/../../../../avr/lib/avr5\libm.a(fp_pscA.o)
 .bss           0x00000000        0x0 d:/atmel/atmel studio 7.1/7.0/toolchain/avr8/avr8-gnu-toolchain/bin/../lib/gcc/avr/5.4.0/../../../../avr/lib/avr5\libm.a(fp_pscA.o)
 .text          0x00000000        0x0 d:/atmel/atmel studio 7.1/7.0/toolchain/avr8/avr8-gnu-toolchain/bin/../lib/gcc/avr/5.4.0/../../../../avr/lib/avr5\libm.a(fp_pscB.o)
 .data          0x00000000        0x0 d:/atmel/atmel studio 7.1/7.0/toolchain/avr8/avr8-gnu-toolchain/bin/../lib/gcc/avr/5.4.0/../../../../avr/lib/avr5\libm.a(fp_pscB.o)
 .bss           0x00000000        0x0 d:/atmel/atmel studio 7.1/7.0/toolchain/avr8/avr8-gnu-toolchain/bin/../lib/gcc/avr/5.4.0/../../../../avr/lib/avr5\libm.a(fp_pscB.o)
 .text          0x00000000        0x0 d:/atmel/atmel studio 7.1/7.0/toolchain/avr8/avr8-gnu-toolchain/bin/../lib/gcc/avr/5.4.0/../../../../avr/lib/avr5\libm.a(fp_round.o)
 .data          0x00000000        0x0 d:/atmel/atmel studio 7.1/7.0/toolchain/avr8/avr8-gnu-toolchain/bin/../lib/gcc/avr/5.4.0/../../../../avr/lib/avr5\libm.a(fp_round.o)
 .bss           0x00000000        0x0 d:/atmel/atmel studio 7.1/7.0/toolchain/avr8/avr8-gnu-toolchain/bin/../lib/gcc/avr/5.4.0/../../../../avr/lib/avr5\libm.a(fp_round.o)
 .text          0x00000000        0x0 d:/atmel/atmel studio 7.1/7.0/toolchain/avr8/avr8-gnu-toolchain/bin/../lib/gcc/avr/5.4.0/../../../../avr/lib/avr5\libm.a(fp_split3.o)
 .data          0x00000000        0x0 d:/atmel/atmel studio 7.1/7.0/toolchain/avr8/avr8-gnu-toolchain/bin/../lib/gcc/avr/5.4.0/../../../../avr/lib/avr5\libm.a(fp_split3.o)
 .bss           0x00000000        0x0 d:/atmel/atmel studio 7.1/7.0/toolchain/avr8/avr8-gnu-toolchain/bin/../lib/gcc/avr/5.4.0/../../../../avr/lib/avr5\libm.a(fp_split3.o)
 .text          0x00000000        0x0 d:/atmel/atmel studio 7.1/7.0/toolchain/avr8/avr8-gnu-toolchain/bin/../lib/gcc/avr/5.4.0/../../../../avr/lib/avr5\libm.a(fp_zero.o)
 .data          0x00000000        0x0 d:/atmel/atmel studio 7.1/7.0/toolchain/avr8/avr8-gnu-toolchain/bin/../lib/gcc/avr/5.4.0/../../../../avr/lib/avr5\libm.a(fp_zero.o)
 .bss           0x00000000        0x0 d:/atmel/atmel studio 7.1/7.0/toolchain/avr8/avr8-gnu-toolchain/bin/../lib/gcc/avr/5.4.0/../../../../avr/lib/avr5\libm.a(fp_zero.o)
 .text          0x00000000        0x0 d:/atmel/atmel studio 7.1/7.0/toolchain/avr8/avr8-gnu-toolchain/bin/../lib/gcc/avr/5.4.0/../../../../avr/lib/avr5\libm.a(mulsf3.o)
 .data          0x00000000        0x0 d:/atmel/atmel studio 7.1/7.0/toolchain/avr8/avr8-gnu-toolchain/bin/../lib/gcc/avr/5.4.0/../../../../avr/lib/avr5\libm.a(mulsf3.o)
 .bss           0x00000000        0x0 d:/atmel/atmel studio 7.1/7.0/toolchain/avr8/avr8-gnu-toolchain/bin/../lib/gcc/avr/5.4.0/../../../../avr/lib/avr5\libm.a(mulsf3.o)
 .text          0x00000000        0x0 d:/atmel/atmel studio 7.1/7.0/toolchain/avr8/avr8-gnu-toolchain/bin/../lib/gcc/avr/5.4.0/../../../../avr/lib/avr5\libm.a(mulsf3x.o)
 .data          0x00000000        0x0 d:/atmel/atmel studio 7.1/7.0/toolchain/avr8/avr8-gnu-toolchain/bin/../lib/gcc/avr/5.4.0/../../../../avr/lib/avr5\libm.a(mulsf3x.o)
 .bss           0x00000000        0x0 d:/atmel/atmel studio 7.1/7.0/toolchain/avr8/avr8-gnu-toolchain/bin/../lib/gcc/avr/5.4.0/../../../../avr/lib/avr5\libm.a(mulsf3x.o)
 .text          0x00000000        0x0 d:/atmel/atmel studio 7.1/7.0/toolchain/avr8/avr8-gnu-toolchain/bin/../lib/gcc/avr/5.4.0/avr5\libgcc.a(_divmodsi4.o)
 .data          0x00000000        0x0 d:/atmel/atmel studio 7.1/7.0/toolchain/avr8/avr8-gnu-toolchain/bin/../lib/gcc/avr/5.4.0/avr5\libgcc.a(_divmodsi4.o)
 .bss           0x00000000        0x0 d:/atmel/atmel studio 7.1/7.0/toolchain/avr8/avr8-gnu-toolchain/bin/../lib/gcc/avr/5.4.0/avr5\libgcc.a(_divmodsi4.o)
 .text.libgcc.mul
                0x00000000        0x0 d:/atmel/atmel studio 7.1/7.0/toolchain/avr8/avr8-gnu-toolchain/bin/../lib/gcc/avr/5.4.0/avr5\libgcc.a(_divmodsi4.o)
 .text.libgcc   0x00000000        0x0 d:/atmel/atmel studio 7.1/7.0/toolchain/avr8/avr8-gnu-toolchain/bin/../lib/gcc/avr/5.4.0/avr5\libgcc.a(_divmodsi4.o)
 .text.libgcc.prologue
                0x00000000        0x0 d:/atmel/atmel studio 7.1/7.0/toolchain/avr8/avr8-gnu-toolchain/bin/../lib/gcc/avr/5.4.0/avr5\libgcc.a(_divmodsi4.o)
 .text.libgcc.builtins
                0x00000000        0x0 d:/atmel/atmel studio 7.1/7.0/toolchain/avr8/avr8-gnu-toolchain/bin/../lib/gcc/avr/5.4.0/avr5\libgcc.a(_divmodsi4.o)
 .text.libgcc.fmul
                0x00000000        0x0 d:/atmel/atmel studio 7.1/7.0/toolchain/avr8/avr8-gnu-toolchain/bin/../lib/gcc/avr/5.4.0/avr5\libgcc.a(_divmodsi4.o)
 .text.libgcc.fixed
                0x00000000        0x0 d:/atmel/atmel studio 7.1/7.0/toolchain/avr8/avr8-gnu-toolchain/bin/../lib/gcc/avr/5.4.0/avr5\libgcc.a(_divmodsi4.o)
 .text          0x00000000        0x0 d:/atmel/atmel studio 7.1/7.0/toolchain/avr8/avr8-gnu-toolchain/bin/../lib/gcc/avr/5.4.0/avr5\libgcc.a(_negsi2.o)
 .data          0x00000000        0x0 d:/atmel/atmel studio 7.1/7.0/toolchain/avr8/avr8-gnu-toolchain/bin/../lib/gcc/avr/5.4.0/avr5\libgcc.a(_negsi2.o)
 .bss           0x00000000        0x0 d:/atmel/atmel studio 7.1/7.0/toolchain/avr8/avr8-gnu-toolchain/bin/../lib/gcc/avr/5.4.0/avr5\libgcc.a(_negsi2.o)
 .text.libgcc.mul
                0x00000000        0x0 d:/atmel/atmel studio 7.1/7.0/toolchain/avr8/avr8-gnu-toolchain/bin/../lib/gcc/avr/5.4.0/avr5\libgcc.a(_negsi2.o)
 .text.libgcc   0x00000000        0x0 d:/atmel/atmel studio 7.1/7.0/toolchain/avr8/avr8-gnu-toolchain/bin/../lib/gcc/avr/5.4.0/avr5\libgcc.a(_negsi2.o)
 .text.libgcc.prologue
                0x00000000        0x0 d:/atmel/atmel studio 7.1/7.0/toolchain/avr8/avr8-gnu-toolchain/bin/../lib/gcc/avr/5.4.0/avr5\libgcc.a(_negsi2.o)
 .text.libgcc.builtins
                0x00000000        0x0 d:/atmel/atmel studio 7.1/7.0/toolchain/avr8/avr8-gnu-toolchain/bin/../lib/gcc/avr/5.4.0/avr5\libgcc.a(_negsi2.o)
 .text.libgcc.fmul
                0x00000000        0x0 d:/atmel/atmel studio 7.1/7.0/toolchain/avr8/avr8-gnu-toolchain/bin/../lib/gcc/avr/5.4.0/avr5\libgcc.a(_negsi2.o)
 .text.libgcc.fixed
                0x00000000        0x0 d:/atmel/atmel studio 7.1/7.0/toolchain/avr8/avr8-gnu-toolchain/bin/../lib/gcc/avr/5.4.0/avr5\libgcc.a(_negsi2.o)
 .text          0x00000000        0x0 d:/atmel/atmel studio 7.1/7.0/toolchain/avr8/avr8-gnu-toolchain/bin/../lib/gcc/avr/5.4.0/avr5\libgcc.a(_exit.o)
 .data          0x00000000        0x0 d:/atmel/atmel studio 7.1/7.0/toolchain/avr8/avr8-gnu-toolchain/bin/../lib/gcc/avr/5.4.0/avr5\libgcc.a(_exit.o)
 .bss           0x00000000        0x0 d:/atmel/atmel studio 7.1/7.0/toolchain/avr8/avr8-gnu-toolchain/bin/../lib/gcc/avr/5.4.0/avr5\libgcc.a(_exit.o)
 .text.libgcc.mul
                0x00000000        0x0 d:/atmel/atmel studio 7.1/7.0/toolchain/avr8/avr8-gnu-toolchain/bin/../lib/gcc/avr/5.4.0/avr5\libgcc.a(_exit.o)
 .text.libgcc.div
                0x00000000        0x0 d:/atmel/atmel studio 7.1/7.0/toolchain/avr8/avr8-gnu-toolchain/bin/../lib/gcc/avr/5.4.0/avr5\libgcc.a(_exit.o)
 .text.libgcc   0x00000000        0x0 d:/atmel/atmel studio 7.1/7.0/toolchain/avr8/avr8-gnu-toolchain/bin/../lib/gcc/avr/5.4.0/avr5\libgcc.a(_exit.o)
 .text.libgcc.prologue
                0x00000000        0x0 d:/atmel/atmel studio 7.1/7.0/toolchain/avr8/avr8-gnu-toolchain/bin/../lib/gcc/avr/5.4.0/avr5\libgcc.a(_exit.o)
 .text.libgcc.builtins
                0x00000000        0x0 d:/atmel/atmel studio 7.1/7.0/toolchain/avr8/avr8-gnu-toolchain/bin/../lib/gcc/avr/5.4.0/avr5\libgcc.a(_exit.o)
 .text.libgcc.fmul
                0x00000000        0x0 d:/atmel/atmel studio 7.1/7.0/toolchain/avr8/avr8-gnu-toolchain/bin/../lib/gcc/avr/5.4.0/avr5\libgcc.a(_exit.o)
 .text.libgcc.fixed
                0x00000000        0x0 d:/atmel/atmel studio 7.1/7.0/toolchain/avr8/avr8-gnu-toolchain/bin/../lib/gcc/avr/5.4.0/avr5\libgcc.a(_exit.o)
 .text          0x00000000        0x0 d:/atmel/atmel studio 7.1/7.0/toolchain/avr8/avr8-gnu-toolchain/bin/../lib/gcc/avr/5.4.0/avr5\libgcc.a(_tablejump2.o)
 .data          0x00000000        0x0 d:/atmel/atmel studio 7.1/7.0/toolchain/avr8/avr8-gnu-toolchain/bin/../lib/gcc/avr/5.4.0/avr5\libgcc.a(_tablejump2.o)
 .bss           0x00000000        0x0 d:/atmel/atmel studio 7.1/7.0/toolchain/avr8/avr8-gnu-toolchain/bin/../lib/gcc/avr/5.4.0/avr5\libgcc.a(_tablejump2.o)
 .text.libgcc.mul
                0x00000000        0x0 d:/atmel/atmel studio 7.1/7.0/toolchain/avr8/avr8-gnu-toolchain/bin/../lib/gcc/avr/5.4.0/avr5\libgcc.a(_tablejump2.o)
 .text.libgcc.div
                0x00000000        0x0 d:/atmel/atmel studio 7.1/7.0/toolchain/avr8/avr8-gnu-toolchain/bin/../lib/gcc/avr/5.4.0/avr5\libgcc.a(_tablejump2.o)
 .text.libgcc.prologue
                0x00000000        0x0 d:/atmel/atmel studio 7.1/7.0/toolchain/avr8/avr8-gnu-toolchain/bin/../lib/gcc/avr/5.4.0/avr5\libgcc.a(_tablejump2.o)
 .text.libgcc.builtins
                0x00000000        0x0 d:/atmel/atmel studio 7.1/7.0/toolchain/avr8/avr8-gnu-toolchain/bin/../lib/gcc/avr/5.4.0/avr5\libgcc.a(_tablejump2.o)
 .text.libgcc.fmul
                0x00000000        0x0 d:/atmel/atmel studio 7.1/7.0/toolchain/avr8/avr8-gnu-toolchain/bin/../lib/gcc/avr/5.4.0/avr5\libgcc.a(_tablejump2.o)
 .text.libgcc.fixed
                0x00000000        0x0 d:/atmel/atmel studio 7.1/7.0/toolchain/avr8/avr8-gnu-toolchain/bin/../lib/gcc/avr/5.4.0/avr5\libgcc.a(_tablejump2.o)
 .text          0x00000000        0x0 d:/atmel/atmel studio 7.1/7.0/toolchain/avr8/avr8-gnu-toolchain/bin/../lib/gcc/avr/5.4.0/avr5\libgcc.a(_copy_data.o)
 .data          0x00000000        0x0 d:/atmel/atmel studio 7.1/7.0/toolchain/avr8/avr8-gnu-toolchain/bin/../lib/gcc/avr/5.4.0/avr5\libgcc.a(_copy_data.o)
 .bss           0x00000000        0x0 d:/atmel/atmel studio 7.1/7.0/toolchain/avr8/avr8-gnu-toolchain/bin/../lib/gcc/avr/5.4.0/avr5\libgcc.a(_copy_data.o)
 .text.libgcc.mul
                0x00000000        0x0 d:/atmel/atmel studio 7.1/7.0/toolchain/avr8/avr8-gnu-toolchain/bin/../lib/gcc/avr/5.4.0/avr5\libgcc.a(_copy_data.o)
 .text.libgcc.div
                0x00000000        0x0 d:/atmel/atmel studio 7.1/7.0/toolchain/avr8/avr8-gnu-toolchain/bin/../lib/gcc/avr/5.4.0/avr5\libgcc.a(_copy_data.o)
 .text.libgcc   0x00000000        0x0 d:/atmel/atmel studio 7.1/7.0/toolchain/avr8/avr8-gnu-toolchain/bin/../lib/gcc/avr/5.4.0/avr5\libgcc.a(_copy_data.o)
 .text.libgcc.prologue
                0x00000000        0x0 d:/atmel/atmel studio 7.1/7.0/toolchain/avr8/avr8-gnu-toolchain/bin/../lib/gcc/avr/5.4.0/avr5\libgcc.a(_copy_data.o)
 .text.libgcc.builtins
                0x00000000        0x0 d:/atmel/atmel studio 7.1/7.0/toolchain/avr8/avr8-gnu-toolchain/bin/../lib/gcc/avr/5.4.0/avr5\libgcc.a(_copy_data.o)
 .text.libgcc.fmul
                0x00000000        0x0 d:/atmel/atmel studio 7.1/7.0/toolchain/avr8/avr8-gnu-toolchain/bin/../lib/gcc/avr/5.4.0/avr5\libgcc.a(_copy_data.o)
 .text.libgcc.fixed
                0x00000000        0x0 d:/atmel/atmel studio 7.1/7.0/toolchain/avr8/avr8-gnu-toolchain/bin/../lib/gcc/avr/5.4.0/avr5\libgcc.a(_copy_data.o)
 .text          0x00000000        0x0 d:/atmel/atmel studio 7.1/7.0/toolchain/avr8/avr8-gnu-toolchain/bin/../lib/gcc/avr/5.4.0/avr5\libgcc.a(_clear_bss.o)
 .data          0x00000000        0x0 d:/atmel/atmel studio 7.1/7.0/toolchain/avr8/avr8-gnu-toolchain/bin/../lib/gcc/avr/5.4.0/avr5\libgcc.a(_clear_bss.o)
 .bss           0x00000000        0x0 d:/atmel/atmel studio 7.1/7.0/toolchain/avr8/avr8-gnu-toolchain/bin/../lib/gcc/avr/5.4.0/avr5\libgcc.a(_clear_bss.o)
 .text.libgcc.mul
                0x00000000        0x0 d:/atmel/atmel studio 7.1/7.0/toolchain/avr8/avr8-gnu-toolchain/bin/../lib/gcc/avr/5.4.0/avr5\libgcc.a(_clear_bss.o)
 .text.libgcc.div
                0x00000000        0x0 d:/atmel/atmel studio 7.1/7.0/toolchain/avr8/avr8-gnu-toolchain/bin/../lib/gcc/avr/5.4.0/avr5\libgcc.a(_clear_bss.o)
 .text.libgcc   0x00000000        0x0 d:/atmel/atmel studio 7.1/7.0/toolchain/avr8/avr8-gnu-toolchain/bin/../lib/gcc/avr/5.4.0/avr5\libgcc.a(_clear_bss.o)
 .text.libgcc.prologue
                0x00000000        0x0 d:/atmel/atmel studio 7.1/7.0/toolchain/avr8/avr8-gnu-toolchain/bin/../lib/gcc/avr/5.4.0/avr5\libgcc.a(_clear_bss.o)
 .text.libgcc.builtins
                0x00000000        0x0 d:/atmel/atmel studio 7.1/7.0/toolchain/avr8/avr8-gnu-toolchain/bin/../lib/gcc/avr/5.4.0/avr5\libgcc.a(_clear_bss.o)
 .text.libgcc.fmul
                0x00000000        0x0 d:/atmel/atmel studio 7.1/7.0/toolchain/avr8/avr8-gnu-toolchain/bin/../lib/gcc/avr/5.4.0/avr5\libgcc.a(_clear_bss.o)
 .text.libgcc.fixed
                0x00000000        0x0 d:/atmel/atmel studio 7.1/7.0/toolchain/avr8/avr8-gnu-toolchain/bin/../lib/gcc/avr/5.4.0/avr5\libgcc.a(_clear_bss.o)
 .text          0x00000000        0x0 d:/atmel/atmel studio 7.1/7.0/toolchain/avr8/avr8-gnu-toolchain/bin/../lib/gcc/avr/5.4.0/avr5\libgcc.a(_umulhisi3.o)
 .data          0x00000000        0x0 d:/atmel/atmel studio 7.1/7.0/toolchain/avr8/avr8-gnu-toolchain/bin/../lib/gcc/avr/5.4.0/avr5\libgcc.a(_umulhisi3.o)
 .bss           0x00000000        0x0 d:/atmel/atmel studio 7.1/7.0/toolchain/avr8/avr8-gnu-toolchain/bin/../lib/gcc/avr/5.4.0/avr5\libgcc.a(_umulhisi3.o)
 .text.libgcc.div
                0x00000000        0x0 d:/atmel/atmel studio 7.1/7.0/toolchain/avr8/avr8-gnu-toolchain/bin/../lib/gcc/avr/5.4.0/avr5\libgcc.a(_umulhisi3.o)
 .text.libgcc   0x00000000        0x0 d:/atmel/atmel studio 7.1/7.0/toolchain/avr8/avr8-gnu-toolchain/bin/../lib/gcc/avr/5.4.0/avr5\libgcc.a(_umulhisi3.o)
 .text.libgcc.prologue
                0x00000000        0x0 d:/atmel/atmel studio 7.1/7.0/toolchain/avr8/avr8-gnu-toolchain/bin/../lib/gcc/avr/5.4.0/avr5\libgcc.a(_umulhisi3.o)
 .text.libgcc.builtins
                0x00000000        0x0 d:/atmel/atmel studio 7.1/7.0/toolchain/avr8/avr8-gnu-toolchain/bin/../lib/gcc/avr/5.4.0/avr5\libgcc.a(_umulhisi3.o)
 .text.libgcc.fmul
                0x00000000        0x0 d:/atmel/atmel studio 7.1/7.0/toolchain/avr8/avr8-gnu-toolchain/bin/../lib/gcc/avr/5.4.0/avr5\libgcc.a(_umulhisi3.o)
 .text.libgcc.fixed
                0x00000000        0x0 d:/atmel/atmel studio 7.1/7.0/toolchain/avr8/avr8-gnu-toolchain/bin/../lib/gcc/avr/5.4.0/avr5\libgcc.a(_umulhisi3.o)
 .text          0x00000000        0x0 d:/atmel/atmel studio 7.1/7.0/toolchain/avr8/avr8-gnu-toolchain/bin/../lib/gcc/avr/5.4.0/avr5\libgcc.a(_udivmodsi4.o)
 .data          0x00000000        0x0 d:/atmel/atmel studio 7.1/7.0/toolchain/avr8/avr8-gnu-toolchain/bin/../lib/gcc/avr/5.4.0/avr5\libgcc.a(_udivmodsi4.o)
 .bss           0x00000000        0x0 d:/atmel/atmel studio 7.1/7.0/toolchain/avr8/avr8-gnu-toolchain/bin/../lib/gcc/avr/5.4.0/avr5\libgcc.a(_udivmodsi4.o)
 .text.libgcc.mul
                0x00000000        0x0 d:/atmel/atmel studio 7.1/7.0/toolchain/avr8/avr8-gnu-toolchain/bin/../lib/gcc/avr/5.4.0/avr5\libgcc.a(_udivmodsi4.o)
 .text.libgcc   0x00000000        0x0 d:/atmel/atmel studio 7.1/7.0/toolchain/avr8/avr8-gnu-toolchain/bin/../lib/gcc/avr/5.4.0/avr5\libgcc.a(_udivmodsi4.o)
 .text.libgcc.prologue
                0x00000000        0x0 d:/atmel/atmel studio 7.1/7.0/toolchain/avr8/avr8-gnu-toolchain/bin/../lib/gcc/avr/5.4.0/avr5\libgcc.a(_udivmodsi4.o)
 .text.libgcc.builtins
                0x00000000        0x0 d:/atmel/atmel studio 7.1/7.0/toolchain/avr8/avr8-gnu-toolchain/bin/../lib/gcc/avr/5.4.0/avr5\libgcc.a(_udivmodsi4.o)
 .text.libgcc.fmul
                0x00000000        0x0 d:/atmel/atmel studio 7.1/7.0/toolchain/avr8/avr8-gnu-toolchain/bin/../lib/gcc/avr/5.4.0/avr5\libgcc.a(_udivmodsi4.o)
 .text.libgcc.fixed
                0x00000000        0x0 d:/atmel/atmel studio 7.1/7.0/toolchain/avr8/avr8-gnu-toolchain/bin/../lib/gcc/avr/5.4.0/avr5\libgcc.a(_udivmodsi4.o)
 .text          0x00000000        0x0 d:/atmel/atmel studio 7.1/7.0/toolchain/avr8/avr8-gnu-toolchain/bin/../lib/gcc/avr/5.4.0/../../../../avr/lib/avr5\libc.a(strlen_P.o)
 .data          0x00000000        0x0 d:/atmel/atmel studio 7.1/7.0/toolchain/avr8/avr8-gnu-toolchain/bin/../lib/gcc/avr/5.4.0/../../../../avr/lib/avr5\libc.a(strlen_P.o)
 .bss           0x00000000        0x0 d:/atmel/atmel studio 7.1/7.0/toolchain/avr8/avr8-gnu-toolchain/bin/../lib/gcc/avr/5.4.0/../../../../avr/lib/avr5\libc.a(strlen_P.o)
 .text          0x00000000        0x0 d:/atmel/atmel studio 7.1/7.0/toolchain/avr8/avr8-gnu-toolchain/bin/../lib/gcc/avr/5.4.0/../../../../avr/lib/avr5\libc.a(strncasecmp_P.o)
 .data          0x00000000        0x0 d:/atmel/atmel studio 7.1/7.0/toolchain/avr8/avr8-gnu-toolchain/bin/../lib/gcc/avr/5.4.0/../../../../avr/lib/avr5\libc.a(strncasecmp_P.o)
 .bss           0x00000000        0x0 d:/atmel/atmel studio 7.1/7.0/toolchain/avr8/avr8-gnu-toolchain/bin/../lib/gcc/avr/5.4.0/../../../../avr/lib/avr5\libc.a(strncasecmp_P.o)
 .text          0x00000000        0x0 d:/atmel/atmel studio 7.1/7.0/toolchain/avr8/avr8-gnu-toolchain/bin/../lib/gcc/avr/5.4.0/../../../../avr/lib/avr5\libc.a(strtok_r.o)
 .data          0x00000000        0x0 d:/atmel/atmel studio 7.1/7.0/toolchain/avr8/avr8-gnu-toolchain/bin/../lib/gcc/avr/5.4.0/../../../../avr/lib/avr5\libc.a(strtok_r.o)
 .bss           0x00000000        0x0 d:/atmel/atmel studio 7.1/7.0/toolchain/avr8/avr8-gnu-toolchain/bin/../lib/gcc/avr/5.4.0/../../../../avr/lib/avr5\libc.a(strtok_r.o)

Memory Configuration

Name             Origin             Length             Attributes
text             0x00000000         0x00020000         xr
data             0x00800060         0x0000ffa0         rw !x
eeprom           0x00810000         0x00010000         rw !x
fuse             0x00820000         0x00000003         rw !x
lock             0x00830000         0x00000400         rw !x
signature        0x00840000         0x00000400         rw !x
user_signatures  0x00850000         0x00000400         rw !x
*default*        0x00000000         0xffffffff

Linker script and memory map

Address of section .data set to 0x800100
LOAD D:/Atmel/Atmel Studio 7.1/7.0/Packs/atmel/ATmega_DFP/1.2.150/gcc/dev/atmega328pb/avr5/crtatmega328pb.o
LOAD i2c_twi.o
LOAD main.o
LOAD MPU6050.o
LOAD RecieveCommands.o
LOAD twi_buf_pos.o
LOAD Uart.o
LOAD Uart_HW.o
START GROUP
LOAD d:/atmel/atmel studio 7.1/7.0/toolchain/avr8/avr8-gnu-toolchain/bin/../lib/gcc/avr/5.4.0/../../../../avr/lib/avr5\libm.a
END GROUP
START GROUP
LOAD d:/atmel/atmel studio 7.1/7.0/toolchain/avr8/avr8-gnu-toolchain/bin/../lib/gcc/avr/5.4.0/avr5\libgcc.a
LOAD d:/atmel/atmel studio 7.1/7.0/toolchain/avr8/avr8-gnu-toolchain/bin/../lib/gcc/avr/5.4.0/../../../../avr/lib/avr5\libm.a
LOAD d:/atmel/atmel studio 7.1/7.0/toolchain/avr8/avr8-gnu-toolchain/bin/../lib/gcc/avr/5.4.0/../../../../avr/lib/avr5\libc.a
LOAD D:/Atmel/Atmel Studio 7.1/7.0/Packs/atmel/ATmega_DFP/1.2.150/gcc/dev/atmega328pb/avr5\libatmega328pb.a
END GROUP
                0x00020000                __TEXT_REGION_LENGTH__ = DEFINED (__TEXT_REGION_LENGTH__)?__TEXT_REGION_LENGTH__:0x20000
                0x0000ffa0                __DATA_REGION_LENGTH__ = DEFINED (__DATA_REGION_LENGTH__)?__DATA_REGION_LENGTH__:0xffa0
                0x00010000                __EEPROM_REGION_LENGTH__ = DEFINED (__EEPROM_REGION_LENGTH__)?__EEPROM_REGION_LENGTH__:0x10000
                [0x00000003]                __FUSE_REGION_LENGTH__ = DEFINED (__FUSE_REGION_LENGTH__)?__FUSE_REGION_LENGTH__:0x400
                0x00000400                __LOCK_REGION_LENGTH__ = DEFINED (__LOCK_REGION_LENGTH__)?__LOCK_REGION_LENGTH__:0x400
                0x00000400                __SIGNATURE_REGION_LENGTH__ = DEFINED (__SIGNATURE_REGION_LENGTH__)?__SIGNATURE_REGION_LENGTH__:0x400
                0x00000400                __USER_SIGNATURE_REGION_LENGTH__ = DEFINED (__USER_SIGNATURE_REGION_LENGTH__)?__USER_SIGNATURE_REGION_LENGTH__:0x400

.hash
 *(.hash)

.dynsym
 *(.dynsym)

.dynstr
 *(.dynstr)

.gnu.version
 *(.gnu.version)

.gnu.version_d
 *(.gnu.version_d)

.gnu.version_r
 *(.gnu.version_r)

.rel.init
 *(.rel.init)

.rela.init
 *(.rela.init)

.rel.text
 *(.rel.text)
 *(.rel.text.*)
 *(.rel.gnu.linkonce.t*)

.rela.text
 *(.rela.text)
 *(.rela.text.*)
 *(.rela.gnu.linkonce.t*)

.rel.fini
 *(.rel.fini)

.rela.fini
 *(.rela.fini)

.rel.rodata
 *(.rel.rodata)
 *(.rel.rodata.*)
 *(.rel.gnu.linkonce.r*)

.rela.rodata
 *(.rela.rodata)
 *(.rela.rodata.*)
 *(.rela.gnu.linkonce.r*)

.rel.data
 *(.rel.data)
 *(.rel.data.*)
 *(.rel.gnu.linkonce.d*)

.rela.data
 *(.rela.data)
 *(.rela.data.*)
 *(.rela.gnu.linkonce.d*)

.rel.ctors
 *(.rel.ctors)

.rela.ctors
 *(.rela.ctors)

.rel.dtors
 *(.rel.dtors)

.rela.dtors
 *(.rela.dtors)

.rel.got
 *(.rel.got)

.rela.got
 *(.rela.got)

.rel.bss
 *(.rel.bss)

.rela.bss
 *(.rela.bss)

.rel.plt
 *(.rel.plt)

.rela.plt
 *(.rela.plt)

.text           0x00000000     0x1818
 *(.vectors)
 .vectors       0x00000000       0xb4 D:/Atmel/Atmel Studio 7.1/7.0/Packs/atmel/ATmega_DFP/1.2.150/gcc/dev/atmega328pb/avr5/crtatmega328pb.o
                0x00000000                __vector_default
                0x00000000                __vectors
 *(.vectors)
 *(.progmem.gcc*)
 .progmem.gcc_sw_table.__vector_24
                0x000000b4       0x12 twi_buf_pos.o
                0x000000c6                . = ALIGN (0x2)
                0x000000c6                __trampolines_start = .
 *(.trampolines)
 .trampolines   0x000000c6        0x0 linker stubs
 *(.trampolines*)
                0x000000c6                __trampolines_end = .
 *libprintf_flt.a:*(.progmem.data)
 *libc.a:*(.progmem.data)
 *(.progmem*)
 .progmem.data.ER_commands
                0x000000c6       0x16 RecieveCommands.o
                0x000000c6                ER_commands
                0x000000dc                . = ALIGN (0x2)
 *(.jumptables)
 *(.jumptables*)
 *(.lowtext)
 *(.lowtext*)
                0x000000dc                __ctors_start = .
 *(.ctors)
                0x000000dc                __ctors_end = .
                0x000000dc                __dtors_start = .
 *(.dtors)
                0x000000dc                __dtors_end = .
 SORT(*)(.ctors)
 SORT(*)(.dtors)
 *(.init0)
 .init0         0x000000dc        0x0 D:/Atmel/Atmel Studio 7.1/7.0/Packs/atmel/ATmega_DFP/1.2.150/gcc/dev/atmega328pb/avr5/crtatmega328pb.o
                0x000000dc                __init
 *(.init0)
 *(.init1)
 *(.init1)
 *(.init2)
 .init2         0x000000dc        0xc D:/Atmel/Atmel Studio 7.1/7.0/Packs/atmel/ATmega_DFP/1.2.150/gcc/dev/atmega328pb/avr5/crtatmega328pb.o
 *(.init2)
 *(.init3)
 *(.init3)
 *(.init4)
 .init4         0x000000e8       0x16 d:/atmel/atmel studio 7.1/7.0/toolchain/avr8/avr8-gnu-toolchain/bin/../lib/gcc/avr/5.4.0/avr5\libgcc.a(_copy_data.o)
                0x000000e8                __do_copy_data
 .init4         0x000000fe       0x10 d:/atmel/atmel studio 7.1/7.0/toolchain/avr8/avr8-gnu-toolchain/bin/../lib/gcc/avr/5.4.0/avr5\libgcc.a(_clear_bss.o)
                0x000000fe                __do_clear_bss
 *(.init4)
 *(.init5)
 *(.init5)
 *(.init6)
 *(.init6)
 *(.init7)
 *(.init7)
 *(.init8)
 *(.init8)
 *(.init9)
 .init9         0x0000010e        0x8 D:/Atmel/Atmel Studio 7.1/7.0/Packs/atmel/ATmega_DFP/1.2.150/gcc/dev/atmega328pb/avr5/crtatmega328pb.o
 *(.init9)
 *(.text)
 .text          0x00000116        0x4 D:/Atmel/Atmel Studio 7.1/7.0/Packs/atmel/ATmega_DFP/1.2.150/gcc/dev/atmega328pb/avr5/crtatmega328pb.o
                0x00000116                __vector_38
                0x00000116                __vector_22
                0x00000116                __vector_28
                0x00000116                __vector_1
                0x00000116                __vector_32
                0x00000116                __vector_34
                0x00000116                __vector_12
                0x00000116                __bad_interrupt
                0x00000116                __vector_6
                0x00000116                __vector_31
                0x00000116                __vector_35
                0x00000116                __vector_39
                0x00000116                __vector_3
                0x00000116                __vector_23
                0x00000116                __vector_30
                0x00000116                __vector_25
                0x00000116                __vector_11
                0x00000116                __vector_13
                0x00000116                __vector_17
                0x00000116                __vector_19
                0x00000116                __vector_7
                0x00000116                __vector_41
                0x00000116                __vector_43
                0x00000116                __vector_27
                0x00000116                __vector_5
                0x00000116                __vector_33
                0x00000116                __vector_37
                0x00000116                __vector_4
                0x00000116                __vector_44
                0x00000116                __vector_9
                0x00000116                __vector_2
                0x00000116                __vector_21
                0x00000116                __vector_15
                0x00000116                __vector_36
                0x00000116                __vector_29
                0x00000116                __vector_40
                0x00000116                __vector_8
                0x00000116                __vector_26
                0x00000116                __vector_14
                0x00000116                __vector_10
                0x00000116                __vector_16
                0x00000116                __vector_42
                0x0000011a                . = ALIGN (0x2)
 *(.text.*)
 .text.I2C_start
                0x0000011a       0x12 i2c_twi.o
                0x0000011a                I2C_start
 .text.I2C_stop
                0x0000012c       0x12 i2c_twi.o
                0x0000012c                I2C_stop
 .text.I2C_write
                0x0000013e       0x16 i2c_twi.o
                0x0000013e                I2C_write
 .text.I2C_read
                0x00000154       0x1e i2c_twi.o
                0x00000154                I2C_read
 .text.I2C_write_byte
                0x00000172       0x30 i2c_twi.o
                0x00000172                I2C_write_byte
 .text.I2C_read_byte
                0x000001a2       0x3a i2c_twi.o
                0x000001a2                I2C_read_byte
 .text.I2C_read_buf
                0x000001dc       0x70 i2c_twi.o
                0x000001dc                I2C_read_buf
 .text.main     0x0000024c       0x66 main.o
                0x0000024c                main
 .text.CalibrateMPU6050
                0x000002b2      0x6f2 MPU6050.o
                0x000002b2                CalibrateMPU6050
 .text.er_service
                0x000009a4        0xc RecieveCommands.o
                0x000009a4                er_service
 .text.ProcessString
                0x000009b0       0xe0 RecieveCommands.o
                0x000009b0                ProcessString
 .text.__vector_24
                0x00000a90      0x438 twi_buf_pos.o
                0x00000a90                __vector_24
 .text.InitUartCOM
                0x00000ec8        0x6 Uart.o
                0x00000ec8                InitUartCOM
 .text.ReceiveChar
                0x00000ece       0x2a Uart.o
                0x00000ece                ReceiveChar
 .text.SendString
                0x00000ef8       0x2c Uart.o
                0x00000ef8                SendString
 .text.SendEnter
                0x00000f24        0xe Uart.o
                0x00000f24                SendEnter
 .text.SendLine
                0x00000f32        0xa Uart.o
                0x00000f32                SendLine
 .text.SendInt  0x00000f3c      0x1e2 Uart.o
                0x00000f3c                SendInt
 .text.SendStringInt
                0x0000111e       0x26 Uart.o
                0x0000111e                SendStringInt
 .text.SendUint
                0x00001144      0x15e Uart.o
                0x00001144                SendUint
 .text.SendStringUint
                0x000012a2       0x1a Uart.o
                0x000012a2                SendStringUint
 .text.CheckRxBuffor
                0x000012bc       0x5c Uart.o
                0x000012bc                CheckRxBuffor
 .text.InitUartCOM_HW
                0x00001318       0x14 Uart_HW.o
                0x00001318                InitUartCOM_HW
 .text.PutCharToBuffor
                0x0000132c       0x34 Uart_HW.o
                0x0000132c                PutCharToBuffor
 .text.__vector_20
                0x00001360       0x52 Uart_HW.o
                0x00001360                __vector_20
 .text.__vector_18
                0x000013b2       0x4c Uart_HW.o
                0x000013b2                __vector_18
 .text.avr-libc.fplib
                0x000013fe        0x8 d:/atmel/atmel studio 7.1/7.0/toolchain/avr8/avr8-gnu-toolchain/bin/../lib/gcc/avr/5.4.0/../../../../avr/lib/avr5\libm.a(divsf3.o)
                0x000013fe                __divsf3
 .text.avr-libc.fplib
                0x00001406       0xdc d:/atmel/atmel studio 7.1/7.0/toolchain/avr8/avr8-gnu-toolchain/bin/../lib/gcc/avr/5.4.0/../../../../avr/lib/avr5\libm.a(divsf3x.o)
                0x00001426                __divsf3x
                0x0000142c                __divsf3_pse
 .text.avr-libc.fplib
                0x000014e2       0x7a d:/atmel/atmel studio 7.1/7.0/toolchain/avr8/avr8-gnu-toolchain/bin/../lib/gcc/avr/5.4.0/../../../../avr/lib/avr5\libm.a(floatsisf.o)
                0x000014e2                __floatunsisf
                0x000014e6                __floatsisf
 .text.avr-libc.fplib
                0x0000155c        0xc d:/atmel/atmel studio 7.1/7.0/toolchain/avr8/avr8-gnu-toolchain/bin/../lib/gcc/avr/5.4.0/../../../../avr/lib/avr5\libm.a(fp_inf.o)
                0x0000155c                __fp_inf
 .text.avr-libc.fplib
                0x00001568        0x6 d:/atmel/atmel studio 7.1/7.0/toolchain/avr8/avr8-gnu-toolchain/bin/../lib/gcc/avr/5.4.0/../../../../avr/lib/avr5\libm.a(fp_nan.o)
                0x00001568                __fp_nan
 .text.avr-libc.fplib
                0x0000156e        0xe d:/atmel/atmel studio 7.1/7.0/toolchain/avr8/avr8-gnu-toolchain/bin/../lib/gcc/avr/5.4.0/../../../../avr/lib/avr5\libm.a(fp_pscA.o)
                0x0000156e                __fp_pscA
 .text.avr-libc.fplib
                0x0000157c        0xe d:/atmel/atmel studio 7.1/7.0/toolchain/avr8/avr8-gnu-toolchain/bin/../lib/gcc/avr/5.4.0/../../../../avr/lib/avr5\libm.a(fp_pscB.o)
                0x0000157c                __fp_pscB
 .text.avr-libc.fplib
                0x0000158a       0x22 d:/atmel/atmel studio 7.1/7.0/toolchain/avr8/avr8-gnu-toolchain/bin/../lib/gcc/avr/5.4.0/../../../../avr/lib/avr5\libm.a(fp_round.o)
                0x0000158a                __fp_round
 .text.avr-libc.fplib
                0x000015ac       0x44 d:/atmel/atmel studio 7.1/7.0/toolchain/avr8/avr8-gnu-toolchain/bin/../lib/gcc/avr/5.4.0/../../../../avr/lib/avr5\libm.a(fp_split3.o)
                0x000015ac                __fp_split3
                0x000015bc                __fp_splitA
 .text.avr-libc.fplib
                0x000015f0        0xe d:/atmel/atmel studio 7.1/7.0/toolchain/avr8/avr8-gnu-toolchain/bin/../lib/gcc/avr/5.4.0/../../../../avr/lib/avr5\libm.a(fp_zero.o)
                0x000015f0                __fp_zero
                0x000015f2                __fp_szero
 .text.avr-libc.fplib
                0x000015fe        0x8 d:/atmel/atmel studio 7.1/7.0/toolchain/avr8/avr8-gnu-toolchain/bin/../lib/gcc/avr/5.4.0/../../../../avr/lib/avr5\libm.a(mulsf3.o)
                0x000015fe                __mulsf3
 .text.avr-libc.fplib
                0x00001606       0xd2 d:/atmel/atmel studio 7.1/7.0/toolchain/avr8/avr8-gnu-toolchain/bin/../lib/gcc/avr/5.4.0/../../../../avr/lib/avr5\libm.a(mulsf3x.o)
                0x00001624                __mulsf3x
                0x0000162a                __mulsf3_pse
 .text.libgcc.div
                0x000016d8       0x2e d:/atmel/atmel studio 7.1/7.0/toolchain/avr8/avr8-gnu-toolchain/bin/../lib/gcc/avr/5.4.0/avr5\libgcc.a(_divmodsi4.o)
                0x000016d8                __divmodsi4
 .text.libgcc.div
                0x00001706       0x10 d:/atmel/atmel studio 7.1/7.0/toolchain/avr8/avr8-gnu-toolchain/bin/../lib/gcc/avr/5.4.0/avr5\libgcc.a(_negsi2.o)
                0x00001706                __negsi2
 .text.libgcc   0x00001716        0xc d:/atmel/atmel studio 7.1/7.0/toolchain/avr8/avr8-gnu-toolchain/bin/../lib/gcc/avr/5.4.0/avr5\libgcc.a(_tablejump2.o)
                0x00001716                __tablejump2__
 .text.libgcc.mul
                0x00001722       0x1e d:/atmel/atmel studio 7.1/7.0/toolchain/avr8/avr8-gnu-toolchain/bin/../lib/gcc/avr/5.4.0/avr5\libgcc.a(_umulhisi3.o)
                0x00001722                __umulhisi3
 .text.libgcc.div
                0x00001740       0x44 d:/atmel/atmel studio 7.1/7.0/toolchain/avr8/avr8-gnu-toolchain/bin/../lib/gcc/avr/5.4.0/avr5\libgcc.a(_udivmodsi4.o)
                0x00001740                __udivmodsi4
 .text.avr-libc
                0x00001784       0x12 d:/atmel/atmel studio 7.1/7.0/toolchain/avr8/avr8-gnu-toolchain/bin/../lib/gcc/avr/5.4.0/../../../../avr/lib/avr5\libc.a(strlen_P.o)
                0x00001784                __strlen_P
 .text.avr-libc
                0x00001796       0x30 d:/atmel/atmel studio 7.1/7.0/toolchain/avr8/avr8-gnu-toolchain/bin/../lib/gcc/avr/5.4.0/../../../../avr/lib/avr5\libc.a(strncasecmp_P.o)
                0x00001796                strncasecmp_P
 .text.avr-libc
                0x000017c6       0x4e d:/atmel/atmel studio 7.1/7.0/toolchain/avr8/avr8-gnu-toolchain/bin/../lib/gcc/avr/5.4.0/../../../../avr/lib/avr5\libc.a(strtok_r.o)
                0x000017c6                strtok_r
                0x00001814                . = ALIGN (0x2)
 *(.fini9)
 .fini9         0x00001814        0x0 d:/atmel/atmel studio 7.1/7.0/toolchain/avr8/avr8-gnu-toolchain/bin/../lib/gcc/avr/5.4.0/avr5\libgcc.a(_exit.o)
                0x00001814                _exit
                0x00001814                exit
 *(.fini9)
 *(.fini8)
 *(.fini8)
 *(.fini7)
 *(.fini7)
 *(.fini6)
 *(.fini6)
 *(.fini5)
 *(.fini5)
 *(.fini4)
 *(.fini4)
 *(.fini3)
 *(.fini3)
 *(.fini2)
 *(.fini2)
 *(.fini1)
 *(.fini1)
 *(.fini0)
 .fini0         0x00001814        0x4 d:/atmel/atmel studio 7.1/7.0/toolchain/avr8/avr8-gnu-toolchain/bin/../lib/gcc/avr/5.4.0/avr5\libgcc.a(_exit.o)
 *(.fini0)
                0x00001818                _etext = .

.data           0x00800100       0xae load address 0x00001818
                0x00800100                PROVIDE (__data_start, .)
 *(.data)
 *(.data*)
 *(.gnu.linkonce.d*)
 *(.rodata)
 *(.rodata*)
 .rodata.str1.1
                0x00800100       0x17 main.o
 .rodata.str1.1
                0x00800117       0x76 MPU6050.o
 .rodata.str1.1
                0x0080018d       0x20 RecieveCommands.o
                                 0x22 (size before relaxing)
 *(.gnu.linkonce.r*)
                0x008001ae                . = ALIGN (0x2)
 *fill*         0x008001ad        0x1 
                0x008001ae                _edata = .
                0x008001ae                PROVIDE (__data_end, .)

.bss            0x008001ae      0x149
                0x008001ae                PROVIDE (__bss_start, .)
 *(.bss)
 *(.bss*)
 .bss.TxHead    0x008001ae        0x1 Uart.o
                0x008001ae                TxHead
 .bss.TxTail    0x008001af        0x1 Uart.o
                0x008001af                TxTail
 .bss.RxHead    0x008001b0        0x1 Uart.o
                0x008001b0                RxHead
 .bss.RxTail    0x008001b1        0x1 Uart.o
                0x008001b1                RxTail
 *(COMMON)
 COMMON         0x008001b2        0x1 main.o
                0x008001b2                test
 COMMON         0x008001b3       0xa4 twi_buf_pos.o
                0x008001b3                twi_reset_counter
                0x008001b4                twi_command
                0x008001b6                twi_buf_pos
                0x008001b7                twi_bufor
 COMMON         0x00800257       0xa0 Uart.o
                0x00800257                RxBuffor
                0x00800277                TxBuffor
                0x008002f7                PROVIDE (__bss_end, .)
                0x00001818                __data_load_start = LOADADDR (.data)
                0x000018c6                __data_load_end = (__data_load_start + SIZEOF (.data))

.noinit         0x008002f7        0x0
                [!provide]                PROVIDE (__noinit_start, .)
 *(.noinit*)
                [!provide]                PROVIDE (__noinit_end, .)
                0x008002f7                _end = .
                [!provide]                PROVIDE (__heap_start, .)

.eeprom         0x00810000        0x0
 *(.eeprom*)
                0x00810000                __eeprom_end = .

.fuse
 *(.fuse)
 *(.lfuse)
 *(.hfuse)
 *(.efuse)

.lock
 *(.lock*)

.signature
 *(.signature*)

.user_signatures
 *(.user_signatures*)

.stab
 *(.stab)

.stabstr
 *(.stabstr)

.stab.excl
 *(.stab.excl)

.stab.exclstr
 *(.stab.exclstr)

.stab.index
 *(.stab.index)

.stab.indexstr
 *(.stab.indexstr)

.comment        0x00000000       0x30
 *(.comment)
 .comment       0x00000000       0x30 i2c_twi.o
                                 0x31 (size before relaxing)
 .comment       0x00000030       0x31 main.o
 .comment       0x00000030       0x31 MPU6050.o
 .comment       0x00000030       0x31 RecieveCommands.o
 .comment       0x00000030       0x31 twi_buf_pos.o
 .comment       0x00000030       0x31 Uart.o
 .comment       0x00000030       0x31 Uart_HW.o

.note.gnu.avr.deviceinfo
                0x00000000       0x40
 .note.gnu.avr.deviceinfo
                0x00000000       0x40 D:/Atmel/Atmel Studio 7.1/7.0/Packs/atmel/ATmega_DFP/1.2.150/gcc/dev/atmega328pb/avr5/crtatmega328pb.o

.note.gnu.build-id
 *(.note.gnu.build-id)

.debug
 *(.debug)

.line
 *(.line)

.debug_srcinfo
 *(.debug_srcinfo)

.debug_sfnames
 *(.debug_sfnames)

.debug_aranges  0x00000000      0x1f0
 *(.debug_aranges)
 .debug_aranges
                0x00000000       0x58 i2c_twi.o
 .debug_aranges
                0x00000058       0x20 main.o
 .debug_aranges
                0x00000078       0x20 MPU6050.o
 .debug_aranges
                0x00000098       0x28 RecieveCommands.o
 .debug_aranges
                0x000000c0       0x80 twi_buf_pos.o
 .debug_aranges
                0x00000140       0x70 Uart.o
 .debug_aranges
                0x000001b0       0x40 Uart_HW.o

.debug_pubnames
 *(.debug_pubnames)

.debug_info     0x00000000     0x2942
 *(.debug_info .gnu.linkonce.wi.*)
 .debug_info    0x00000000      0x8ea D:/Atmel/Atmel Studio 7.1/7.0/Packs/atmel/ATmega_DFP/1.2.150/gcc/dev/atmega328pb/avr5/crtatmega328pb.o
 .debug_info    0x000008ea      0x394 i2c_twi.o
 .debug_info    0x00000c7e      0x19f main.o
 .debug_info    0x00000e1d      0x8ed MPU6050.o
 .debug_info    0x0000170a      0x3a7 RecieveCommands.o
 .debug_info    0x00001ab1      0x732 twi_buf_pos.o
 .debug_info    0x000021e3      0x5e8 Uart.o
 .debug_info    0x000027cb      0x177 Uart_HW.o

.debug_abbrev   0x00000000     0x12d2
 *(.debug_abbrev)
 .debug_abbrev  0x00000000      0x86e D:/Atmel/Atmel Studio 7.1/7.0/Packs/atmel/ATmega_DFP/1.2.150/gcc/dev/atmega328pb/avr5/crtatmega328pb.o
 .debug_abbrev  0x0000086e      0x12f i2c_twi.o
 .debug_abbrev  0x0000099d       0xae main.o
 .debug_abbrev  0x00000a4b      0x189 MPU6050.o
 .debug_abbrev  0x00000bd4      0x1cb RecieveCommands.o
 .debug_abbrev  0x00000d9f      0x28d twi_buf_pos.o
 .debug_abbrev  0x0000102c      0x1b3 Uart.o
 .debug_abbrev  0x000011df       0xf3 Uart_HW.o

.debug_line     0x00000000     0x1413
 *(.debug_line .debug_line.* .debug_line_end)
 .debug_line    0x00000000      0x1a5 D:/Atmel/Atmel Studio 7.1/7.0/Packs/atmel/ATmega_DFP/1.2.150/gcc/dev/atmega328pb/avr5/crtatmega328pb.o
 .debug_line    0x000001a5      0x255 i2c_twi.o
 .debug_line    0x000003fa      0x101 main.o
 .debug_line    0x000004fb      0x329 MPU6050.o
 .debug_line    0x00000824      0x235 RecieveCommands.o
 .debug_line    0x00000a59      0x482 twi_buf_pos.o
 .debug_line    0x00000edb      0x3e0 Uart.o
 .debug_line    0x000012bb      0x158 Uart_HW.o

.debug_frame    0x00000000      0x588
 *(.debug_frame)
 .debug_frame   0x00000000       0xf0 i2c_twi.o
 .debug_frame   0x000000f0       0x34 main.o
 .debug_frame   0x00000124       0x84 MPU6050.o
 .debug_frame   0x000001a8       0x60 RecieveCommands.o
 .debug_frame   0x00000208      0x13c twi_buf_pos.o
 .debug_frame   0x00000344      0x178 Uart.o
 .debug_frame   0x000004bc       0xcc Uart_HW.o

.debug_str      0x00000000      0x9a6
 *(.debug_str)
 .debug_str     0x00000000      0x318 D:/Atmel/Atmel Studio 7.1/7.0/Packs/atmel/ATmega_DFP/1.2.150/gcc/dev/atmega328pb/avr5/crtatmega328pb.o
 .debug_str     0x00000318      0x1b7 i2c_twi.o
                                0x1f0 (size before relaxing)
 .debug_str     0x000004cf       0x76 main.o
                                0x1fd (size before relaxing)
 .debug_str     0x00000545       0xf8 MPU6050.o
                                0x2d6 (size before relaxing)
 .debug_str     0x0000063d       0xdf RecieveCommands.o
                                0x2a4 (size before relaxing)
 .debug_str     0x0000071c      0x1b3 twi_buf_pos.o
                                0x372 (size before relaxing)
 .debug_str     0x000008cf       0x9a Uart.o
                                0x2ac (size before relaxing)
 .debug_str     0x00000969       0x3d Uart_HW.o
                                0x20f (size before relaxing)

.debug_loc      0x00000000     0x1e06
 *(.debug_loc)
 .debug_loc     0x00000000      0x4d6 i2c_twi.o
 .debug_loc     0x000004d6       0x47 main.o
 .debug_loc     0x0000051d      0x714 MPU6050.o
 .debug_loc     0x00000c31      0x1c9 RecieveCommands.o
 .debug_loc     0x00000dfa      0x599 twi_buf_pos.o
 .debug_loc     0x00001393      0x926 Uart.o
 .debug_loc     0x00001cb9      0x14d Uart_HW.o

.debug_macinfo
 *(.debug_macinfo)

.debug_weaknames
 *(.debug_weaknames)

.debug_funcnames
 *(.debug_funcnames)

.debug_typenames
 *(.debug_typenames)

.debug_varnames
 *(.debug_varnames)

.debug_pubtypes
 *(.debug_pubtypes)

.debug_ranges   0x00000000      0x1d8
 *(.debug_ranges)
 .debug_ranges  0x00000000       0x48 i2c_twi.o
 .debug_ranges  0x00000048       0x10 main.o
 .debug_ranges  0x00000058       0x10 MPU6050.o
 .debug_ranges  0x00000068       0x18 RecieveCommands.o
 .debug_ranges  0x00000080       0x70 twi_buf_pos.o
 .debug_ranges  0x000000f0       0xb8 Uart.o
 .debug_ranges  0x000001a8       0x30 Uart_HW.o

.debug_macro
 *(.debug_macro)
OUTPUT(Flight assistant.elf elf32-avr)
LOAD linker stubs
