Archive member included to satisfy reference by file (symbol)

d:/atmel/atmel studio 7.1/7.0/toolchain/avr8/avr8-gnu-toolchain/bin/../lib/gcc/avr/5.4.0/../../../../avr/lib/avr5\libm.a(addsf3.o)
                              MPU6050/gyro_math.o (__subsf3)
d:/atmel/atmel studio 7.1/7.0/toolchain/avr8/avr8-gnu-toolchain/bin/../lib/gcc/avr/5.4.0/../../../../avr/lib/avr5\libm.a(addsf3x.o)
                              d:/atmel/atmel studio 7.1/7.0/toolchain/avr8/avr8-gnu-toolchain/bin/../lib/gcc/avr/5.4.0/../../../../avr/lib/avr5\libm.a(addsf3.o) (__addsf3x)
d:/atmel/atmel studio 7.1/7.0/toolchain/avr8/avr8-gnu-toolchain/bin/../lib/gcc/avr/5.4.0/../../../../avr/lib/avr5\libm.a(atan.o)
                              MPU6050/gyro_math.o (atan)
d:/atmel/atmel studio 7.1/7.0/toolchain/avr8/avr8-gnu-toolchain/bin/../lib/gcc/avr/5.4.0/../../../../avr/lib/avr5\libm.a(divsf3.o)
                              MPU6050/gyro_math.o (__divsf3)
d:/atmel/atmel studio 7.1/7.0/toolchain/avr8/avr8-gnu-toolchain/bin/../lib/gcc/avr/5.4.0/../../../../avr/lib/avr5\libm.a(divsf3x.o)
                              d:/atmel/atmel studio 7.1/7.0/toolchain/avr8/avr8-gnu-toolchain/bin/../lib/gcc/avr/5.4.0/../../../../avr/lib/avr5\libm.a(divsf3.o) (__divsf3x)
d:/atmel/atmel studio 7.1/7.0/toolchain/avr8/avr8-gnu-toolchain/bin/../lib/gcc/avr/5.4.0/../../../../avr/lib/avr5\libm.a(fixsfsi.o)
                              MPU6050/gyro_math.o (__fixsfsi)
d:/atmel/atmel studio 7.1/7.0/toolchain/avr8/avr8-gnu-toolchain/bin/../lib/gcc/avr/5.4.0/../../../../avr/lib/avr5\libm.a(fixunssfsi.o)
                              d:/atmel/atmel studio 7.1/7.0/toolchain/avr8/avr8-gnu-toolchain/bin/../lib/gcc/avr/5.4.0/../../../../avr/lib/avr5\libm.a(fixsfsi.o) (__fixunssfsi)
d:/atmel/atmel studio 7.1/7.0/toolchain/avr8/avr8-gnu-toolchain/bin/../lib/gcc/avr/5.4.0/../../../../avr/lib/avr5\libm.a(floatsisf.o)
                              MPU6050/gyro_math.o (__floatsisf)
d:/atmel/atmel studio 7.1/7.0/toolchain/avr8/avr8-gnu-toolchain/bin/../lib/gcc/avr/5.4.0/../../../../avr/lib/avr5\libm.a(fp_inf.o)
                              d:/atmel/atmel studio 7.1/7.0/toolchain/avr8/avr8-gnu-toolchain/bin/../lib/gcc/avr/5.4.0/../../../../avr/lib/avr5\libm.a(addsf3x.o) (__fp_inf)
d:/atmel/atmel studio 7.1/7.0/toolchain/avr8/avr8-gnu-toolchain/bin/../lib/gcc/avr/5.4.0/../../../../avr/lib/avr5\libm.a(fp_nan.o)
                              d:/atmel/atmel studio 7.1/7.0/toolchain/avr8/avr8-gnu-toolchain/bin/../lib/gcc/avr/5.4.0/../../../../avr/lib/avr5\libm.a(addsf3x.o) (__fp_nan)
d:/atmel/atmel studio 7.1/7.0/toolchain/avr8/avr8-gnu-toolchain/bin/../lib/gcc/avr/5.4.0/../../../../avr/lib/avr5\libm.a(fp_powser.o)
                              d:/atmel/atmel studio 7.1/7.0/toolchain/avr8/avr8-gnu-toolchain/bin/../lib/gcc/avr/5.4.0/../../../../avr/lib/avr5\libm.a(atan.o) (__fp_powser)
d:/atmel/atmel studio 7.1/7.0/toolchain/avr8/avr8-gnu-toolchain/bin/../lib/gcc/avr/5.4.0/../../../../avr/lib/avr5\libm.a(fp_pscA.o)
                              d:/atmel/atmel studio 7.1/7.0/toolchain/avr8/avr8-gnu-toolchain/bin/../lib/gcc/avr/5.4.0/../../../../avr/lib/avr5\libm.a(addsf3x.o) (__fp_pscA)
d:/atmel/atmel studio 7.1/7.0/toolchain/avr8/avr8-gnu-toolchain/bin/../lib/gcc/avr/5.4.0/../../../../avr/lib/avr5\libm.a(fp_pscB.o)
                              d:/atmel/atmel studio 7.1/7.0/toolchain/avr8/avr8-gnu-toolchain/bin/../lib/gcc/avr/5.4.0/../../../../avr/lib/avr5\libm.a(addsf3x.o) (__fp_pscB)
d:/atmel/atmel studio 7.1/7.0/toolchain/avr8/avr8-gnu-toolchain/bin/../lib/gcc/avr/5.4.0/../../../../avr/lib/avr5\libm.a(fp_round.o)
                              d:/atmel/atmel studio 7.1/7.0/toolchain/avr8/avr8-gnu-toolchain/bin/../lib/gcc/avr/5.4.0/../../../../avr/lib/avr5\libm.a(addsf3.o) (__fp_round)
d:/atmel/atmel studio 7.1/7.0/toolchain/avr8/avr8-gnu-toolchain/bin/../lib/gcc/avr/5.4.0/../../../../avr/lib/avr5\libm.a(fp_split3.o)
                              d:/atmel/atmel studio 7.1/7.0/toolchain/avr8/avr8-gnu-toolchain/bin/../lib/gcc/avr/5.4.0/../../../../avr/lib/avr5\libm.a(addsf3x.o) (__fp_split3)
d:/atmel/atmel studio 7.1/7.0/toolchain/avr8/avr8-gnu-toolchain/bin/../lib/gcc/avr/5.4.0/../../../../avr/lib/avr5\libm.a(fp_zero.o)
                              d:/atmel/atmel studio 7.1/7.0/toolchain/avr8/avr8-gnu-toolchain/bin/../lib/gcc/avr/5.4.0/../../../../avr/lib/avr5\libm.a(addsf3x.o) (__fp_zero)
d:/atmel/atmel studio 7.1/7.0/toolchain/avr8/avr8-gnu-toolchain/bin/../lib/gcc/avr/5.4.0/../../../../avr/lib/avr5\libm.a(inverse.o)
                              d:/atmel/atmel studio 7.1/7.0/toolchain/avr8/avr8-gnu-toolchain/bin/../lib/gcc/avr/5.4.0/../../../../avr/lib/avr5\libm.a(atan.o) (inverse)
d:/atmel/atmel studio 7.1/7.0/toolchain/avr8/avr8-gnu-toolchain/bin/../lib/gcc/avr/5.4.0/../../../../avr/lib/avr5\libm.a(mulsf3.o)
                              MPU6050/gyro_math.o (__mulsf3)
[...]
Memory Configuration

Name             Origin             Length             Attributes
text             0x00000000         0x00020000         xr
data             0x00800060         0x0000ffa0         rw !x
eeprom           0x00810000         0x00010000         rw !x
fuse             0x00820000         0x00000003         rw !x
lock             0x00830000         0x00000400         rw !x
signature        0x00840000         0x00000400         rw !x
user_signatures  0x00850000         0x00000400         rw !x
*default*        0x00000000         0xffffffff

Linker script and memory map

Address of section .data set to 0x800100
LOAD D:/Atmel/Atmel Studio 7.1/7.0/Packs/atmel/ATmega_DFP/1.2.150/gcc/dev/atmega328pb/avr5/crtatmega328pb.o
LOAD Common.o
LOAD i2c_twi.o
LOAD main.o
LOAD MPU6050/gyro_math.o
LOAD MPU6050/MPU6050.o
LOAD SBUS/Sbus.o
LOAD Timer/PWM_control.o
LOAD Timer/Timer.o
LOAD Timer/Timer3.o
LOAD Timer/Timer4.o
LOAD twi_buf_pos.o
LOAD Uart/RecieveCommands.o
LOAD Uart/Uart.o
LOAD Uart/Uart_HW.o
START GROUP
LOAD d:/atmel/atmel studio 7.1/7.0/toolchain/avr8/avr8-gnu-toolchain/bin/../lib/gcc/avr/5.4.0/../../../../avr/lib/avr5\libm.a
END GROUP
START GROUP
LOAD d:/atmel/atmel studio 7.1/7.0/toolchain/avr8/avr8-gnu-toolchain/bin/../lib/gcc/avr/5.4.0/avr5\libgcc.a
LOAD d:/atmel/atmel studio 7.1/7.0/toolchain/avr8/avr8-gnu-toolchain/bin/../lib/gcc/avr/5.4.0/../../../../avr/lib/avr5\libm.a
LOAD d:/atmel/atmel studio 7.1/7.0/toolchain/avr8/avr8-gnu-toolchain/bin/../lib/gcc/avr/5.4.0/../../../../avr/lib/avr5\libc.a
LOAD D:/Atmel/Atmel Studio 7.1/7.0/Packs/atmel/ATmega_DFP/1.2.150/gcc/dev/atmega328pb/avr5\libatmega328pb.a
END GROUP
                0x00020000                __TEXT_REGION_LENGTH__ = DEFINED (__TEXT_REGION_LENGTH__)?__TEXT_REGION_LENGTH__:0x20000
                0x0000ffa0                __DATA_REGION_LENGTH__ = DEFINED (__DATA_REGION_LENGTH__)?__DATA_REGION_LENGTH__:0xffa0
                0x00010000                __EEPROM_REGION_LENGTH__ = DEFINED (__EEPROM_REGION_LENGTH__)?__EEPROM_REGION_LENGTH__:0x10000
                [0x00000003]                __FUSE_REGION_LENGTH__ = DEFINED (__FUSE_REGION_LENGTH__)?__FUSE_REGION_LENGTH__:0x400
                0x00000400                __LOCK_REGION_LENGTH__ = DEFINED (__LOCK_REGION_LENGTH__)?__LOCK_REGION_LENGTH__:0x400
                0x00000400                __SIGNATURE_REGION_LENGTH__ = DEFINED (__SIGNATURE_REGION_LENGTH__)?__SIGNATURE_REGION_LENGTH__:0x400
                0x00000400                __USER_SIGNATURE_REGION_LENGTH__ = DEFINED (__USER_SIGNATURE_REGION_LENGTH__)?__USER_SIGNATURE_REGION_LENGTH__:0x400

.hash
 *(.hash)

.dynsym
 *(.dynsym)

.dynstr
 *(.dynstr)

.gnu.version
 *(.gnu.version)

.gnu.version_d
 *(.gnu.version_d)

.gnu.version_r
 *(.gnu.version_r)

.rel.init
 *(.rel.init)

.rela.init
 *(.rela.init)

.rel.text
 *(.rel.text)
 *(.rel.text.*)
 *(.rel.gnu.linkonce.t*)

.rela.text
 *(.rela.text)
 *(.rela.text.*)
 *(.rela.gnu.linkonce.t*)

.rel.fini
 *(.rel.fini)

.rela.fini
 *(.rela.fini)

.rel.rodata
 *(.rel.rodata)
 *(.rel.rodata.*)
 *(.rel.gnu.linkonce.r*)

.rela.rodata
 *(.rela.rodata)
 *(.rela.rodata.*)
 *(.rela.gnu.linkonce.r*)

.rel.data
 *(.rel.data)
 *(.rel.data.*)
 *(.rel.gnu.linkonce.d*)

.rela.data
 *(.rela.data)
 *(.rela.data.*)
 *(.rela.gnu.linkonce.d*)

.rel.ctors
 *(.rel.ctors)

.rela.ctors
 *(.rela.ctors)

.rel.dtors
 *(.rel.dtors)

.rela.dtors
 *(.rela.dtors)

.rel.got
 *(.rel.got)

.rela.got
 *(.rela.got)

.rel.bss
 *(.rel.bss)

.rela.bss
 *(.rela.bss)

.rel.plt
 *(.rel.plt)

.rela.plt
 *(.rela.plt)

.text           0x00000000     0x3466
 *(.vectors)
 .vectors       0x00000000       0xb4 D:/Atmel/Atmel Studio 7.1/7.0/Packs/atmel/ATmega_DFP/1.2.150/gcc/dev/atmega328pb/avr5/crtatmega328pb.o
                0x00000000                __vector_default
                0x00000000                __vectors
 *(.vectors)
 *(.progmem.gcc*)
 .progmem.gcc_sw_table.__vector_24
                0x000000b4       0x12 twi_buf_pos.o
 .progmem.gcc_fplib
                0x000000c6       0x2d d:/atmel/atmel studio 7.1/7.0/toolchain/avr8/avr8-gnu-toolchain/bin/../lib/gcc/avr/5.4.0/../../../../avr/lib/avr5\libm.a(atan.o)
                0x000000f4                . = ALIGN (0x2)
 *fill*         0x000000f3        0x1 
                0x000000f4                __trampolines_start = .
 *(.trampolines)
 .trampolines   0x000000f4        0x0 linker stubs
 *(.trampolines*)
                0x000000f4                __trampolines_end = .
 *libprintf_flt.a:*(.progmem.data)
 *libc.a:*(.progmem.data)
 *(.progmem*)
 .progmem.data.ER_commands
                0x000000f4       0x6e Uart/RecieveCommands.o
                0x000000f4                ER_commands
                0x00000162                . = ALIGN (0x2)
 *(.jumptables)
 *(.jumptables*)
 *(.lowtext)
 *(.lowtext*)
                0x00000162                __ctors_start = .
 *(.ctors)
                0x00000162                __ctors_end = .
                0x00000162                __dtors_start = .
 *(.dtors)
                0x00000162                __dtors_end = .
 SORT(*)(.ctors)
 SORT(*)(.dtors)
 *(.init0)
 .init0         0x00000162        0x0 D:/Atmel/Atmel Studio 7.1/7.0/Packs/atmel/ATmega_DFP/1.2.150/gcc/dev/atmega328pb/avr5/crtatmega328pb.o
                0x00000162                __init
 *(.init0)
 *(.init1)
 *(.init1)
 *(.init2)
 .init2         0x00000162        0xc D:/Atmel/Atmel Studio 7.1/7.0/Packs/atmel/ATmega_DFP/1.2.150/gcc/dev/atmega328pb/avr5/crtatmega328pb.o
 *(.init2)
 *(.init3)
 *(.init3)
 *(.init4)
 .init4         0x0000016e       0x16 d:/atmel/atmel studio 7.1/7.0/toolchain/avr8/avr8-gnu-toolchain/bin/../lib/gcc/avr/5.4.0/avr5\libgcc.a(_copy_data.o)
                0x0000016e                __do_copy_data
 .init4         0x00000184       0x10 d:/atmel/atmel studio 7.1/7.0/toolchain/avr8/avr8-gnu-toolchain/bin/../lib/gcc/avr/5.4.0/avr5\libgcc.a(_clear_bss.o)
                0x00000184                __do_clear_bss
 *(.init4)
 *(.init5)
 *(.init5)
 *(.init6)
 *(.init6)
 *(.init7)
 *(.init7)
 *(.init8)
 *(.init8)
 *(.init9)
 .init9         0x00000194        0x8 D:/Atmel/Atmel Studio 7.1/7.0/Packs/atmel/ATmega_DFP/1.2.150/gcc/dev/atmega328pb/avr5/crtatmega328pb.o
 *(.init9)
 *(.text)
 .text          0x0000019c        0x4 D:/Atmel/Atmel Studio 7.1/7.0/Packs/atmel/ATmega_DFP/1.2.150/gcc/dev/atmega328pb/avr5/crtatmega328pb.o
                0x0000019c                __vector_38
                0x0000019c                __vector_22
                0x0000019c                __vector_1
                0x0000019c                __vector_32
                0x0000019c                __vector_12
                0x0000019c                __bad_interrupt
                0x0000019c                __vector_6
                0x0000019c                __vector_31
                0x0000019c                __vector_35
                0x0000019c                __vector_39
                0x0000019c                __vector_3
                0x0000019c                __vector_23
                0x0000019c                __vector_30
                0x0000019c                __vector_25
                0x0000019c                __vector_11
                0x0000019c                __vector_13
                0x0000019c                __vector_17
                0x0000019c                __vector_19
                0x0000019c                __vector_7
                0x0000019c                __vector_41
                0x0000019c                __vector_43
                0x0000019c                __vector_27
                0x0000019c                __vector_5
                0x0000019c                __vector_37
                0x0000019c                __vector_4
                0x0000019c                __vector_44
                0x0000019c                __vector_9
                0x0000019c                __vector_2
                0x0000019c                __vector_21
                0x0000019c                __vector_15
                0x0000019c                __vector_36
                0x0000019c                __vector_29
                0x0000019c                __vector_40
                0x0000019c                __vector_8
                0x0000019c                __vector_26
                0x0000019c                __vector_14
                0x0000019c                __vector_10
                0x000001a0                . = ALIGN (0x2)
 *(.text.*)
 .text.PlaceInGyroBuffor
                0x000001a0       0x68 Common.o
                0x000001a0                PlaceInGyroBuffor
 .text.PlaceInAccBuffor
                0x00000208       0x68 Common.o
                0x00000208                PlaceInAccBuffor
 .text.ReadGyroSample
                0x00000270       0x5c Common.o
                0x00000270                ReadGyroSample
 .text.ReadAccSample
                0x000002cc       0x5c Common.o
                0x000002cc                ReadAccSample
 .text.ReadGyroSample_ViewOnly
                0x00000328       0x3e Common.o
                0x00000328                ReadGyroSample_ViewOnly
 .text.ReadAccSample_ViewOnly
                0x00000366       0x3e Common.o
                0x00000366                ReadAccSample_ViewOnly
 .text.SamplesGyroBuf
                0x000003a4       0x12 Common.o
                0x000003a4                SamplesGyroBuf
 .text.SamplesAccBuf
                0x000003b6       0x12 Common.o
                0x000003b6                SamplesAccBuf
 .text.ReadGyroBuf
                0x000003c8       0x86 Common.o
                0x000003c8                ReadGyroBuf
 .text.ReadAccBuf
                0x0000044e       0x86 Common.o
                0x0000044e                ReadAccBuf
 .text.AveragingLinearMPU6050
                0x000004d4      0x100 Common.o
                0x000004d4                AveragingLinearMPU6050
 .text.ReadGyroBufAveraged
                0x000005d4       0x54 Common.o
                0x000005d4                ReadGyroBufAveraged
 .text.AveragingWeightingMPU6050
                0x00000628      0x1a0 Common.o
                0x00000628                AveragingWeightingMPU6050
 .text.ReadAccBufAveraged
                0x000007c8       0x54 Common.o
                0x000007c8                ReadAccBufAveraged
 .text.EnableDebug
                0x0000081c       0x18 Common.o
                0x0000081c                EnableDebug
 .text.I2C_start
                0x00000834       0x12 i2c_twi.o
                0x00000834                I2C_start
 .text.I2C_stop
                0x00000846       0x12 i2c_twi.o
                0x00000846                I2C_stop
 .text.I2C_write
                0x00000858       0x16 i2c_twi.o
                0x00000858                I2C_write
 .text.I2C_read
                0x0000086e       0x1e i2c_twi.o
                0x0000086e                I2C_read
 .text.I2C_write_byte
                0x0000088c       0x30 i2c_twi.o
                0x0000088c                I2C_write_byte
 .text.I2C_read_buf
                0x000008bc       0x70 i2c_twi.o
                0x000008bc                I2C_read_buf
 .text.main     0x0000092c       0xaa main.o
                0x0000092c                main
 .text.ProcessAngle
                0x000009d6       0x94 MPU6050/gyro_math.o
                0x000009d6                ProcessAngle
 .text.CheckTotalG
                0x00000a6a       0x5e MPU6050/gyro_math.o
                0x00000a6a                CheckTotalG
 .text.CalculateNewPos
                0x00000ac8       0xda MPU6050/gyro_math.o
                0x00000ac8                CalculateNewPos
 .text.ProcessPosition
                0x00000ba2      0x15a MPU6050/gyro_math.o
                0x00000ba2                ProcessPosition
 .text.CalibrateMPU6050
                0x00000cfc      0x3f8 MPU6050/MPU6050.o
                0x00000cfc                CalibrateMPU6050
 .text.InitMPU6050
                0x000010f4       0xc8 MPU6050/MPU6050.o
                0x000010f4                InitMPU6050
 .text.ReadMPU6050
                0x000011bc      0x14e MPU6050/MPU6050.o
                0x000011bc                ReadMPU6050
 .text.Sbus_process_buffor
                0x0000130a      0x292 SBUS/Sbus.o
                0x0000130a                Sbus_process_buffor
 .text.InitUartSBUS
                0x0000159c       0x26 SBUS/Sbus.o
                0x0000159c                InitUartSBUS
 .text.__vector_28
                0x000015c2       0x98 SBUS/Sbus.o
                0x000015c2                __vector_28
 .text.InitTrimming
                0x0000165a       0x6a Timer/PWM_control.o
                0x0000165a                InitTrimming
 .text.DebugDisable
                0x000016c4       0x18 Timer/Timer.o
                0x000016c4                DebugDisable
 .text.CalculatePosition
                0x000016dc       0x60 Timer/Timer.o
                0x000016dc                CalculatePosition
 .text.SendPosition
                0x0000173c       0x46 Timer/Timer.o
                0x0000173c                SendPosition
 .text.AdditionalFunction
                0x00001782      0x168 Timer/Timer.o
                0x00001782                AdditionalFunction
 .text.InitCommonTimer
                0x000018ea       0x12 Timer/Timer.o
                0x000018ea                InitCommonTimer
 .text.InitPWMTimers
                0x000018fc        0xa Timer/Timer.o
                0x000018fc                InitPWMTimers
 .text.CheckCommonTimer
                0x00001906       0x34 Timer/Timer.o
                0x00001906                CheckCommonTimer
 .text.__vector_16
                0x0000193a       0x8a Timer/Timer.o
                0x0000193a                __vector_16
 .text.InitTimer3
                0x000019c4       0x32 Timer/Timer3.o
                0x000019c4                InitTimer3
 .text.__vector_33
                0x000019f6       0x36 Timer/Timer3.o
                0x000019f6                __vector_33
 .text.__vector_34
                0x00001a2c       0xde Timer/Timer3.o
                0x00001a2c                __vector_34
 .text.InitTimer4
                0x00001b0a       0x18 Timer/Timer4.o
                0x00001b0a                InitTimer4
 .text.Register_PWM_Pin
                0x00001b22       0x3c Timer/Timer4.o
                0x00001b22                Register_PWM_Pin
 .text.__vector_42
                0x00001b5e       0x4c Timer/Timer4.o
                0x00001b5e                __vector_42
 .text.__vector_24
                0x00001baa      0x438 twi_buf_pos.o
                0x00001baa                __vector_24
 .text.er_service
                0x00001fe2        0xc Uart/RecieveCommands.o
                0x00001fe2                er_service
 .text.er_read  0x00001fee       0xb0 Uart/RecieveCommands.o
                0x00001fee                er_read
 .text.er_buf   0x0000209e       0xba Uart/RecieveCommands.o
                0x0000209e                er_buf
 .text.er_dbg   0x00002158        0x6 Uart/RecieveCommands.o
                0x00002158                er_dbg
 .text.er_sbus  0x0000215e       0x40 Uart/RecieveCommands.o
                0x0000215e                er_sbus
 .text.ProcessString
                0x0000219e      0x12a Uart/RecieveCommands.o
                0x0000219e                ProcessString
 .text.InitUartCOM
                0x000022c8        0x6 Uart/Uart.o
                0x000022c8                InitUartCOM
 .text.ReceiveChar
                0x000022ce       0x2a Uart/Uart.o
                0x000022ce                ReceiveChar
 .text.SendString
                0x000022f8       0x2c Uart/Uart.o
                0x000022f8                SendString
 .text.SendEnter
                0x00002324        0xe Uart/Uart.o
                0x00002324                SendEnter
 .text.SendLine
                0x00002332        0xa Uart/Uart.o
                0x00002332                SendLine
 .text.SendInt  0x0000233c      0x1e2 Uart/Uart.o
                0x0000233c                SendInt
 .text.SendStringInt
                0x0000251e       0x26 Uart/Uart.o
                0x0000251e                SendStringInt
 .text.SendUint
                0x00002544      0x15e Uart/Uart.o
                0x00002544                SendUint
 .text.SendStringUint
                0x000026a2       0x1a Uart/Uart.o
                0x000026a2                SendStringUint
 .text.CheckRxBuffor
                0x000026bc       0x5c Uart/Uart.o
                0x000026bc                CheckRxBuffor
 .text.InitUartCOM_HW
                0x00002718       0x14 Uart/Uart_HW.o
                0x00002718                InitUartCOM_HW
 .text.PutCharToBuffor
                0x0000272c       0x34 Uart/Uart_HW.o
                0x0000272c                PutCharToBuffor
 .text.__vector_20
                0x00002760       0x52 Uart/Uart_HW.o
                0x00002760                __vector_20
 .text.__vector_18
                0x000027b2       0x4c Uart/Uart_HW.o
                0x000027b2                __vector_18
 .text.avr-libc.fplib
                0x000027fe        0xe d:/atmel/atmel studio 7.1/7.0/toolchain/avr8/avr8-gnu-toolchain/bin/../lib/gcc/avr/5.4.0/../../../../avr/lib/avr5\libm.a(addsf3.o)
                0x000027fe                __subsf3
                0x00002800                __addsf3
 .text.avr-libc.fplib
                0x0000280c       0xcc d:/atmel/atmel studio 7.1/7.0/toolchain/avr8/avr8-gnu-toolchain/bin/../lib/gcc/avr/5.4.0/../../../../avr/lib/avr5\libm.a(addsf3x.o)
                0x0000282e                __addsf3x
 .text.avr-libc.fplib
                0x000028d8       0x5e d:/atmel/atmel studio 7.1/7.0/toolchain/avr8/avr8-gnu-toolchain/bin/../lib/gcc/avr/5.4.0/../../../../avr/lib/avr5\libm.a(atan.o)
                0x000028d8                atan
 .text.avr-libc.fplib
                0x00002936        0x8 d:/atmel/atmel studio 7.1/7.0/toolchain/avr8/avr8-gnu-toolchain/bin/../lib/gcc/avr/5.4.0/../../../../avr/lib/avr5\libm.a(divsf3.o)
                0x00002936                __divsf3
 .text.avr-libc.fplib
                0x0000293e       0xdc d:/atmel/atmel studio 7.1/7.0/toolchain/avr8/avr8-gnu-toolchain/bin/../lib/gcc/avr/5.4.0/../../../../avr/lib/avr5\libm.a(divsf3x.o)
                0x0000295e                __divsf3x
                0x00002964                __divsf3_pse
 .text.avr-libc.fplib
                0x00002a1a        0xe d:/atmel/atmel studio 7.1/7.0/toolchain/avr8/avr8-gnu-toolchain/bin/../lib/gcc/avr/5.4.0/../../../../avr/lib/avr5\libm.a(fixsfsi.o)
                0x00002a1a                __fixsfsi
 .text.avr-libc.fplib
                0x00002a28       0x5e d:/atmel/atmel studio 7.1/7.0/toolchain/avr8/avr8-gnu-toolchain/bin/../lib/gcc/avr/5.4.0/../../../../avr/lib/avr5\libm.a(fixunssfsi.o)
                0x00002a28                __fixunssfsi
 .text.avr-libc.fplib
                0x00002a86       0x7a d:/atmel/atmel studio 7.1/7.0/toolchain/avr8/avr8-gnu-toolchain/bin/../lib/gcc/avr/5.4.0/../../../../avr/lib/avr5\libm.a(floatsisf.o)
                0x00002a86                __floatunsisf
                0x00002a8a                __floatsisf
 .text.avr-libc.fplib
                0x00002b00        0xc d:/atmel/atmel studio 7.1/7.0/toolchain/avr8/avr8-gnu-toolchain/bin/../lib/gcc/avr/5.4.0/../../../../avr/lib/avr5\libm.a(fp_inf.o)
                0x00002b00                __fp_inf
 .text.avr-libc.fplib
                0x00002b0c        0x6 d:/atmel/atmel studio 7.1/7.0/toolchain/avr8/avr8-gnu-toolchain/bin/../lib/gcc/avr/5.4.0/../../../../avr/lib/avr5\libm.a(fp_nan.o)
                0x00002b0c                __fp_nan
 .text.avr-libc.fplib
                0x00002b12       0x4e d:/atmel/atmel studio 7.1/7.0/toolchain/avr8/avr8-gnu-toolchain/bin/../lib/gcc/avr/5.4.0/../../../../avr/lib/avr5\libm.a(fp_powser.o)
                0x00002b12                __fp_powser
 .text.avr-libc.fplib
                0x00002b60        0xe d:/atmel/atmel studio 7.1/7.0/toolchain/avr8/avr8-gnu-toolchain/bin/../lib/gcc/avr/5.4.0/../../../../avr/lib/avr5\libm.a(fp_pscA.o)
                0x00002b60                __fp_pscA
 .text.avr-libc.fplib
                0x00002b6e        0xe d:/atmel/atmel studio 7.1/7.0/toolchain/avr8/avr8-gnu-toolchain/bin/../lib/gcc/avr/5.4.0/../../../../avr/lib/avr5\libm.a(fp_pscB.o)
                0x00002b6e                __fp_pscB
 .text.avr-libc.fplib
                0x00002b7c       0x22 d:/atmel/atmel studio 7.1/7.0/toolchain/avr8/avr8-gnu-toolchain/bin/../lib/gcc/avr/5.4.0/../../../../avr/lib/avr5\libm.a(fp_round.o)
                0x00002b7c                __fp_round
 .text.avr-libc.fplib
                0x00002b9e       0x44 d:/atmel/atmel studio 7.1/7.0/toolchain/avr8/avr8-gnu-toolchain/bin/../lib/gcc/avr/5.4.0/../../../../avr/lib/avr5\libm.a(fp_split3.o)
                0x00002b9e                __fp_split3
                0x00002bae                __fp_splitA
 .text.avr-libc.fplib
                0x00002be2        0xe d:/atmel/atmel studio 7.1/7.0/toolchain/avr8/avr8-gnu-toolchain/bin/../lib/gcc/avr/5.4.0/../../../../avr/lib/avr5\libm.a(fp_zero.o)
                0x00002be2                __fp_zero
                0x00002be4                __fp_szero
 .text.avr-libc.fplib
                0x00002bf0       0x10 d:/atmel/atmel studio 7.1/7.0/toolchain/avr8/avr8-gnu-toolchain/bin/../lib/gcc/avr/5.4.0/../../../../avr/lib/avr5\libm.a(inverse.o)
                0x00002bf0                inverse
 .text.avr-libc.fplib
                0x00002c00        0x8 d:/atmel/atmel studio 7.1/7.0/toolchain/avr8/avr8-gnu-toolchain/bin/../lib/gcc/avr/5.4.0/../../../../avr/lib/avr5\libm.a(mulsf3.o)
                0x00002c00                __mulsf3
 .text.avr-libc.fplib
                0x00002c08       0xd2 d:/atmel/atmel studio 7.1/7.0/toolchain/avr8/avr8-gnu-toolchain/bin/../lib/gcc/avr/5.4.0/../../../../avr/lib/avr5\libm.a(mulsf3x.o)
                0x00002c26                __mulsf3x
                0x00002c2c                __mulsf3_pse
 .text.avr-libc.fplib
                0x00002cda        0x8 d:/atmel/atmel studio 7.1/7.0/toolchain/avr8/avr8-gnu-toolchain/bin/../lib/gcc/avr/5.4.0/../../../../avr/lib/avr5\libm.a(square.o)
                0x00002cda                square
 .text.libgcc.mul
                0x00002ce2       0x20 d:/atmel/atmel studio 7.1/7.0/toolchain/avr8/avr8-gnu-toolchain/bin/../lib/gcc/avr/5.4.0/avr5\libgcc.a(_mulsi3.o)
                0x00002ce2                __mulsi3
 .text.libgcc.div
                0x00002d02       0x2e d:/atmel/atmel studio 7.1/7.0/toolchain/avr8/avr8-gnu-toolchain/bin/../lib/gcc/avr/5.4.0/avr5\libgcc.a(_divmodsi4.o)
                0x00002d02                __divmodsi4
 .text.libgcc.div
                0x00002d30       0x10 d:/atmel/atmel studio 7.1/7.0/toolchain/avr8/avr8-gnu-toolchain/bin/../lib/gcc/avr/5.4.0/avr5\libgcc.a(_negsi2.o)
                0x00002d30                __negsi2
 .text.libgcc   0x00002d40        0xc d:/atmel/atmel studio 7.1/7.0/toolchain/avr8/avr8-gnu-toolchain/bin/../lib/gcc/avr/5.4.0/avr5\libgcc.a(_tablejump2.o)
                0x00002d40                __tablejump2__
 .text.libgcc.mul
                0x00002d4c       0x10 d:/atmel/atmel studio 7.1/7.0/toolchain/avr8/avr8-gnu-toolchain/bin/../lib/gcc/avr/5.4.0/avr5\libgcc.a(_mulhisi3.o)
                0x00002d4c                __mulhisi3
 .text.libgcc.mul
                0x00002d5c       0x1e d:/atmel/atmel studio 7.1/7.0/toolchain/avr8/avr8-gnu-toolchain/bin/../lib/gcc/avr/5.4.0/avr5\libgcc.a(_umulhisi3.o)
                0x00002d5c                __umulhisi3
 .text.libgcc.mul
                0x00002d7a        0xe d:/atmel/atmel studio 7.1/7.0/toolchain/avr8/avr8-gnu-toolchain/bin/../lib/gcc/avr/5.4.0/avr5\libgcc.a(_usmulhisi3.o)
                0x00002d7a                __usmulhisi3
                0x00002d7e                __usmulhisi3_tail
 .text.libgcc.mul
                0x00002d88       0x16 d:/atmel/atmel studio 7.1/7.0/toolchain/avr8/avr8-gnu-toolchain/bin/../lib/gcc/avr/5.4.0/avr5\libgcc.a(_muluhisi3.o)
                0x00002d88                __muluhisi3
 .text.libgcc.mul
                0x00002d9e       0x10 d:/atmel/atmel studio 7.1/7.0/toolchain/avr8/avr8-gnu-toolchain/bin/../lib/gcc/avr/5.4.0/avr5\libgcc.a(_mulshisi3.o)
                0x00002d9e                __mulshisi3
                0x00002da4                __mulohisi3
 .text.libgcc.div
                0x00002dae       0x44 d:/atmel/atmel studio 7.1/7.0/toolchain/avr8/avr8-gnu-toolchain/bin/../lib/gcc/avr/5.4.0/avr5\libgcc.a(_udivmodsi4.o)
                0x00002dae                __udivmodsi4
 .text.avr-libc
                0x00002df2       0x12 d:/atmel/atmel studio 7.1/7.0/toolchain/avr8/avr8-gnu-toolchain/bin/../lib/gcc/avr/5.4.0/../../../../avr/lib/avr5\libc.a(strlen_P.o)
                0x00002df2                __strlen_P
 .text.avr-libc
                0x00002e04       0x30 d:/atmel/atmel studio 7.1/7.0/toolchain/avr8/avr8-gnu-toolchain/bin/../lib/gcc/avr/5.4.0/../../../../avr/lib/avr5\libc.a(strncasecmp_P.o)
                0x00002e04                strncasecmp_P
 .text.avr-libc
                0x00002e34       0x4e d:/atmel/atmel studio 7.1/7.0/toolchain/avr8/avr8-gnu-toolchain/bin/../lib/gcc/avr/5.4.0/../../../../avr/lib/avr5\libc.a(strtok_r.o)
                0x00002e34                strtok_r
 .text.avr-libc
                0x00002e82      0x3c2 d:/atmel/atmel studio 7.1/7.0/toolchain/avr8/avr8-gnu-toolchain/bin/../lib/gcc/avr/5.4.0/../../../../avr/lib/avr5\libc.a(vfprintf_std.o)
                0x00002e82                vfprintf
 .text.avr-libc
                0x00003244       0x16 d:/atmel/atmel studio 7.1/7.0/toolchain/avr8/avr8-gnu-toolchain/bin/../lib/gcc/avr/5.4.0/../../../../avr/lib/avr5\libc.a(strnlen_P.o)
                0x00003244                strnlen_P
 .text.avr-libc
                0x0000325a       0x16 d:/atmel/atmel studio 7.1/7.0/toolchain/avr8/avr8-gnu-toolchain/bin/../lib/gcc/avr/5.4.0/../../../../avr/lib/avr5\libc.a(strnlen.o)
                0x0000325a                strnlen
 .text.avr-libc
                0x00003270       0x78 d:/atmel/atmel studio 7.1/7.0/toolchain/avr8/avr8-gnu-toolchain/bin/../lib/gcc/avr/5.4.0/../../../../avr/lib/avr5\libc.a(fputc.o)
                0x00003270                fputc
 .text.avr-libc
                0x000032e8       0xbc d:/atmel/atmel studio 7.1/7.0/toolchain/avr8/avr8-gnu-toolchain/bin/../lib/gcc/avr/5.4.0/../../../../avr/lib/avr5\libc.a(ultoa_invert.o)
                0x000032e8                __ultoa_invert
 .text.avr-libc
                0x000033a4       0x20 D:/Atmel/Atmel Studio 7.1/7.0/Packs/atmel/ATmega_DFP/1.2.150/gcc/dev/atmega328pb/avr5\libatmega328pb.a(eerd_block.o)
                0x000033a4                eeprom_read_block
                0x000033a8                eeprom_read_blraw
 .text.avr-libc
                0x000033c4       0x14 D:/Atmel/Atmel Studio 7.1/7.0/Packs/atmel/ATmega_DFP/1.2.150/gcc/dev/atmega328pb/avr5\libatmega328pb.a(eewr_block.o)
                0x000033c4                eeprom_write_block
 .text.avr-libc
                0x000033d8       0x1c D:/Atmel/Atmel Studio 7.1/7.0/Packs/atmel/ATmega_DFP/1.2.150/gcc/dev/atmega328pb/avr5\libatmega328pb.a(eewr_byte.o)
                0x000033d8                eeprom_write_byte
                0x000033da                eeprom_write_r18
 .text.libgcc.prologue
                0x000033f4       0x38 d:/atmel/atmel studio 7.1/7.0/toolchain/avr8/avr8-gnu-toolchain/bin/../lib/gcc/avr/5.4.0/avr5\libgcc.a(_prologue.o)
                0x000033f4                __prologue_saves__
 .text.libgcc.prologue
                0x0000342c       0x36 d:/atmel/atmel studio 7.1/7.0/toolchain/avr8/avr8-gnu-toolchain/bin/../lib/gcc/avr/5.4.0/avr5\libgcc.a(_epilogue.o)
                0x0000342c                __epilogue_restores__
                0x00003462                . = ALIGN (0x2)
 *(.fini9)
 .fini9         0x00003462        0x0 d:/atmel/atmel studio 7.1/7.0/toolchain/avr8/avr8-gnu-toolchain/bin/../lib/gcc/avr/5.4.0/avr5\libgcc.a(_exit.o)
                0x00003462                _exit
                0x00003462                exit
 *(.fini9)
 *(.fini8)
 *(.fini8)
 *(.fini7)
 *(.fini7)
 *(.fini6)
 *(.fini6)
 *(.fini5)
 *(.fini5)
 *(.fini4)
 *(.fini4)
 *(.fini3)
 *(.fini3)
 *(.fini2)
 *(.fini2)
 *(.fini1)
 *(.fini1)
 *(.fini0)
 .fini0         0x00003462        0x4 d:/atmel/atmel studio 7.1/7.0/toolchain/avr8/avr8-gnu-toolchain/bin/../lib/gcc/avr/5.4.0/avr5\libgcc.a(_exit.o)
 *(.fini0)
                0x00003466                _etext = .

.data           0x00800100      0x116 load address 0x00003466
                0x00800100                PROVIDE (__data_start, .)
 *(.data)
 *(.data*)
 .data.sbus_last_frame_counter
                0x00800100        0x1 SBUS/Sbus.o
                0x00800100                sbus_last_frame_counter
 .data.sbus_buffor_start_counter
                0x00800101        0x1 SBUS/Sbus.o
                0x00800101                sbus_buffor_start_counter
 .data.sbus_buffor_process_counter
                0x00800102        0x2 SBUS/Sbus.o
                0x00800102                sbus_buffor_process_counter
 .data.decrement_common
                0x00800104       0x14 Timer/Timer.o
                0x00800104                decrement_common
 .data.dbg_counter
                0x00800118        0x2 Timer/Timer.o
                0x00800118                dbg_counter
 *(.gnu.linkonce.d*)
 *(.rodata)
 *(.rodata*)
 .rodata.str1.1
                0x0080011a        0xc main.o
 .rodata.str1.1
                0x00800126       0x40 SBUS/Sbus.o
 .rodata.str1.1
                0x00800166       0x21 Timer/PWM_control.o
 .rodata.str1.1
                0x00800187       0x6c Timer/Timer.o
 .rodata.str1.1
                0x008001f3       0x23 Uart/RecieveCommands.o
                                 0x5b (size before relaxing)
 *(.gnu.linkonce.r*)
                0x00800216                . = ALIGN (0x2)
                0x00800216                _edata = .
                0x00800216                PROVIDE (__data_end, .)

.bss            0x00800216      0x2e6
                0x00800216                PROVIDE (__bss_start, .)
 *(.bss)
 *(.bss*)
 .bss.acc_tail  0x00800216        0x1 Common.o
                0x00800216                acc_tail
 .bss.acc_head  0x00800217        0x1 Common.o
                0x00800217                acc_head
 .bss.gyro_tail
                0x00800218        0x1 Common.o
                0x00800218                gyro_tail
 .bss.gyro_head
                0x00800219        0x1 Common.o
                0x00800219                gyro_head
 .bss.TxHead    0x0080021a        0x1 Uart/Uart.o
                0x0080021a                TxHead
 .bss.TxTail    0x0080021b        0x1 Uart/Uart.o
                0x0080021b                TxTail
 .bss.RxHead    0x0080021c        0x1 Uart/Uart.o
                0x0080021c                RxHead
 .bss.RxTail    0x0080021d        0x1 Uart/Uart.o
                0x0080021d                RxTail
 *(COMMON)
 COMMON         0x0080021e      0x118 Common.o
                0x0080021e                X_gyro_buff
                0x00800248                calculate_position_counter
                0x0080024a                Y_gyro_buff
                0x00800274                Z_acc_buff
                0x0080029e                X_acc_buff
                0x008002c8                acc_offset
                0x008002ce                flag1
                0x008002cf                pos_y
                0x008002d3                send_position_counter
                0x008002d5                gyro_offset
                0x008002db                pos_x
                0x008002df                Y_acc_buff
                0x00800309                events
                0x0080030a                additional_timer
                0x0080030c                Z_gyro_buff
 COMMON         0x00800336       0x3d SBUS/Sbus.o
                0x00800336                channel_value
                0x00800358                sbus_position
                0x00800359                Sbus_Buffor
 COMMON         0x00800373       0x38 Timer/PWM_control.o
                0x00800373                pwm_timers
                0x00800382                sbus_frame_delay
                0x00800383                eem_trim
                0x00800387                channel_new
                0x00800397                ram_trim
                0x0080039b                channel_old
 COMMON         0x008003ab        0xa Timer/Timer3.o
                0x008003ab                selected_PWM_channel
                0x008003ac                pwm_channels
 COMMON         0x008003b5        0x3 Timer/Timer4.o
                0x008003b5                PORT
                0x008003b7                PIN
 COMMON         0x008003b8       0xa4 twi_buf_pos.o
                0x008003b8                twi_reset_counter
                0x008003b9                twi_command
                0x008003bb                twi_buf_pos
                0x008003bc                twi_bufor
 COMMON         0x0080045c       0xa0 Uart/Uart.o
                0x0080045c                RxBuffor
                0x0080047c                TxBuffor
                0x008004fc                PROVIDE (__bss_end, .)
                0x00003466                __data_load_start = LOADADDR (.data)
                0x0000357c                __data_load_end = (__data_load_start + SIZEOF (.data))

.noinit         0x008004fc        0x0
                [!provide]                PROVIDE (__noinit_start, .)
 *(.noinit*)
                [!provide]                PROVIDE (__noinit_end, .)
                0x008004fc                _end = .
                [!provide]                PROVIDE (__heap_start, .)

.eeprom         0x00810000        0x0
 *(.eeprom*)
                0x00810000                __eeprom_end = .

.fuse
 *(.fuse)
 *(.lfuse)
 *(.hfuse)
 *(.efuse)

.lock
 *(.lock*)

.signature
 *(.signature*)

.user_signatures
 *(.user_signatures*)

.stab
 *(.stab)

.stabstr
 *(.stabstr)

.stab.excl
 *(.stab.excl)

.stab.exclstr
 *(.stab.exclstr)

.stab.index
 *(.stab.index)

.stab.indexstr
 *(.stab.indexstr)

.comment        0x00000000       0x5c
 *(.comment)
 .comment       0x00000000       0x30 Common.o
                                 0x31 (size before relaxing)
 .comment       0x00000030       0x31 i2c_twi.o
 .comment       0x00000030       0x31 main.o
 .comment       0x00000030       0x31 MPU6050/gyro_math.o
 .comment       0x00000030       0x31 MPU6050/MPU6050.o
 .comment       0x00000030       0x31 SBUS/Sbus.o
 .comment       0x00000030       0x31 Timer/PWM_control.o
 .comment       0x00000030       0x31 Timer/Timer.o
 .comment       0x00000030       0x31 Timer/Timer3.o
 .comment       0x00000030       0x31 Timer/Timer4.o
 .comment       0x00000030       0x31 twi_buf_pos.o
 .comment       0x00000030       0x31 Uart/RecieveCommands.o
 .comment       0x00000030       0x31 Uart/Uart.o
 .comment       0x00000030       0x31 Uart/Uart_HW.o
 .comment       0x00000030       0x2c d:/atmel/atmel studio 7.1/7.0/toolchain/avr8/avr8-gnu-toolchain/bin/../lib/gcc/avr/5.4.0/../../../../avr/lib/avr5\libc.a(vfprintf_std.o)
                                 0x2d (size before relaxing)
 .comment       0x0000005c       0x31 d:/atmel/atmel studio 7.1/7.0/toolchain/avr8/avr8-gnu-toolchain/bin/../lib/gcc/avr/5.4.0/../../../../avr/lib/avr5\libc.a(fputc.o)

.note.gnu.avr.deviceinfo
                0x00000000       0x40
 .note.gnu.avr.deviceinfo
                0x00000000       0x40 D:/Atmel/Atmel Studio 7.1/7.0/Packs/atmel/ATmega_DFP/1.2.150/gcc/dev/atmega328pb/avr5/crtatmega328pb.o

.note.gnu.build-id
 *(.note.gnu.build-id)

.debug
 *(.debug)

.line
 *(.line)

.debug_srcinfo
 *(.debug_srcinfo)

.debug_sfnames
 *(.debug_sfnames)

.debug_aranges  0x00000000      0x478
 *(.debug_aranges)
 .debug_aranges
                0x00000000       0xb0 Common.o
 .debug_aranges
                0x000000b0       0x58 i2c_twi.o
 .debug_aranges
                0x00000108       0x20 main.o
 .debug_aranges
                0x00000128       0x38 MPU6050/gyro_math.o
 .debug_aranges
                0x00000160       0x30 MPU6050/MPU6050.o
 .debug_aranges
                0x00000190       0x38 SBUS/Sbus.o
 .debug_aranges
                0x000001c8       0x20 Timer/PWM_control.o
 .debug_aranges
                0x000001e8       0x58 Timer/Timer.o
 .debug_aranges
                0x00000240       0x30 Timer/Timer3.o
 .debug_aranges
                0x00000270       0x30 Timer/Timer4.o
 .debug_aranges
                0x000002a0       0x80 twi_buf_pos.o
 .debug_aranges
                0x00000320       0x48 Uart/RecieveCommands.o
 .debug_aranges
                0x00000368       0x70 Uart/Uart.o
 .debug_aranges
                0x000003d8       0x40 Uart/Uart_HW.o
 .debug_aranges
                0x00000418       0x20 D:/Atmel/Atmel Studio 7.1/7.0/Packs/atmel/ATmega_DFP/1.2.150/gcc/dev/atmega328pb/avr5\libatmega328pb.a(eerd_block.o)
 .debug_aranges
                0x00000438       0x20 D:/Atmel/Atmel Studio 7.1/7.0/Packs/atmel/ATmega_DFP/1.2.150/gcc/dev/atmega328pb/avr5\libatmega328pb.a(eewr_block.o)
 .debug_aranges
                0x00000458       0x20 D:/Atmel/Atmel Studio 7.1/7.0/Packs/atmel/ATmega_DFP/1.2.150/gcc/dev/atmega328pb/avr5\libatmega328pb.a(eewr_byte.o)

.debug_pubnames
 *(.debug_pubnames)

.debug_info     0x00000000     0x57c6
 *(.debug_info .gnu.linkonce.wi.*)
 .debug_info    0x00000000      0x8ea D:/Atmel/Atmel Studio 7.1/7.0/Packs/atmel/ATmega_DFP/1.2.150/gcc/dev/atmega328pb/avr5/crtatmega328pb.o
 .debug_info    0x000008ea      0xb91 Common.o
 .debug_info    0x0000147b      0x394 i2c_twi.o
 .debug_info    0x0000180f      0x3c8 main.o
 .debug_info    0x00001bd7      0x464 MPU6050/gyro_math.o
 .debug_info    0x0000203b      0xa3e MPU6050/MPU6050.o
 .debug_info    0x00002a79      0x3a7 SBUS/Sbus.o
 .debug_info    0x00002e20      0x42a Timer/PWM_control.o
 .debug_info    0x0000324a      0x70b Timer/Timer.o
 .debug_info    0x00003955      0x2e7 Timer/Timer3.o
 .debug_info    0x00003c3c      0x240 Timer/Timer4.o
 .debug_info    0x00003e7c      0x732 twi_buf_pos.o
 .debug_info    0x000045ae      0x8b0 Uart/RecieveCommands.o
 .debug_info    0x00004e5e      0x5e8 Uart/Uart.o
 .debug_info    0x00005446      0x177 Uart/Uart_HW.o
 .debug_info    0x000055bd       0xae D:/Atmel/Atmel Studio 7.1/7.0/Packs/atmel/ATmega_DFP/1.2.150/gcc/dev/atmega328pb/avr5\libatmega328pb.a(eerd_block.o)
 .debug_info    0x0000566b       0xae D:/Atmel/Atmel Studio 7.1/7.0/Packs/atmel/ATmega_DFP/1.2.150/gcc/dev/atmega328pb/avr5\libatmega328pb.a(eewr_block.o)
 .debug_info    0x00005719       0xad D:/Atmel/Atmel Studio 7.1/7.0/Packs/atmel/ATmega_DFP/1.2.150/gcc/dev/atmega328pb/avr5\libatmega328pb.a(eewr_byte.o)

.debug_abbrev   0x00000000     0x1fde
 *(.debug_abbrev)
 .debug_abbrev  0x00000000      0x86e D:/Atmel/Atmel Studio 7.1/7.0/Packs/atmel/ATmega_DFP/1.2.150/gcc/dev/atmega328pb/avr5/crtatmega328pb.o
 .debug_abbrev  0x0000086e      0x271 Common.o
 .debug_abbrev  0x00000adf      0x12f i2c_twi.o
 .debug_abbrev  0x00000c0e      0x19c main.o
 .debug_abbrev  0x00000daa      0x194 MPU6050/gyro_math.o
 .debug_abbrev  0x00000f3e      0x225 MPU6050/MPU6050.o
 .debug_abbrev  0x00001163      0x147 SBUS/Sbus.o
 .debug_abbrev  0x000012aa      0x130 Timer/PWM_control.o
 .debug_abbrev  0x000013da      0x1d4 Timer/Timer.o
 .debug_abbrev  0x000015ae      0x145 Timer/Timer3.o
 .debug_abbrev  0x000016f3      0x131 Timer/Timer4.o
 .debug_abbrev  0x00001824      0x28d twi_buf_pos.o
 .debug_abbrev  0x00001ab1      0x24b Uart/RecieveCommands.o
 .debug_abbrev  0x00001cfc      0x1b3 Uart/Uart.o
 .debug_abbrev  0x00001eaf       0xf3 Uart/Uart_HW.o
 .debug_abbrev  0x00001fa2       0x14 D:/Atmel/Atmel Studio 7.1/7.0/Packs/atmel/ATmega_DFP/1.2.150/gcc/dev/atmega328pb/avr5\libatmega328pb.a(eerd_block.o)
 .debug_abbrev  0x00001fb6       0x14 D:/Atmel/Atmel Studio 7.1/7.0/Packs/atmel/ATmega_DFP/1.2.150/gcc/dev/atmega328pb/avr5\libatmega328pb.a(eewr_block.o)
 .debug_abbrev  0x00001fca       0x14 D:/Atmel/Atmel Studio 7.1/7.0/Packs/atmel/ATmega_DFP/1.2.150/gcc/dev/atmega328pb/avr5\libatmega328pb.a(eewr_byte.o)

.debug_line     0x00000000     0x296a
 *(.debug_line .debug_line.* .debug_line_end)
 .debug_line    0x00000000      0x1a5 D:/Atmel/Atmel Studio 7.1/7.0/Packs/atmel/ATmega_DFP/1.2.150/gcc/dev/atmega328pb/avr5/crtatmega328pb.o
 .debug_line    0x000001a5      0x60d Common.o
 .debug_line    0x000007b2      0x255 i2c_twi.o
 .debug_line    0x00000a07      0x1ff main.o
 .debug_line    0x00000c06      0x195 MPU6050/gyro_math.o
 .debug_line    0x00000d9b      0x3e6 MPU6050/MPU6050.o
 .debug_line    0x00001181      0x26a SBUS/Sbus.o
 .debug_line    0x000013eb      0x151 Timer/PWM_control.o
 .debug_line    0x0000153c      0x2e4 Timer/Timer.o
 .debug_line    0x00001820      0x156 Timer/Timer3.o
 .debug_line    0x00001976      0x10e Timer/Timer4.o
 .debug_line    0x00001a84      0x48a twi_buf_pos.o
 .debug_line    0x00001f0e      0x355 Uart/RecieveCommands.o
 .debug_line    0x00002263      0x3e3 Uart/Uart.o
 .debug_line    0x00002646      0x15b Uart/Uart_HW.o
 .debug_line    0x000027a1       0xab D:/Atmel/Atmel Studio 7.1/7.0/Packs/atmel/ATmega_DFP/1.2.150/gcc/dev/atmega328pb/avr5\libatmega328pb.a(eerd_block.o)
 .debug_line    0x0000284c       0x80 D:/Atmel/Atmel Studio 7.1/7.0/Packs/atmel/ATmega_DFP/1.2.150/gcc/dev/atmega328pb/avr5\libatmega328pb.a(eewr_block.o)
 .debug_line    0x000028cc       0x9e D:/Atmel/Atmel Studio 7.1/7.0/Packs/atmel/ATmega_DFP/1.2.150/gcc/dev/atmega328pb/avr5\libatmega328pb.a(eewr_byte.o)

.debug_frame    0x00000000      0xd3c
 *(.debug_frame)
 .debug_frame   0x00000000      0x2d4 Common.o
 .debug_frame   0x000002d4       0xf0 i2c_twi.o
 .debug_frame   0x000003c4       0x24 main.o
 .debug_frame   0x000003e8      0x144 MPU6050/gyro_math.o
 .debug_frame   0x0000052c       0xec MPU6050/MPU6050.o
 .debug_frame   0x00000618       0x80 SBUS/Sbus.o
 .debug_frame   0x00000698       0x24 Timer/PWM_control.o
 .debug_frame   0x000006bc      0x10c Timer/Timer.o
 .debug_frame   0x000007c8       0xa0 Timer/Timer3.o
 .debug_frame   0x00000868       0x68 Timer/Timer4.o
 .debug_frame   0x000008d0      0x13c twi_buf_pos.o
 .debug_frame   0x00000a0c       0xec Uart/RecieveCommands.o
 .debug_frame   0x00000af8      0x178 Uart/Uart.o
 .debug_frame   0x00000c70       0xcc Uart/Uart_HW.o

.debug_str      0x00000000     0x10d3
 *(.debug_str)
 .debug_str     0x00000000      0x318 D:/Atmel/Atmel Studio 7.1/7.0/Packs/atmel/ATmega_DFP/1.2.150/gcc/dev/atmega328pb/avr5/crtatmega328pb.o
 .debug_str     0x00000318      0x572 Common.o
                                0x5fb (size before relaxing)
 .debug_str     0x0000088a       0x72 i2c_twi.o
                                0x1c6 (size before relaxing)
 .debug_str     0x000008fc       0xe8 main.o
                                0x2eb (size before relaxing)
 .debug_str     0x000009e4       0xcb MPU6050/gyro_math.o
                                0x2fb (size before relaxing)
 .debug_str     0x00000aaf       0x85 MPU6050/MPU6050.o
                                0x33c (size before relaxing)
 .debug_str     0x00000b34       0xc8 SBUS/Sbus.o
                                0x2e6 (size before relaxing)
 .debug_str     0x00000bfc       0x54 Timer/PWM_control.o
                                0x310 (size before relaxing)
 .debug_str     0x00000c50       0xaf Timer/Timer.o
                                0x3f0 (size before relaxing)
 .debug_str     0x00000cff       0x50 Timer/Timer3.o
                                0x2ac (size before relaxing)
 .debug_str     0x00000d4f       0x31 Timer/Timer4.o
                                0x24c (size before relaxing)
 .debug_str     0x00000d80      0x194 twi_buf_pos.o
                                0x348 (size before relaxing)
 .debug_str     0x00000f14       0xeb Uart/RecieveCommands.o
                                0x3e8 (size before relaxing)
 .debug_str     0x00000fff       0x94 Uart/Uart.o
                                0x285 (size before relaxing)
 .debug_str     0x00001093       0x40 Uart/Uart_HW.o
                                0x1e8 (size before relaxing)

.debug_loc      0x00000000     0x3df6
 *(.debug_loc)
 .debug_loc     0x00000000      0xe7a Common.o
 .debug_loc     0x00000e7a      0x4d6 i2c_twi.o
 .debug_loc     0x00001350       0x89 main.o
 .debug_loc     0x000013d9      0x7f7 MPU6050/gyro_math.o
 .debug_loc     0x00001bd0      0x9d7 MPU6050/MPU6050.o
 .debug_loc     0x000025a7      0x14a SBUS/Sbus.o
 .debug_loc     0x000026f1      0x1bd Timer/Timer.o
 .debug_loc     0x000028ae      0x114 Timer/Timer3.o
 .debug_loc     0x000029c2       0xa2 Timer/Timer4.o
 .debug_loc     0x00002a64      0x599 twi_buf_pos.o
 .debug_loc     0x00002ffd      0x386 Uart/RecieveCommands.o
 .debug_loc     0x00003383      0x926 Uart/Uart.o
 .debug_loc     0x00003ca9      0x14d Uart/Uart_HW.o

.debug_macinfo
 *(.debug_macinfo)

.debug_weaknames
 *(.debug_weaknames)

.debug_funcnames
 *(.debug_funcnames)

.debug_typenames
 *(.debug_typenames)

.debug_varnames
 *(.debug_varnames)

.debug_pubtypes
 *(.debug_pubtypes)

.debug_ranges   0x00000000      0x3c0
 *(.debug_ranges)
 .debug_ranges  0x00000000       0xa0 Common.o
 .debug_ranges  0x000000a0       0x48 i2c_twi.o
 .debug_ranges  0x000000e8       0x10 main.o
 .debug_ranges  0x000000f8       0x28 MPU6050/gyro_math.o
 .debug_ranges  0x00000120       0x38 MPU6050/MPU6050.o
 .debug_ranges  0x00000158       0x40 SBUS/Sbus.o
 .debug_ranges  0x00000198       0x10 Timer/PWM_control.o
 .debug_ranges  0x000001a8       0x48 Timer/Timer.o
 .debug_ranges  0x000001f0       0x20 Timer/Timer3.o
 .debug_ranges  0x00000210       0x20 Timer/Timer4.o
 .debug_ranges  0x00000230       0x70 twi_buf_pos.o
 .debug_ranges  0x000002a0       0x38 Uart/RecieveCommands.o
 .debug_ranges  0x000002d8       0xb8 Uart/Uart.o
 .debug_ranges  0x00000390       0x30 Uart/Uart_HW.o

.debug_macro
 *(.debug_macro)
OUTPUT(Flight assistant.elf elf32-avr)
LOAD linker stubs
